178.154.200.135 - - [01/Sep/2020:03:58:48 +0300] "GET /bitrix/tools/captcha.php?captcha_sid=0f22ceb00ccb2340a8dfa2d24e15aa3d HTTP/1.0" 200 4015 "-" "Mozilla/5.0 (compatible; YandexImages/3.0; +http://yandex.com/bots)"
178.154.200.154 - - [01/Sep/2020:03:58:49 +0300] "GET /bitrix/tools/captcha.php?captcha_sid=0090c604f6bd4ff9546ef1bb85f4ee05 HTTP/1.0" 200 3954 "-" "Mozilla/5.0 (compatible; YandexBot/3.0; +http://yandex.com/bots)"
178.154.200.135 - - [01/Sep/2020:03:58:50 +0300] "GET /catalog/list2032.htm HTTP/1.0" 200 42226 "-" "Mozilla/5.0 (compatible; YandexBot/3.0; +http://yandex.com/bots)"
216.18.204.141 - - [01/Sep/2020:03:58:56 +0300] "GET /catalog/list2566.htm HTTP/1.0" 200 24942 "http://sovdom.com/" "Mozilla/5.0 (compatible; Adsbot/3.1)"
216.18.204.141 - - [01/Sep/2020:03:59:13 +0300] "GET /catalog/list2567.htm HTTP/1.0" 200 22345 "http://sovdom.com/" "Mozilla/5.0 (compatible; Adsbot/3.1)"
216.18.204.141 - - [01/Sep/2020:03:59:34 +0300] "GET /catalog/list2568.htm HTTP/1.0" 200 22710 "http://sovdom.com/" "Mozilla/5.0 (compatible; Adsbot/3.1)"
178.154.200.135 - - [01/Sep/2020:03:59:40 +0300] "GET /bitrix/tools/captcha.php?captcha_sid=06aaad5992b79c06b6447ee0cdf9c5e5 HTTP/1.0" 200 3906 "-" "Mozilla/5.0 (compatible; YandexImages/3.0; +http://yandex.com/bots)"
178.154.200.135 - - [01/Sep/2020:04:00:01 +0300] "GET /bitrix/tools/captcha.php?captcha_sid=018edf94a30e698c06a5e1eecc56bd40 HTTP/1.0" 200 3895 "-" "Mozilla/5.0 (compatible; YandexImages/3.0; +http://yandex.com/bots)"
216.18.204.141 - - [01/Sep/2020:04:00:01 +0300] "GET /catalog/list2570.htm HTTP/1.0" 200 20245 "http://sovdom.com/" "Mozilla/5.0 (compatible; Adsbot/3.1)"
216.18.204.141 - - [01/Sep/2020:04:00:23 +0300] "GET /catalog/list2571.htm HTTP/1.0" 200 20295 "http://sovdom.com/" "Mozilla/5.0 (compatible; Adsbot/3.1)"
178.154.200.135 - - [01/Sep/2020:04:01:24 +0300] "GET /catalog/list2457.htm HTTP/1.0" 200 20310 "-" "Mozilla/5.0 (compatible; YandexBot/3.0; +http://yandex.com/bots)"
178.154.200.135 - - [01/Sep/2020:04:03:43 +0300] "GET /bitrix/tools/captcha.php?captcha_sid=0cb5560576293fdc68aa6f0a5af4a6f1 HTTP/1.0" 200 4003 "-" "Mozilla/5.0 (compatible; YandexImages/3.0; +http://yandex.com/bots)"
178.154.200.135 - - [01/Sep/2020:04:03:43 +0300] "GET /bitrix/tools/captcha.php?captcha_sid=038b7e865e9f4649a9266aa33331294f HTTP/1.0" 200 3875 "-" "Mozilla/5.0 (compatible; YandexImages/3.0; +http://yandex.com/bots)"
178.154.200.154 - - [01/Sep/2020:04:03:44 +0300] "GET /bitrix/tools/captcha.php?captcha_sid=09f7fec3b8fa0603a7d3c9b86a9a98e2 HTTP/1.0" 200 3921 "-" "Mozilla/5.0 (compatible; YandexImages/3.0; +http://yandex.com/bots)"
178.154.200.135 - - [01/Sep/2020:04:03:46 +0300] "GET /bitrix/tools/captcha.php?captcha_sid=0cda7fc9ad4df1442af5fdbf335da154 HTTP/1.0" 200 3910 "-" "Mozilla/5.0 (compatible; YandexImages/3.0; +http://yandex.com/bots)"
178.154.200.135 - - [01/Sep/2020:04:04:08 +0300] "GET /bitrix/tools/captcha.php?captcha_sid=01180b5e25695e4998c778fd1044744f HTTP/1.0" 200 3845 "-" "Mozilla/5.0 (compatible; YandexBot/3.0; +http://yandex.com/bots)"
178.154.200.135 - - [01/Sep/2020:04:04:19 +0300] "GET /catalog/index2569.htm HTTP/1.0" 200 20291 "-" "Mozilla/5.0 (compatible; YandexBot/3.0; +http://yandex.com/bots)"
176.59.36.202 - - [01/Sep/2020:04:04:39 +0300] "GET / HTTP/1.0" 200 5957 "-" "Mozilla/5.0 (Linux; Android 7.1.1; SM-J510FN Build/NMF26X; wv) AppleWebKit/537.36 (KHTML, like Gecko) Version/4.0 Chrome/66.0.3359.158 Mobile Safari/537.36 YandexSearch/6.45"
176.59.36.202 - - [01/Sep/2020:04:04:46 +0300] "GET /images/image.php?id=121579&pic=articles_index HTTP/1.0" 200 2185 "http://sovdom.com/" "Mozilla/5.0 (Linux; Android 7.1.1; SM-J510FN Build/NMF26X; wv) AppleWebKit/537.36 (KHTML, like Gecko) Version/4.0 Chrome/66.0.3359.158 Mobile Safari/537.36 YandexSearch/6.45"
176.59.36.202 - - [01/Sep/2020:04:04:47 +0300] "GET /images/image.php?id=120209&pic=articles_index HTTP/1.0" 200 4026 "http://sovdom.com/" "Mozilla/5.0 (Linux; Android 7.1.1; SM-J510FN Build/NMF26X; wv) AppleWebKit/537.36 (KHTML, like Gecko) Version/4.0 Chrome/66.0.3359.158 Mobile Safari/537.36 YandexSearch/6.45"
176.59.36.202 - - [01/Sep/2020:04:04:48 +0300] "GET /images/image.php?id=119164&pic=articles_index HTTP/1.0" 200 2185 "http://sovdom.com/" "Mozilla/5.0 (Linux; Android 7.1.1; SM-J510FN Build/NMF26X; wv) AppleWebKit/537.36 (KHTML, like Gecko) Version/4.0 Chrome/66.0.3359.158 Mobile Safari/537.36 YandexSearch/6.45"
176.59.36.202 - - [01/Sep/2020:04:04:52 +0300] "GET /upload/iblock/0ea/mebel.png HTTP/1.0" 404 4357 "http://sovdom.com/" "Mozilla/5.0 (Linux; Android 7.1.1; SM-J510FN Build/NMF26X; wv) AppleWebKit/537.36 (KHTML, like Gecko) Version/4.0 Chrome/66.0.3359.158 Mobile Safari/537.36 YandexSearch/6.45"
176.59.36.202 - - [01/Sep/2020:04:04:54 +0300] "GET /upload/iblock/367/5.png HTTP/1.0" 404 4354 "http://sovdom.com/" "Mozilla/5.0 (Linux; Android 7.1.1; SM-J510FN Build/NMF26X; wv) AppleWebKit/537.36 (KHTML, like Gecko) Version/4.0 Chrome/66.0.3359.158 Mobile Safari/537.36 YandexSearch/6.45"
178.154.200.135 - - [01/Sep/2020:04:05:09 +0300] "GET /bitrix/tools/captcha.php?captcha_sid=053aed097aa296ac5cd8f26d592b3239 HTTP/1.0" 200 3903 "-" "Mozilla/5.0 (compatible; YandexImages/3.0; +http://yandex.com/bots)"
95.163.255.35 - - [01/Sep/2020:04:08:15 +0300] "GET /robots.txt HTTP/1.0" 200 4301 "-" "Mozilla/5.0 (compatible; Linux x86_64; Mail.RU_Bot/2.0; +http://go.mail.ru/help/robots)"
95.163.255.34 - - [01/Sep/2020:04:08:23 +0300] "GET /catalog/list2477.htm HTTP/1.0" 200 38159 "-" "Mozilla/5.0 (compatible; Linux x86_64; Mail.RU_Bot/2.0; +http://go.mail.ru/help/robots)"
95.163.255.37 - - [01/Sep/2020:04:08:29 +0300] "GET /catalog/list2480.htm HTTP/1.0" 200 27395 "-" "Mozilla/5.0 (compatible; Linux x86_64; Mail.RU_Bot/2.0; +http://go.mail.ru/help/robots)"
95.163.255.32 - - [01/Sep/2020:04:08:34 +0300] "GET /catalog/list2490.htm HTTP/1.0" 200 27579 "-" "Mozilla/5.0 (compatible; Linux x86_64; Mail.RU_Bot/2.0; +http://go.mail.ru/help/robots)"
95.163.255.37 - - [01/Sep/2020:04:10:00 +0300] "GET /catalog/list2489.htm HTTP/1.0" 200 24227 "-" "Mozilla/5.0 (compatible; Linux x86_64; Mail.RU_Bot/2.0; +http://go.mail.ru/help/robots)"
178.154.200.135 - - [01/Sep/2020:04:10:15 +0300] "GET /bitrix/tools/captcha.php?captcha_sid=0a6acd603590bee5dd8fd618b6d1d9c0 HTTP/1.0" 200 4012 "-" "Mozilla/5.0 (compatible; YandexImages/3.0; +http://yandex.com/bots)"
95.163.36.13 - - [01/Sep/2020:04:10:16 +0300] "GET /sitemap_files.xml HTTP/1.0" 304 - "-" "Mozilla/5.0 (compatible; Linux x86_64; Mail.RU_Bot/Fast/2.0; +http://go.mail.ru/help/robots)"
95.163.36.5 - - [01/Sep/2020:04:10:35 +0300] "GET /sitemap_iblock_11.xml HTTP/1.0" 304 - "-" "Mozilla/5.0 (compatible; Linux x86_64; Mail.RU_Bot/Fast/2.0; +http://go.mail.ru/help/robots)"
95.163.36.5 - - [01/Sep/2020:04:10:42 +0300] "GET /sitemap_iblock_10.xml HTTP/1.0" 304 - "-" "Mozilla/5.0 (compatible; Linux x86_64; Mail.RU_Bot/Fast/2.0; +http://go.mail.ru/help/robots)"
95.163.36.8 - - [01/Sep/2020:04:10:49 +0300] "GET /sitemap_iblock_12.xml HTTP/1.0" 304 - "-" "Mozilla/5.0 (compatible; Linux x86_64; Mail.RU_Bot/Fast/2.0; +http://go.mail.ru/help/robots)"
95.163.36.15 - - [01/Sep/2020:04:10:54 +0300] "GET /sitemap_iblock_8.xml HTTP/1.0" 304 - "-" "Mozilla/5.0 (compatible; Linux x86_64; Mail.RU_Bot/Fast/2.0; +http://go.mail.ru/help/robots)"
178.154.200.135 - - [01/Sep/2020:04:11:07 +0300] "GET /bitrix/tools/captcha.php?captcha_sid=0e0cb4c2ea5e5cc173287908a6b3bf59 HTTP/1.0" 200 3994 "-" "Mozilla/5.0 (compatible; YandexImages/3.0; +http://yandex.com/bots)"
178.154.200.135 - - [01/Sep/2020:04:13:25 +0300] "GET /catalog/list2036.htm?SECTION_ID=2036&PAGEN_343=8 HTTP/1.0" 200 35616 "-" "Mozilla/5.0 (compatible; YandexBot/3.0; +http://yandex.com/bots)"
178.154.200.135 - - [01/Sep/2020:04:13:33 +0300] "GET /catalog/list2036.htm?SECTION_ID=2036&PAGEN_343=6 HTTP/1.0" 200 41392 "-" "Mozilla/5.0 (compatible; YandexBot/3.0; +http://yandex.com/bots)"
13.57.232.70 - - [01/Sep/2020:04:16:20 +0300] "GET /.well-known/security.txt HTTP/1.0" 404 18806 "-" "Mozilla/5.0 (Macintosh; Intel Mac OS X 10_11_5) AppleWebKit/537.36 (KHTML, like Gecko) Chrome/50.0.2661.102 Safari/537.36"
13.57.232.70 - - [01/Sep/2020:04:16:29 +0300] "GET /security.txt HTTP/1.0" 404 78051 "-" "Mozilla/5.0 (Macintosh; Intel Mac OS X 10_11_5) AppleWebKit/537.36 (KHTML, like Gecko) Chrome/50.0.2661.102 Safari/537.36"
13.57.232.70 - - [01/Sep/2020:04:16:38 +0300] "GET / HTTP/1.0" 200 79620 "-" "Mozilla/5.0 (Macintosh; Intel Mac OS X 10_11_5) AppleWebKit/537.36 (KHTML, like Gecko) Chrome/50.0.2661.102 Safari/537.36"
178.137.165.245 - - [01/Sep/2020:04:17:35 +0300] "GET / HTTP/1.0" 200 1711674 "https://hanna-instruments.ru/" "Mozilla/4.76 [en] (Windows NT 5.0; U)"
178.137.165.245 - - [01/Sep/2020:04:17:35 +0300] "GET / HTTP/1.0" 200 1711677 "https://arendakabinetov.ru/" "Mozilla/4.0 (compatible; MSIE 6.0; Windows NT 5.1; SV1; .NET CLR 1.1.4322) NS8/0.9.6"
178.137.165.245 - - [01/Sep/2020:04:17:35 +0300] "GET / HTTP/1.0" 200 1711674 "https://hanna-instruments.ru/" "Mozilla/4.76 [en] (Windows NT 5.0; U)"
178.137.165.245 - - [01/Sep/2020:04:17:35 +0300] "GET / HTTP/1.0" 200 1711677 "https://arendakabinetov.ru/" "Mozilla/4.0 (compatible; MSIE 6.0; Windows NT 5.1; SV1; .NET CLR 1.1.4322) NS8/0.9.6"
178.137.165.245 - - [01/Sep/2020:04:17:36 +0300] "GET / HTTP/1.0" 200 1711674 "https://hanna-instruments.ru/" "Mozilla/4.76 [en] (Windows NT 5.0; U)"
178.137.165.245 - - [01/Sep/2020:04:17:36 +0300] "GET / HTTP/1.0" 200 1711677 "https://arendakabinetov.ru/" "Mozilla/4.0 (compatible; MSIE 6.0; Windows NT 5.1; SV1; .NET CLR 1.1.4322) NS8/0.9.6"
95.163.36.4 - - [01/Sep/2020:04:19:11 +0300] "GET /sitemap_iblock_8.xml HTTP/1.0" 304 - "-" "Mozilla/5.0 (compatible; Linux x86_64; Mail.RU_Bot/Fast/2.0; +http://go.mail.ru/help/robots)"
178.154.200.44 - - [01/Sep/2020:04:19:13 +0300] "GET / HTTP/1.0" 301 306 "-" "Mozilla/5.0 (compatible; YandexMetrika/2.0; +http://yandex.com/bots yabs01)"
178.154.200.154 - - [01/Sep/2020:04:19:14 +0300] "GET / HTTP/1.0" 200 79616 "-" "Mozilla/5.0 (compatible; YandexMetrika/2.0; +http://yandex.com/bots yabs01)"
95.163.36.8 - - [01/Sep/2020:04:19:22 +0300] "GET /sitemap_files.xml HTTP/1.0" 304 - "-" "Mozilla/5.0 (compatible; Linux x86_64; Mail.RU_Bot/Fast/2.0; +http://go.mail.ru/help/robots)"
95.163.36.8 - - [01/Sep/2020:04:19:34 +0300] "GET /sitemap_iblock_11.xml HTTP/1.0" 304 - "-" "Mozilla/5.0 (compatible; Linux x86_64; Mail.RU_Bot/Fast/2.0; +http://go.mail.ru/help/robots)"
95.163.36.13 - - [01/Sep/2020:04:19:42 +0300] "GET /sitemap_iblock_12.xml HTTP/1.0" 304 - "-" "Mozilla/5.0 (compatible; Linux x86_64; Mail.RU_Bot/Fast/2.0; +http://go.mail.ru/help/robots)"
95.163.36.4 - - [01/Sep/2020:04:19:47 +0300] "GET /sitemap_iblock_10.xml HTTP/1.0" 304 - "-" "Mozilla/5.0 (compatible; Linux x86_64; Mail.RU_Bot/Fast/2.0; +http://go.mail.ru/help/robots)"
40.77.167.147 - - [01/Sep/2020:04:20:22 +0300] "GET /sitemap.xml HTTP/1.0" 200 679 "-" "Mozilla/5.0 (compatible; bingbot/2.0; +http://www.bing.com/bingbot.htm)"
178.154.200.135 - - [01/Sep/2020:04:22:23 +0300] "GET /catalog/detail.php?ID=340792 HTTP/1.0" 200 20995 "-" "Mozilla/5.0 (compatible; YandexBot/3.0; +http://yandex.com/bots)"
54.189.50.36 - - [01/Sep/2020:04:25:37 +0300] "GET /.well-known/security.txt HTTP/1.0" 404 18810 "-" "Mozilla/5.0 (Macintosh; Intel Mac OS X 10_11_5) AppleWebKit/537.36 (KHTML, like Gecko) Chrome/50.0.2661.102 Safari/537.36"
54.189.50.36 - - [01/Sep/2020:04:25:47 +0300] "GET /security.txt HTTP/1.0" 404 78057 "-" "Mozilla/5.0 (Macintosh; Intel Mac OS X 10_11_5) AppleWebKit/537.36 (KHTML, like Gecko) Chrome/50.0.2661.102 Safari/537.36"
54.189.50.36 - - [01/Sep/2020:04:25:57 +0300] "GET / HTTP/1.0" 200 79617 "-" "Mozilla/5.0 (Macintosh; Intel Mac OS X 10_11_5) AppleWebKit/537.36 (KHTML, like Gecko) Chrome/50.0.2661.102 Safari/537.36"
114.119.167.216 - - [01/Sep/2020:04:28:59 +0300] "GET /catalog/index2500.htm HTTP/1.0" 200 4870 "-" "Mozilla/5.0 (Linux; Android 7.0;) AppleWebKit/537.36 (KHTML, like Gecko) Mobile Safari/537.36 (compatible; PetalBot;+http://aspiegel.com/petalbot)"
5.45.207.96 - - [01/Sep/2020:04:31:11 +0300] "GET / HTTP/1.0" 200 79613 "-" "Mozilla/5.0 (compatible; YandexBot/3.0; +http://yandex.com/bots) AppleWebKit/537.36 (KHTML, like Gecko) Chrome/51.0.2704.106"
66.249.76.142 - - [01/Sep/2020:04:31:30 +0300] "GET /catalog/list2148.htm HTTP/1.0" 200 10105 "-" "Mozilla/5.0 (Linux; Android 6.0.1; Nexus 5X Build/MMB29P) AppleWebKit/537.36 (KHTML, like Gecko) Chrome/80.0.3987.92 Mobile Safari/537.36 (compatible; Googlebot/2.1; +http://www.google.com/bot.html)"
95.163.36.14 - - [01/Sep/2020:04:38:24 +0300] "GET /sitemap_iblock_11.xml HTTP/1.0" 304 - "-" "Mozilla/5.0 (compatible; Linux x86_64; Mail.RU_Bot/Fast/2.0; +http://go.mail.ru/help/robots)"
95.163.36.4 - - [01/Sep/2020:04:38:27 +0300] "GET /sitemap_iblock_10.xml HTTP/1.0" 304 - "-" "Mozilla/5.0 (compatible; Linux x86_64; Mail.RU_Bot/Fast/2.0; +http://go.mail.ru/help/robots)"
95.163.36.7 - - [01/Sep/2020:04:38:30 +0300] "GET /sitemap_iblock_8.xml HTTP/1.0" 304 - "-" "Mozilla/5.0 (compatible; Linux x86_64; Mail.RU_Bot/Fast/2.0; +http://go.mail.ru/help/robots)"
95.163.36.8 - - [01/Sep/2020:04:38:35 +0300] "GET /sitemap_iblock_12.xml HTTP/1.0" 304 - "-" "Mozilla/5.0 (compatible; Linux x86_64; Mail.RU_Bot/Fast/2.0; +http://go.mail.ru/help/robots)"
95.163.36.15 - - [01/Sep/2020:04:38:43 +0300] "GET /sitemap_files.xml HTTP/1.0" 304 - "-" "Mozilla/5.0 (compatible; Linux x86_64; Mail.RU_Bot/Fast/2.0; +http://go.mail.ru/help/robots)"
178.154.200.135 - - [01/Sep/2020:04:39:06 +0300] "GET /catalog/detail.php?ID=338580 HTTP/1.0" 200 25798 "-" "Mozilla/5.0 (compatible; YandexBot/3.0; +http://yandex.com/bots)"
178.154.200.135 - - [01/Sep/2020:04:39:23 +0300] "GET /bitrix/tools/captcha.php?captcha_sid=047486dd026335351a60e1bf9eff8d6d HTTP/1.0" 200 3882 "-" "Mozilla/5.0 (compatible; YandexImages/3.0; +http://yandex.com/bots)"
66.249.76.144 - - [01/Sep/2020:04:42:53 +0300] "GET /catalog/ HTTP/1.0" 200 19587 "-" "Mozilla/5.0 (compatible; Googlebot/2.1; +http://www.google.com/bot.html)"
176.227.156.82 - - [01/Sep/2020:04:45:10 +0300] "GET /catalog/list2158.htm HTTP/1.0" 200 34478 "-" "Mozilla/5.0 (Windows NT 8.1) AppleWebKit/535.18.25 (KHTML, like Gecko) Chrome/53.0.2748.37 Safari/535.18.25"
222.129.37.136 - - [01/Sep/2020:04:45:11 +0300] "GET /catalog/list2064.htm HTTP/1.0" 200 41682 "-" "Mozilla/5.0 (Macintosh; Intel Mac OS X 10_9_5) AppleWebKit/537.36 (KHTML, like Gecko) Chrome/49.0.2587.3 Safari/537.36"
113.190.156.169 - - [01/Sep/2020:04:45:11 +0300] "GET /catalog/list2183.htm HTTP/1.0" 200 43098 "-" "Mozilla/5.0 (X11; OpenBSD amd64) AppleWebKit/537.36 (KHTML, like Gecko) Chrome/55.0.2883 Safari/537.36"
171.35.142.196 - - [01/Sep/2020:04:45:16 +0300] "GET /catalog/list2165.htm HTTP/1.0" 200 25823 "-" "Mozilla/5.0 (Macintosh; Intel Mac OS X 10_10_5) AppleWebKit/537.36 (KHTML, like Gecko) Chrome/57.0.2987.133 Safari/537.36 OPR/44.0.2510.1218"
152.243.23.144 - - [01/Sep/2020:04:45:20 +0300] "GET /catalog/list2159.htm HTTP/1.0" 200 34564 "-" "Mozilla/5.0 (X11; Linux x86_64) AppleWebKit/537.36 (KHTML, like Gecko) Version/4.0 Chrome/60.0.3112.116 Safari/537.36"
121.42.138.98 - - [01/Sep/2020:04:45:21 +0300] "GET /catalog/list2454.htm HTTP/1.0" 200 39287 "-" "Mozilla/5.0 (Windows NT 6.1; WOW64) AppleWebKit/537.36 (KHTML, like Gecko) Chrome/52.0.2743.116 Whale/0.7.29.5 Safari/537.36"
40.77.167.97 - - [01/Sep/2020:04:45:34 +0300] "GET /bitrix/tools/captcha.php?captcha_sid=0254df3a08b4e7958486081ade272a6a HTTP/1.0" 200 4064 "-" "Mozilla/5.0 (compatible; bingbot/2.0; +http://www.bing.com/bingbot.htm)"
156.194.126.0 - - [01/Sep/2020:04:45:44 +0300] "GET /catalog/list2147.htm HTTP/1.0" 200 31257 "-" "Mozilla/5.0 (Windows NT 10.0; WOW64) AppleWebKit/535.27.80 (KHTML, like Gecko) Chrome/54.8.3841.8113 Safari/531.97"
196.251.234.106 - - [01/Sep/2020:04:45:46 +0300] "GET /catalog/list2029.htm HTTP/1.0" 200 40916 "-" "Mozilla/5.0 (Windows NT 6.3; WOW64) AppleWebKit/537.36 (KHTML, like Gecko) Chrome/48.0.2535.0 Safari/537.36"
177.74.117.158 - - [01/Sep/2020:04:45:45 +0300] "GET /catalog/list2143.htm HTTP/1.0" 200 37887 "-" "Mozilla/5.0 (Windows NT 6.1; Win64; x64; rv:10.0) Gecko/20100101 Firefox/54.0"
176.227.156.82 - - [01/Sep/2020:04:45:50 +0300] "GET /catalog/list2160.htm HTTP/1.0" 200 41473 "http://sovdom.com/catalog/list2158.htm" "Mozilla/5.0 (Windows NT 8.1) AppleWebKit/535.18.25 (KHTML, like Gecko) Chrome/53.0.2748.37 Safari/535.18.25"
113.190.156.169 - - [01/Sep/2020:04:45:56 +0300] "GET /catalog/list2140.htm HTTP/1.0" 200 25411 "http://sovdom.com/catalog/list2183.htm" "Mozilla/5.0 (X11; OpenBSD amd64) AppleWebKit/537.36 (KHTML, like Gecko) Chrome/55.0.2883 Safari/537.36"
2.95.201.103 - - [01/Sep/2020:04:45:57 +0300] "GET /catalog/list2162.htm HTTP/1.0" 200 39842 "-" "Mozilla/5.0 (Windows NT 6.2) AppleWebKit/537.36 (KHTML, like Gecko) Chrome/60.0.3112.90 Safari/537.36 OPR/47.0.2631.71"
222.129.37.136 - - [01/Sep/2020:04:45:58 +0300] "GET /catalog/list2118.htm HTTP/1.0" 200 38758 "http://sovdom.com/catalog/list2064.htm" "Mozilla/5.0 (Macintosh; Intel Mac OS X 10_9_5) AppleWebKit/537.36 (KHTML, like Gecko) Chrome/49.0.2587.3 Safari/537.36"
171.35.142.196 - - [01/Sep/2020:04:45:59 +0300] "GET /catalog/list2132.htm HTTP/1.0" 200 37111 "http://sovdom.com/catalog/list2165.htm" "Mozilla/5.0 (Macintosh; Intel Mac OS X 10_10_5) AppleWebKit/537.36 (KHTML, like Gecko) Chrome/57.0.2987.133 Safari/537.36 OPR/44.0.2510.1218"
121.42.138.98 - - [01/Sep/2020:04:46:04 +0300] "GET /catalog/list2311.htm HTTP/1.0" 200 18816 "http://sovdom.com/catalog/list2454.htm" "Mozilla/5.0 (Windows NT 6.1; WOW64) AppleWebKit/537.36 (KHTML, like Gecko) Chrome/52.0.2743.116 Whale/0.7.29.5 Safari/537.36"
114.36.102.107 - - [01/Sep/2020:04:46:06 +0300] "GET /catalog/list2033.htm HTTP/1.0" 200 28495 "-" "Mozilla/5.0 (Macintosh; Intel Mac OS X 10.10; rv:50.0) Gecko/20100101 Firefox/50.0"
182.245.210.118 - - [01/Sep/2020:04:46:09 +0300] "GET /catalog/list2105.htm HTTP/1.0" 200 27311 "-" "Mozilla/5.0 (Macintosh; Intel Mac OS X 10_11_1) AppleWebKit/537.36 (KHTML, like Gecko) Chrome/53.0.2785.101 Safari/537.36"
152.243.23.144 - - [01/Sep/2020:04:46:22 +0300] "GET /catalog/list2330.htm HTTP/1.0" 200 38610 "http://sovdom.com/catalog/list2159.htm" "Mozilla/5.0 (X11; Linux x86_64) AppleWebKit/537.36 (KHTML, like Gecko) Version/4.0 Chrome/60.0.3112.116 Safari/537.36"
27.153.142.18 - - [01/Sep/2020:04:46:26 +0300] "GET /catalog/list2279.htm HTTP/1.0" 200 20316 "-" "Mozilla/5.0 (Windows NT 6.1; Trident/7.0; rv:11.0) like Gecko"
27.153.142.18 - - [01/Sep/2020:04:46:27 +0300] "GET /bitrix/tools/captcha.php?captcha_sid=06fb58b6ab3603ac2f77c4f33c7d5951 HTTP/1.0" 200 3948 "http://sovdom.com/catalog/list2279.htm" "Mozilla/5.0 (Windows NT 6.1; Trident/7.0; rv:11.0) like Gecko"
27.153.142.18 - - [01/Sep/2020:04:46:28 +0300] "POST /personal/feedback/ HTTP/1.0" 200 6658 "http://sovdom.com/catalog/list2279.htm" "Mozilla/5.0 (Windows NT 6.1; Trident/7.0; rv:11.0) like Gecko"
27.153.142.18 - - [01/Sep/2020:04:46:29 +0300] "GET /catalog/list2279.htm HTTP/1.0" 200 20316 "-" "Mozilla/5.0 (Windows NT 6.1; Trident/7.0; rv:11.0) like Gecko"
196.251.234.106 - - [01/Sep/2020:04:46:35 +0300] "GET /catalog/list2064.htm?SECTION_ID=2064&PAGEN_343=4 HTTP/1.0" 200 36050 "http://sovdom.com/catalog/list2029.htm" "Mozilla/5.0 (Windows NT 6.3; WOW64) AppleWebKit/537.36 (KHTML, like Gecko) Chrome/48.0.2535.0 Safari/537.36"
176.227.156.82 - - [01/Sep/2020:04:46:45 +0300] "GET /catalog/list2033.htm HTTP/1.0" 200 28496 "http://sovdom.com/catalog/list2160.htm" "Mozilla/5.0 (Windows NT 8.1) AppleWebKit/535.18.25 (KHTML, like Gecko) Chrome/53.0.2748.37 Safari/535.18.25"
156.194.126.0 - - [01/Sep/2020:04:46:44 +0300] "GET /catalog/list2183.htm?SECTION_ID=2183&PAGEN_343=2 HTTP/1.0" 200 43461 "http://sovdom.com/catalog/list2147.htm" "Mozilla/5.0 (Windows NT 10.0; WOW64) AppleWebKit/535.27.80 (KHTML, like Gecko) Chrome/54.8.3841.8113 Safari/531.97"
222.129.37.136 - - [01/Sep/2020:04:46:51 +0300] "GET /catalog/list2183.htm?SECTION_ID=2183&PAGEN_343=5 HTTP/1.0" 200 36133 "http://sovdom.com/catalog/list2118.htm" "Mozilla/5.0 (Macintosh; Intel Mac OS X 10_9_5) AppleWebKit/537.36 (KHTML, like Gecko) Chrome/49.0.2587.3 Safari/537.36"
171.35.142.196 - - [01/Sep/2020:04:46:54 +0300] "GET /catalog/list2075.htm HTTP/1.0" 200 40676 "http://sovdom.com/catalog/list2132.htm" "Mozilla/5.0 (Macintosh; Intel Mac OS X 10_10_5) AppleWebKit/537.36 (KHTML, like Gecko) Chrome/57.0.2987.133 Safari/537.36 OPR/44.0.2510.1218"
177.74.117.158 - - [01/Sep/2020:04:46:56 +0300] "GET /catalog/list2183.htm?SECTION_ID=2183&PAGEN_343=3 HTTP/1.0" 200 43304 "http://sovdom.com/catalog/list2143.htm" "Mozilla/5.0 (Windows NT 6.1; Win64; x64; rv:10.0) Gecko/20100101 Firefox/54.0"
2.95.201.103 - - [01/Sep/2020:04:47:04 +0300] "GET /catalog/list2454.htm?SECTION_ID=2454&PAGEN_343=2 HTTP/1.0" 200 23277 "http://sovdom.com/catalog/list2162.htm" "Mozilla/5.0 (Windows NT 6.2) AppleWebKit/537.36 (KHTML, like Gecko) Chrome/60.0.3112.90 Safari/537.36 OPR/47.0.2631.71"
121.42.138.98 - - [01/Sep/2020:04:47:06 +0300] "GET /catalog/list2034.htm HTTP/1.0" 200 42699 "http://sovdom.com/catalog/list2311.htm" "Mozilla/5.0 (Windows NT 6.1; WOW64) AppleWebKit/537.36 (KHTML, like Gecko) Chrome/52.0.2743.116 Whale/0.7.29.5 Safari/537.36"
220.137.3.46 - - [01/Sep/2020:04:47:05 +0300] "GET /catalog/list2064.htm?SECTION_ID=2064&PAGEN_343=3 HTTP/1.0" 200 41508 "-" "Mozilla/5.0 (Windows NT 6.1; WOW64) AppleWebKit/537.36 (KHTML, like Gecko) Chrome/45.0.2454.85 Safari/537.36 OPR/51.0.2830.26"
152.243.23.144 - - [01/Sep/2020:04:47:13 +0300] "GET /catalog/list2029.htm?SECTION_ID=2029&PAGEN_343=3 HTTP/1.0" 200 25281 "http://sovdom.com/catalog/list2330.htm" "Mozilla/5.0 (X11; Linux x86_64) AppleWebKit/537.36 (KHTML, like Gecko) Version/4.0 Chrome/60.0.3112.116 Safari/537.36"
118.173.47.242 - - [01/Sep/2020:04:47:12 +0300] "GET /catalog/list2160.htm?SECTION_ID=2160&PAGEN_343=2 HTTP/1.0" 200 37347 "-" "Mozilla/5.0 (Macintosh; Intel Mac OS X 10_9_5) AppleWebKit/537.36 (KHTML, like Gecko) Chrome/51.0.2704.84 Safari/537.36 OPR/38.0.2220.31"
113.190.156.169 - - [01/Sep/2020:04:47:14 +0300] "GET /catalog/list2183.htm?SECTION_ID=2183&PAGEN_343=4 HTTP/1.0" 200 40306 "http://sovdom.com/catalog/list2140.htm" "Mozilla/5.0 (X11; OpenBSD amd64) AppleWebKit/537.36 (KHTML, like Gecko) Chrome/55.0.2883 Safari/537.36"
124.8.72.28 - - [01/Sep/2020:04:47:18 +0300] "GET /catalog/list2075.htm HTTP/1.0" 200 40679 "-" "Mozilla/5.0 (Windows; U; Windows NT 5.1; rv:50.0) Gecko/20100101 Firefox/50.0"
196.251.234.106 - - [01/Sep/2020:04:47:17 +0300] "GET /catalog/list2162.htm?SECTION_ID=2162&PAGEN_343=2 HTTP/1.0" 200 34008 "http://sovdom.com/catalog/list2064.htm" "Mozilla/5.0 (Windows NT 6.3; WOW64) AppleWebKit/537.36 (KHTML, like Gecko) Chrome/48.0.2535.0 Safari/537.36"
176.227.156.82 - - [01/Sep/2020:04:47:23 +0300] "GET /catalog/list2310.htm HTTP/1.0" 200 18816 "http://sovdom.com/catalog/list2033.htm" "Mozilla/5.0 (Windows NT 8.1) AppleWebKit/535.18.25 (KHTML, like Gecko) Chrome/53.0.2748.37 Safari/535.18.25"
114.36.102.107 - - [01/Sep/2020:04:47:33 +0300] "GET /catalog/list2109.htm HTTP/1.0" 200 30611 "-" "Mozilla/5.0 (Macintosh; Intel Mac OS X 10.10; rv:50.0) Gecko/20100101 Firefox/50.0"
14.248.97.197 - - [01/Sep/2020:04:47:33 +0300] "GET /catalog/list2160.htm?SECTION_ID=2160&PAGEN_343=3 HTTP/1.0" 200 28688 "-" "Mozilla/5.0 (Windows NT 10.0; Win64; x64) AppleWebKit/537.36 (KHTML, like Gecko) Chrome/61.0.3163.79 Safari/537.36,gzip(gfe)"
92.134.255.178 - - [01/Sep/2020:04:47:42 +0300] "GET /catalog/list2064.htm?SECTION_ID=2064&PAGEN_343=3 HTTP/1.0" 200 41510 "-" "Mozilla/5.0 (Windows NT 6.1) AppleWebKit/537.36 (KHTML, like Gecko) Chrome/56.0.2924.76c (PSBrowserEmbedded) Safari/537.36"
186.56.77.189 - - [01/Sep/2020:04:47:42 +0300] "GET /catalog/list2183.htm?SECTION_ID=2183 HTTP/1.0" 200 43095 "-" "Mozilla/5.0 (X11; U; CrOS i686 9.10.0; en-US) AppleWebKit/532.5 (KHTML, like Gecko) Gecko/20100101 Firefox/54.0"
156.194.126.0 - - [01/Sep/2020:04:47:46 +0300] "GET /catalog/list2183.htm?SECTION_ID=2183&PAGEN_343=4 HTTP/1.0" 200 40308 "http://sovdom.com/catalog/list2183.htm" "Mozilla/5.0 (Windows NT 10.0; WOW64) AppleWebKit/535.27.80 (KHTML, like Gecko) Chrome/54.8.3841.8113 Safari/531.97"
171.35.142.196 - - [01/Sep/2020:04:47:47 +0300] "GET /catalog/list2183.htm?SECTION_ID=2183&PAGEN_343=6 HTTP/1.0" 200 35937 "http://sovdom.com/catalog/list2075.htm" "Mozilla/5.0 (Macintosh; Intel Mac OS X 10_10_5) AppleWebKit/537.36 (KHTML, like Gecko) Chrome/57.0.2987.133 Safari/537.36 OPR/44.0.2510.1218"
222.129.37.136 - - [01/Sep/2020:04:47:47 +0300] "GET /catalog/list2064.htm?SECTION_ID=2064&PAGEN_343=2 HTTP/1.0" 200 41854 "http://sovdom.com/catalog/list2183.htm" "Mozilla/5.0 (Macintosh; Intel Mac OS X 10_9_5) AppleWebKit/537.36 (KHTML, like Gecko) Chrome/49.0.2587.3 Safari/537.36"
178.154.200.135 - - [01/Sep/2020:04:47:55 +0300] "GET /catalog/detail.php?ID=340477 HTTP/1.0" 200 21531 "-" "Mozilla/5.0 (compatible; YandexBot/3.0; +http://yandex.com/bots)"
118.173.47.242 - - [01/Sep/2020:04:47:54 +0300] "GET /catalog/list2160.htm?SECTION_ID=2160&PAGEN_343=3 HTTP/1.0" 200 28687 "http://sovdom.com/catalog/list2160.htm" "Mozilla/5.0 (Macintosh; Intel Mac OS X 10_9_5) AppleWebKit/537.36 (KHTML, like Gecko) Chrome/51.0.2704.84 Safari/537.36 OPR/38.0.2220.31"
121.42.138.98 - - [01/Sep/2020:04:47:54 +0300] "GET /catalog/list2454.htm?SECTION_ID=2454 HTTP/1.0" 200 39286 "http://sovdom.com/catalog/list2034.htm" "Mozilla/5.0 (Windows NT 6.1; WOW64) AppleWebKit/537.36 (KHTML, like Gecko) Chrome/52.0.2743.116 Whale/0.7.29.5 Safari/537.36"
196.251.234.106 - - [01/Sep/2020:04:47:57 +0300] "GET /catalog/list2034.htm?SECTION_ID=2034&PAGEN_343=4 HTTP/1.0" 200 30782 "http://sovdom.com/catalog/list2162.htm" "Mozilla/5.0 (Windows NT 6.3; WOW64) AppleWebKit/537.36 (KHTML, like Gecko) Chrome/48.0.2535.0 Safari/537.36"
2.95.201.103 - - [01/Sep/2020:04:47:57 +0300] "GET /catalog/list2029.htm?SECTION_ID=2029&PAGEN_343=2 HTTP/1.0" 200 40488 "http://sovdom.com/catalog/list2454.htm" "Mozilla/5.0 (Windows NT 6.2) AppleWebKit/537.36 (KHTML, like Gecko) Chrome/60.0.3112.90 Safari/537.36 OPR/47.0.2631.71"
176.227.156.82 - - [01/Sep/2020:04:48:02 +0300] "GET /catalog/list2160.htm?SECTION_ID=2160 HTTP/1.0" 200 41475 "http://sovdom.com/catalog/list2310.htm" "Mozilla/5.0 (Windows NT 8.1) AppleWebKit/535.18.25 (KHTML, like Gecko) Chrome/53.0.2748.37 Safari/535.18.25"
113.190.156.169 - - [01/Sep/2020:04:48:02 +0300] "GET /catalog/list2183.htm?SECTION_ID=2183&PAGEN_343=7 HTTP/1.0" 200 31040 "http://sovdom.com/catalog/list2140.htm" "Mozilla/5.0 (X11; OpenBSD amd64) AppleWebKit/537.36 (KHTML, like Gecko) Chrome/55.0.2883 Safari/537.36"
220.137.3.46 - - [01/Sep/2020:04:48:07 +0300] "GET /catalog/list2064.htm?SECTION_ID=2064 HTTP/1.0" 200 41685 "-" "Mozilla/5.0 (Windows NT 6.1; WOW64) AppleWebKit/537.36 (KHTML, like Gecko) Chrome/45.0.2454.85 Safari/537.36 OPR/51.0.2830.26"
14.248.97.197 - - [01/Sep/2020:04:48:12 +0300] "GET /catalog/list2162.htm?SECTION_ID=2162 HTTP/1.0" 200 39842 "-" "Mozilla/5.0 (Windows NT 10.0; Win64; x64) AppleWebKit/537.36 (KHTML, like Gecko) Chrome/61.0.3163.79 Safari/537.36,gzip(gfe)"
197.251.176.11 - - [01/Sep/2020:04:48:15 +0300] "GET /catalog/list2109.htm HTTP/1.0" 200 30608 "-" "Mozilla/5.0 (Windows NT 6.3; WOW64) AppleWebKit/537.36 (KHTML, like Gecko) Chrome/50.0.2661.94 Safari/537.36 OPR/37.0.2178.43"
152.243.23.144 - - [01/Sep/2020:04:48:12 +0300] "GET /catalog/list2034.htm?SECTION_ID=2034&PAGEN_343=3 HTTP/1.0" 200 39291 "http://sovdom.com/catalog/list2029.htm" "Mozilla/5.0 (X11; Linux x86_64) AppleWebKit/537.36 (KHTML, like Gecko) Version/4.0 Chrome/60.0.3112.116 Safari/537.36"
182.189.21.106 - - [01/Sep/2020:04:48:24 +0300] "GET /catalog/list2029.htm?SECTION_ID=2029 HTTP/1.0" 200 40914 "-" "Mozilla/5.0 (Windows NT 6.1; WOW64; rv:45.0) Gecko/20100101 Firefox/45.0; Firefox 45.8.0 - 111212-1502320053-1.25"
92.134.255.178 - - [01/Sep/2020:04:48:30 +0300] "GET /catalog/list2034.htm?SECTION_ID=2034 HTTP/1.0" 200 42701 "http://sovdom.com/catalog/list2064.htm" "Mozilla/5.0 (Windows NT 6.1) AppleWebKit/537.36 (KHTML, like Gecko) Chrome/56.0.2924.76c (PSBrowserEmbedded) Safari/537.36"
156.194.126.0 - - [01/Sep/2020:04:48:34 +0300] "GET /catalog/list2034.htm?SECTION_ID=2034&PAGEN_343=2 HTTP/1.0" 200 43129 "http://sovdom.com/catalog/list2183.htm" "Mozilla/5.0 (Windows NT 10.0; WOW64) AppleWebKit/535.27.80 (KHTML, like Gecko) Chrome/54.8.3841.8113 Safari/531.97"
186.56.77.189 - - [01/Sep/2020:04:48:39 +0300] "GET /catalog/list2064.htm?SECTION_ID=2064 HTTP/1.0" 200 41680 "http://sovdom.com/catalog/list2183.htm" "Mozilla/5.0 (X11; U; CrOS i686 9.10.0; en-US) AppleWebKit/532.5 (KHTML, like Gecko) Gecko/20100101 Firefox/54.0"
115.22.26.150 - - [01/Sep/2020:04:48:50 +0300] "GET /catalog/list2075.htm?SECTION_ID=2075&PAGEN_343=2 HTTP/1.0" 200 33817 "-" "Mozilla/5.0 (Windows NT 10.0; WOW64) AppleWebKit/537.36 (KHTML, like Gecko) Chrome/62.0.3202.89 Safari/537.36 OPR/49.0.2725.47 (Edition 360-1)"
222.129.37.136 - - [01/Sep/2020:04:49:26 +0300] "GET /catalog/list2075.htm?SECTION_ID=2075 HTTP/1.0" 200 40679 "http://sovdom.com/catalog/list2064.htm" "Mozilla/5.0 (Macintosh; Intel Mac OS X 10_9_5) AppleWebKit/537.36 (KHTML, like Gecko) Chrome/49.0.2587.3 Safari/537.36"
178.154.200.135 - - [01/Sep/2020:04:50:07 +0300] "GET / HTTP/1.0" 301 306 "-" "Mozilla/5.0 (compatible; YandexMetrika/2.0; +http://yandex.com/bots yabs01)"
178.154.200.154 - - [01/Sep/2020:04:50:07 +0300] "GET / HTTP/1.0" 200 79616 "-" "Mozilla/5.0 (compatible; YandexMetrika/2.0; +http://yandex.com/bots yabs01)"
66.249.76.144 - - [01/Sep/2020:04:51:20 +0300] "GET /catalog/list2030.htm HTTP/1.0" 200 35878 "-" "Mozilla/5.0 (compatible; Googlebot/2.1; +http://www.google.com/bot.html)"
91.219.236.83 - - [01/Sep/2020:04:52:49 +0300] "GET /catalog/list2208.htm?price_min=22750&price_max=43450&brend=POZIS HTTP/1.0" 200 23084 "-" "Mozilla/5.0 (Windows NT 6.1; WOW64; rv:50.0) Gecko/20100101 Firefox/50.0"
213.61.215.54 - - [01/Sep/2020:04:52:49 +0300] "GET /catalog/list2208.htm?price_min=22750&price_max=45350&brend=POZIS HTTP/1.0" 200 23081 "-" "Mozilla/5.0 (Windows NT 6.1; WOW64) AppleWebKit/537.36 (KHTML, like Gecko) Chrome/51.0.2704.106 Safari/537.36"
185.220.100.240 - - [01/Sep/2020:04:52:49 +0300] "GET /catalog/list2184.htm?Cfilter_P1_MIN=8350&Cfilter_P1_MAX=62450&Cfilter_3077_2410950617=Y&set_filter=%D0%9E%D1%82%D0%BE%D0%B1%D1%80%D0%B0%D1%82%D1%8C HTTP/1.0" 200 25972 "-" "Mozilla/5.0 (Windows NT 6.1; WOW64; rv:41.0) Gecko/20100101 Firefox/41.0"
185.129.62.62 - - [01/Sep/2020:04:52:49 +0300] "GET /catalog/list2180.htm?price_min=7850&price_max=38650&brend=POZIS&Cfilter_P1_MIN=7650&Cfilter_P1_MAX=39270&Cfilter_3077_2410950617=Y&set_filter=%D0%9E%D1%82%D0%BE%D0%B1%D1%80%D0%B0%D1%82%D1%8C HTTP/1.0" 200 24775 "-" "Mozilla/5.0 (Windows NT 6.1; Win64; x64) AppleWebKit/537.36 (KHTML, like Gecko) Chrome/57.0.2987.133 Safari/537.36"
23.160.208.247 - - [01/Sep/2020:04:52:50 +0300] "GET /catalog/list2183.htm?Cfilter_P1_MIN=5950&Cfilter_P1_MAX=125950&Cfilter_3077_2410950617=Y&set_filter=%D0%9E%D1%82%D0%BE%D0%B1%D1%80%D0%B0%D1%82%D1%8C HTTP/1.0" 200 29979 "-" "Mozilla/5.0 (Windows NT 6.2; Win64; x64) AppleWebKit/537.36 (KHTML, like Gecko) Chrome/60.0.3112.90 Safari/537.36"
185.146.157.196 - - [01/Sep/2020:04:52:51 +0300] "GET /catalog/list2208.htm?Cfilter_P1_MIN=21650&Cfilter_P1_MAX=45850&Cfilter_3077_2410950617=Y&set_filter=%D0%9E%D1%82%D0%BE%D0%B1%D1%80%D0%B0%D1%82%D1%8C HTTP/1.0" 200 23158 "-" "Mozilla/5.0 (Windows NT 10.0; WOW64; rv:56.0) Gecko/20100101 Firefox/56.0"
185.146.157.196 - - [01/Sep/2020:04:52:51 +0300] "GET /catalog/list2101.htm?price_min=5950&price_max=82750&brend=LG HTTP/1.0" 200 41700 "-" "Mozilla/5.0 (Windows NT 10.0; Win64; x64) AppleWebKit/537.36 (KHTML, like Gecko) Chrome/46.0.2486.0 Safari/537.36 Edge/13.10586"
107.189.10.174 - - [01/Sep/2020:04:52:52 +0300] "GET /catalog/list2101.htm?price_min=5950&price_max=82750&brend=SAMSUNG HTTP/1.0" 200 41716 "-" "Mozilla/5.0 (Windows NT 6.1; Win64; x64) AppleWebKit/537.36 (KHTML, like Gecko) Chrome/60.0.3112.90 Safari/537.36"
51.195.166.192 - - [01/Sep/2020:04:52:56 +0300] "GET /catalog/list2180.htm?Cfilter_P1_MIN=7650&Cfilter_P1_MAX=39270&Cfilter_3077_2410950617=Y&set_filter=%D0%9E%D1%82%D0%BE%D0%B1%D1%80%D0%B0%D1%82%D1%8C HTTP/1.0" 200 24618 "-" "Mozilla/5.0 (Windows NT 6.1; Win64; x64) AppleWebKit/537.36 (KHTML, like Gecko) Chrome/60.0.3112.90 Safari/537.36"
51.195.166.192 - - [01/Sep/2020:04:52:56 +0300] "GET /catalog/list2101.htm?price_min=5950&price_max=82750&brend=LG&SECTION_ID=2101&PAGEN_343=4 HTTP/1.0" 200 28926 "-" "Mozilla/5.0 (Windows NT 6.3; Win64; x64) AppleWebKit/537.36 (KHTML, like Gecko) Chrome/46.0.2486.0 Safari/537.36 Edge/13.10586"
185.220.102.241 - - [01/Sep/2020:04:52:56 +0300] "GET /catalog/list2101.htm?price_min=5950&price_max=82750&brend=LG&SECTION_ID=2101&PAGEN_343=3 HTTP/1.0" 200 38325 "-" "Mozilla/5.0 (compatible; MSIE 9.0; Windows NT 6.1; Trident/5.0)"
185.67.82.114 - - [01/Sep/2020:04:52:56 +0300] "GET /catalog/list2101.htm?price_min=5950&price_max=82750&brend=LG&SECTION_ID=2101&PAGEN_343=2 HTTP/1.0" 200 42132 "-" "Mozilla/5.0 (Windows NT 6.1; WOW64; rv:50.0) Gecko/20100101 Firefox/50.0"
185.220.102.245 - - [01/Sep/2020:04:52:57 +0300] "GET /catalog/list2101.htm?price_min=5950&price_max=82750&brend=SAMSUNG&SECTION_ID=2101&PAGEN_343=2 HTTP/1.0" 200 42147 "-" "Mozilla/5.0 (Windows NT 6.1; Win64; x64) AppleWebKit/537.36 (KHTML, like Gecko) Chrome/57.0.2987.133 Safari/537.36"
51.195.166.192 - - [01/Sep/2020:04:53:00 +0300] "GET /catalog/list2101.htm?price_min=5950&price_max=82750&brend=SAMSUNG&SECTION_ID=2101&PAGEN_343=4 HTTP/1.0" 200 28933 "-" "Mozilla/5.0 (Windows NT 10.0; Win64; x64) AppleWebKit/537.36 (KHTML, like Gecko) Chrome/51.0.2704.79 Safari/537.36 Edge/14.14393"
88.155.91.1 - - [01/Sep/2020:04:53:01 +0300] "GET /catalog/list2101.htm?price_min=5950&price_max=82750&brend=LG&SECTION_ID=2101 HTTP/1.0" 200 41701 "-" "Mozilla/5.0 (Windows NT 6.1; WOW64) AppleWebKit/537.36 (KHTML, like Gecko) Chrome/51.0.2704.106 Safari/537.36"
178.176.78.75 - - [01/Sep/2020:04:53:03 +0300] "GET /catalog/list2101.htm?price_min=5950&price_max=82750&brend=SAMSUNG&SECTION_ID=2101 HTTP/1.0" 200 41714 "-" "Mozilla/5.0 (Windows NT 6.1; WOW64) AppleWebKit/537.36 (KHTML, like Gecko) Chrome/46.0.2490.80 Safari/537.36"
88.155.92.155 - - [01/Sep/2020:04:53:05 +0300] "GET /catalog/list2101.htm?price_min=5950&price_max=82750&brend=SAMSUNG&SECTION_ID=2101&PAGEN_343=3 HTTP/1.0" 200 38335 "-" "Mozilla/5.0 (Windows NT 6.3; WOW64; Trident/7.0; rv:11.0) like Gecko"
66.249.76.144 - - [01/Sep/2020:04:53:11 +0300] "GET /catalog/index2033.htm HTTP/1.0" 301 18547 "-" "Mozilla/5.0 (compatible; Googlebot/2.1; +http://www.google.com/bot.html)"
66.249.76.144 - - [01/Sep/2020:04:53:11 +0300] "GET /catalog/list2033.htm HTTP/1.0" 200 28494 "-" "Mozilla/5.0 (compatible; Googlebot/2.1; +http://www.google.com/bot.html)"
66.249.76.152 - - [01/Sep/2020:04:53:48 +0300] "GET /upload/resize_cache/iblock/6b4/160_1000_140cd750bba9870f18aada2478b24840a/img_prod_2055624585.jpeg HTTP/1.0" 404 18868 "-" "Googlebot-Image/1.0"
178.154.200.135 - - [01/Sep/2020:04:54:03 +0300] "GET /catalog/index2569.htm HTTP/1.0" 200 20292 "-" "Mozilla/5.0 (compatible; YandexBot/3.0; +http://yandex.com/bots)"
178.154.200.135 - - [01/Sep/2020:04:54:03 +0300] "GET /catalog/list2567.htm HTTP/1.0" 200 22340 "-" "Mozilla/5.0 (compatible; YandexBot/3.0; +http://yandex.com/bots)"
178.154.200.154 - - [01/Sep/2020:04:54:03 +0300] "GET /catalog/detail.php?ID=346316 HTTP/1.0" 200 21825 "-" "Mozilla/5.0 (compatible; YandexBot/3.0; +http://yandex.com/bots)"
178.154.200.135 - - [01/Sep/2020:04:54:04 +0300] "GET /catalog/detail.php?ID=346317 HTTP/1.0" 200 21893 "-" "Mozilla/5.0 (compatible; YandexBot/3.0; +http://yandex.com/bots)"
178.154.200.154 - - [01/Sep/2020:04:54:05 +0300] "GET /catalog/list2557.htm?SECTION_ID=2557&PAGEN_343=3 HTTP/1.0" 200 32740 "-" "Mozilla/5.0 (compatible; YandexBot/3.0; +http://yandex.com/bots)"
178.154.200.135 - - [01/Sep/2020:04:54:08 +0300] "GET /catalog/detail.php?ID=346325 HTTP/1.0" 200 21449 "-" "Mozilla/5.0 (compatible; YandexBot/3.0; +http://yandex.com/bots)"
178.154.200.154 - - [01/Sep/2020:04:54:08 +0300] "GET /catalog/detail.php?ID=346319 HTTP/1.0" 200 22137 "-" "Mozilla/5.0 (compatible; YandexBot/3.0; +http://yandex.com/bots)"
178.154.200.135 - - [01/Sep/2020:04:54:09 +0300] "GET /catalog/detail.php?ID=346312 HTTP/1.0" 200 22166 "-" "Mozilla/5.0 (compatible; YandexBot/3.0; +http://yandex.com/bots)"
5.45.207.96 - - [01/Sep/2020:04:54:09 +0300] "GET /catalog/detail.php?ID=346318 HTTP/1.0" 200 22152 "-" "Mozilla/5.0 (compatible; YandexBot/3.0; +http://yandex.com/bots)"
178.154.200.135 - - [01/Sep/2020:04:54:09 +0300] "GET /catalog/list2550.htm HTTP/1.0" 200 39639 "-" "Mozilla/5.0 (compatible; YandexBot/3.0; +http://yandex.com/bots)"
178.154.200.154 - - [01/Sep/2020:04:54:11 +0300] "GET /catalog/detail.php?ID=346170 HTTP/1.0" 200 21382 "-" "Mozilla/5.0 (compatible; YandexBot/3.0; +http://yandex.com/bots)"
178.154.200.135 - - [01/Sep/2020:04:54:11 +0300] "GET /catalog/list2568.htm HTTP/1.0" 200 22703 "-" "Mozilla/5.0 (compatible; YandexBot/3.0; +http://yandex.com/bots)"
95.163.36.5 - - [01/Sep/2020:04:54:16 +0300] "GET /sitemap_files.xml HTTP/1.0" 304 - "-" "Mozilla/5.0 (compatible; Linux x86_64; Mail.RU_Bot/Fast/2.0; +http://go.mail.ru/help/robots)"
95.163.36.15 - - [01/Sep/2020:04:54:19 +0300] "GET /sitemap_iblock_11.xml HTTP/1.0" 304 - "-" "Mozilla/5.0 (compatible; Linux x86_64; Mail.RU_Bot/Fast/2.0; +http://go.mail.ru/help/robots)"
95.163.36.7 - - [01/Sep/2020:04:54:25 +0300] "GET /sitemap_iblock_8.xml HTTP/1.0" 304 - "-" "Mozilla/5.0 (compatible; Linux x86_64; Mail.RU_Bot/Fast/2.0; +http://go.mail.ru/help/robots)"
178.154.200.135 - - [01/Sep/2020:04:54:33 +0300] "GET /bitrix/tools/captcha.php?captcha_sid=0a012859bae53abec5c04a16b6a4c934 HTTP/1.0" 200 3795 "-" "Mozilla/5.0 (compatible; YandexImages/3.0; +http://yandex.com/bots)"
178.154.200.135 - - [01/Sep/2020:04:54:34 +0300] "GET /bitrix/tools/captcha.php?captcha_sid=05a224cc72cc48d9110524dc18f95d1d HTTP/1.0" 200 3947 "-" "Mozilla/5.0 (compatible; YandexBot/3.0; +http://yandex.com/bots)"
95.163.36.8 - - [01/Sep/2020:04:54:37 +0300] "GET /sitemap_iblock_10.xml HTTP/1.0" 304 - "-" "Mozilla/5.0 (compatible; Linux x86_64; Mail.RU_Bot/Fast/2.0; +http://go.mail.ru/help/robots)"
95.163.36.8 - - [01/Sep/2020:04:54:44 +0300] "GET /sitemap_iblock_12.xml HTTP/1.0" 304 - "-" "Mozilla/5.0 (compatible; Linux x86_64; Mail.RU_Bot/Fast/2.0; +http://go.mail.ru/help/robots)"
66.249.64.178 - - [01/Sep/2020:04:55:08 +0300] "GET /catalog/index2178.htm HTTP/1.0" 200 18986 "-" "Mozilla/5.0 (compatible; Googlebot/2.1; +http://www.google.com/bot.html)"
66.249.64.174 - - [01/Sep/2020:04:55:12 +0300] "GET /catalog/list2167.htm HTTP/1.0" 200 24446 "-" "Mozilla/5.0 (Linux; Android 6.0.1; Nexus 5X Build/MMB29P) AppleWebKit/537.36 (KHTML, like Gecko) Chrome/80.0.3987.92 Mobile Safari/537.36 (compatible; Googlebot/2.1; +http://www.google.com/bot.html)"
178.154.200.135 - - [01/Sep/2020:04:56:06 +0300] "GET /bitrix/tools/captcha.php?captcha_sid=0a6929d13246bdc7246957491b15709b HTTP/1.0" 200 4040 "-" "Mozilla/5.0 (compatible; YandexImages/3.0; +http://yandex.com/bots)"
178.154.200.135 - - [01/Sep/2020:04:56:07 +0300] "GET /bitrix/tools/captcha.php?captcha_sid=090988b93f4c0d2dacb1b330e53e2e9e HTTP/1.0" 200 3917 "-" "Mozilla/5.0 (compatible; YandexImages/3.0; +http://yandex.com/bots)"
66.249.76.142 - - [01/Sep/2020:04:57:07 +0300] "GET /catalog/list2012.htm HTTP/1.0" 200 40971 "-" "Mozilla/5.0 (compatible; Googlebot/2.1; +http://www.google.com/bot.html)"
66.249.76.142 - - [01/Sep/2020:04:57:49 +0300] "GET /catalog/list2034.htm HTTP/1.0" 200 42721 "-" "Mozilla/5.0 (compatible; Googlebot/2.1; +http://www.google.com/bot.html)"
66.249.76.144 - - [01/Sep/2020:04:57:51 +0300] "GET /catalog/list2184.htm HTTP/1.0" 200 36167 "-" "Mozilla/5.0 (compatible; Googlebot/2.1; +http://www.google.com/bot.html)"
66.249.64.176 - - [01/Sep/2020:04:58:32 +0300] "GET /catalog/list2034.htm HTTP/1.0" 200 42725 "-" "Mozilla/5.0 (compatible; Googlebot/2.1; +http://www.google.com/bot.html)"
66.249.76.142 - - [01/Sep/2020:04:58:41 +0300] "GET /catalog/list2184.htm HTTP/1.0" 200 36169 "-" "Mozilla/5.0 (compatible; Googlebot/2.1; +http://www.google.com/bot.html)"
66.249.76.142 - - [01/Sep/2020:04:59:25 +0300] "GET /catalog/index2031.htm HTTP/1.0" 200 18801 "-" "Mozilla/5.0 (compatible; Googlebot/2.1; +http://www.google.com/bot.html)"
178.154.200.135 - - [01/Sep/2020:05:00:30 +0300] "GET /robots.txt HTTP/1.0" 200 4301 "-" "Mozilla/5.0 (compatible; YandexBot/3.0; +http://yandex.com/bots)"
66.249.64.178 - - [01/Sep/2020:05:00:31 +0300] "GET /catalog/index2031.htm HTTP/1.0" 200 18803 "-" "Mozilla/5.0 (compatible; Googlebot/2.1; +http://www.google.com/bot.html)"
178.154.200.135 - - [01/Sep/2020:05:00:32 +0300] "GET /bitrix/tools/captcha.php?captcha_sid=088358a50970f49d687506587dcdfdd8 HTTP/1.0" 200 4092 "-" "Mozilla/5.0 (compatible; YandexImages/3.0; +http://yandex.com/bots)"
66.249.76.144 - - [01/Sep/2020:05:00:33 +0300] "GET /catalog/index2031.htm HTTP/1.0" 200 18804 "-" "Mozilla/5.0 (compatible; Googlebot/2.1; +http://www.google.com/bot.html)"
178.154.200.154 - - [01/Sep/2020:05:00:34 +0300] "GET /catalog/detail.php?ID=346362 HTTP/1.0" 200 20659 "-" "Mozilla/5.0 (compatible; YandexBot/3.0; +http://yandex.com/bots)"
66.249.76.144 - - [01/Sep/2020:05:01:00 +0300] "GET /catalog/list2469.htm HTTP/1.0" 200 24952 "-" "Mozilla/5.0 (compatible; Googlebot/2.1; +http://www.google.com/bot.html)"
178.154.200.135 - - [01/Sep/2020:05:01:20 +0300] "GET /bitrix/tools/captcha.php?captcha_sid=07149e2d69f89f80ab99677b9f7220ce HTTP/1.0" 200 3862 "-" "Mozilla/5.0 (compatible; YandexImages/3.0; +http://yandex.com/bots)"
178.154.200.135 - - [01/Sep/2020:05:01:27 +0300] "GET /bitrix/tools/captcha.php?captcha_sid=038c32ec04dba27772c1a6f1edf30680 HTTP/1.0" 200 3895 "-" "Mozilla/5.0 (compatible; YandexImages/3.0; +http://yandex.com/bots)"
66.249.76.142 - - [01/Sep/2020:05:01:38 +0300] "GET /catalog/list2469.htm HTTP/1.0" 200 24957 "-" "Mozilla/5.0 (compatible; Googlebot/2.1; +http://www.google.com/bot.html)"
66.249.76.142 - - [01/Sep/2020:05:01:42 +0300] "GET /catalog/list2187.htm HTTP/1.0" 200 27279 "-" "Mozilla/5.0 (compatible; Googlebot/2.1; +http://www.google.com/bot.html)"
66.249.64.178 - - [01/Sep/2020:05:02:08 +0300] "GET /catalog/list2187.htm HTTP/1.0" 200 27282 "-" "Mozilla/5.0 (compatible; Googlebot/2.1; +http://www.google.com/bot.html)"
66.249.64.176 - - [01/Sep/2020:05:04:14 +0300] "GET /catalog/list2018.htm HTTP/1.0" 200 25743 "-" "Mozilla/5.0 (compatible; Googlebot/2.1; +http://www.google.com/bot.html)"
66.249.64.176 - - [01/Sep/2020:05:04:48 +0300] "GET /catalog/list2187.htm HTTP/1.0" 200 27278 "-" "Mozilla/5.0 (compatible; Googlebot/2.1; +http://www.google.com/bot.html)"
66.249.76.144 - - [01/Sep/2020:05:05:25 +0300] "GET /catalog/list2299.htm HTTP/1.0" 200 18816 "-" "Mozilla/5.0 (compatible; Googlebot/2.1; +http://www.google.com/bot.html)"
66.249.76.144 - - [01/Sep/2020:05:05:26 +0300] "GET /catalog/list2143.htm HTTP/1.0" 200 37881 "-" "Mozilla/5.0 (compatible; Googlebot/2.1; +http://www.google.com/bot.html)"
66.249.64.174 - - [01/Sep/2020:05:05:31 +0300] "GET /catalog/list2143.htm HTTP/1.0" 200 19986 "-" "Mozilla/5.0 (Linux; Android 6.0.1; Nexus 5X Build/MMB29P) AppleWebKit/537.36 (KHTML, like Gecko) Chrome/80.0.3987.92 Mobile Safari/537.36 (compatible; Googlebot/2.1; +http://www.google.com/bot.html)"
66.249.64.174 - - [01/Sep/2020:05:05:37 +0300] "GET /catalog/list2254.htm HTTP/1.0" 200 27633 "-" "Mozilla/5.0 (compatible; Googlebot/2.1; +http://www.google.com/bot.html)"
66.249.76.142 - - [01/Sep/2020:05:05:47 +0300] "GET /catalog/index2029.htm HTTP/1.0" 301 18530 "-" "Mozilla/5.0 (compatible; Googlebot/2.1; +http://www.google.com/bot.html)"
66.249.76.142 - - [01/Sep/2020:05:05:47 +0300] "GET /catalog/list2029.htm HTTP/1.0" 200 40915 "-" "Mozilla/5.0 (compatible; Googlebot/2.1; +http://www.google.com/bot.html)"
66.249.64.176 - - [01/Sep/2020:05:06:01 +0300] "GET /catalog/list2299.htm HTTP/1.0" 200 18812 "-" "Mozilla/5.0 (compatible; Googlebot/2.1; +http://www.google.com/bot.html)"
66.249.64.174 - - [01/Sep/2020:05:06:17 +0300] "GET /catalog/list2119.htm HTTP/1.0" 200 26310 "-" "Mozilla/5.0 (compatible; Googlebot/2.1; +http://www.google.com/bot.html)"
66.249.76.152 - - [01/Sep/2020:05:06:22 +0300] "GET /catalog/index2083.htm HTTP/1.0" 200 19713 "-" "Mozilla/5.0 (compatible; Googlebot/2.1; +http://www.google.com/bot.html)"
66.249.64.174 - - [01/Sep/2020:05:06:41 +0300] "GET /catalog/list2184.htm HTTP/1.0" 200 17887 "-" "Mozilla/5.0 (Linux; Android 6.0.1; Nexus 5X Build/MMB29P) AppleWebKit/537.36 (KHTML, like Gecko) Chrome/80.0.3987.92 Mobile Safari/537.36 (compatible; Googlebot/2.1; +http://www.google.com/bot.html)"
66.249.76.142 - - [01/Sep/2020:05:06:44 +0300] "GET /catalog/list2119.htm HTTP/1.0" 200 26309 "-" "Mozilla/5.0 (compatible; Googlebot/2.1; +http://www.google.com/bot.html)"
66.249.76.142 - - [01/Sep/2020:05:07:12 +0300] "GET /catalog/index2034.htm HTTP/1.0" 301 18551 "-" "Mozilla/5.0 (compatible; Googlebot/2.1; +http://www.google.com/bot.html)"
66.249.76.142 - - [01/Sep/2020:05:07:13 +0300] "GET /catalog/list2034.htm HTTP/1.0" 200 42722 "-" "Mozilla/5.0 (compatible; Googlebot/2.1; +http://www.google.com/bot.html)"
66.249.76.142 - - [01/Sep/2020:05:08:50 +0300] "GET /catalog/list2299.htm HTTP/1.0" 200 18815 "-" "Mozilla/5.0 (compatible; Googlebot/2.1; +http://www.google.com/bot.html)"
66.249.76.142 - - [01/Sep/2020:05:08:55 +0300] "GET /catalog/index2305.htm HTTP/1.0" 301 18474 "-" "Mozilla/5.0 (compatible; Googlebot/2.1; +http://www.google.com/bot.html)"
66.249.76.144 - - [01/Sep/2020:05:08:55 +0300] "GET /catalog/list2305.htm HTTP/1.0" 200 18819 "-" "Mozilla/5.0 (compatible; Googlebot/2.1; +http://www.google.com/bot.html)"
5.188.84.115 - - [01/Sep/2020:05:09:05 +0300] "GET /catalog/detail.php HTTP/1.0" 200 134455 "http://sovdom.com/catalog/detail.php" "Mozilla/5.0 (Windows NT 6.1) AppleWebKit/537.36 (KHTML, like Gecko) Chrome/66.0.3359.181 Safari/537.36 Kinza/4.7.2"
5.188.84.115 - - [01/Sep/2020:05:09:06 +0300] "GET /bitrix/tools/captcha.php?captcha_sid=00b563e4ef3844d9728f4ea25e5b777b HTTP/1.0" 200 3934 "http://sovdom.com/catalog/detail.php" "Mozilla/5.0 (Windows NT 6.1) AppleWebKit/537.36 (KHTML, like Gecko) Chrome/66.0.3359.181 Safari/537.36 Kinza/4.7.2"
5.188.84.115 - - [01/Sep/2020:05:09:06 +0300] "POST /personal/feedback/ HTTP/1.0" 200 21620 "http://sovdom.com/catalog/detail.php" "Mozilla/5.0 (Windows NT 6.1) AppleWebKit/537.36 (KHTML, like Gecko) Chrome/66.0.3359.181 Safari/537.36 Kinza/4.7.2"
66.249.76.146 - - [01/Sep/2020:05:09:36 +0300] "GET /catalog/index2178.htm HTTP/1.0" 200 4408 "-" "Mozilla/5.0 (Linux; Android 6.0.1; Nexus 5X Build/MMB29P) AppleWebKit/537.36 (KHTML, like Gecko) Chrome/80.0.3987.92 Mobile Safari/537.36 (compatible; Googlebot/2.1; +http://www.google.com/bot.html)"
95.163.36.13 - - [01/Sep/2020:05:11:41 +0300] "GET /sitemap_iblock_10.xml HTTP/1.0" 304 - "-" "Mozilla/5.0 (compatible; Linux x86_64; Mail.RU_Bot/Fast/2.0; +http://go.mail.ru/help/robots)"
95.163.36.4 - - [01/Sep/2020:05:11:47 +0300] "GET /sitemap_files.xml HTTP/1.0" 304 - "-" "Mozilla/5.0 (compatible; Linux x86_64; Mail.RU_Bot/Fast/2.0; +http://go.mail.ru/help/robots)"
95.163.36.6 - - [01/Sep/2020:05:11:58 +0300] "GET /sitemap_iblock_11.xml HTTP/1.0" 304 - "-" "Mozilla/5.0 (compatible; Linux x86_64; Mail.RU_Bot/Fast/2.0; +http://go.mail.ru/help/robots)"
95.163.36.7 - - [01/Sep/2020:05:12:09 +0300] "GET /sitemap_iblock_8.xml HTTP/1.0" 304 - "-" "Mozilla/5.0 (compatible; Linux x86_64; Mail.RU_Bot/Fast/2.0; +http://go.mail.ru/help/robots)"
95.163.36.4 - - [01/Sep/2020:05:12:16 +0300] "GET /sitemap_iblock_12.xml HTTP/1.0" 304 - "-" "Mozilla/5.0 (compatible; Linux x86_64; Mail.RU_Bot/Fast/2.0; +http://go.mail.ru/help/robots)"
66.249.64.188 - - [01/Sep/2020:05:12:19 +0300] "GET /catalog/list2184.htm HTTP/1.0" 200 36219 "-" "Mozilla/5.0 (compatible; Googlebot/2.1; +http://www.google.com/bot.html)"
66.249.76.146 - - [01/Sep/2020:05:13:03 +0300] "GET /catalog/list2012.htm HTTP/1.0" 200 23427 "-" "Mozilla/5.0 (Linux; Android 6.0.1; Nexus 5X Build/MMB29P) AppleWebKit/537.36 (KHTML, like Gecko) Chrome/80.0.3987.92 Mobile Safari/537.36 (compatible; Googlebot/2.1; +http://www.google.com/bot.html)"
157.55.39.157 - - [01/Sep/2020:05:14:07 +0300] "GET /about/contacts.htm HTTP/1.0" 301 327 "-" "Mozilla/5.0 (compatible; bingbot/2.0; +http://www.bing.com/bingbot.htm)"
66.249.76.154 - - [01/Sep/2020:05:14:37 +0300] "GET /catalog/list2169.htm HTTP/1.0" 200 37355 "-" "Mozilla/5.0 (compatible; Googlebot/2.1; +http://www.google.com/bot.html)"
66.249.76.144 - - [01/Sep/2020:05:15:08 +0300] "GET /catalog/index2031.htm HTTP/1.0" 200 4298 "-" "Mozilla/5.0 (Linux; Android 6.0.1; Nexus 5X Build/MMB29P) AppleWebKit/537.36 (KHTML, like Gecko) Chrome/80.0.3987.92 Mobile Safari/537.36 (compatible; Googlebot/2.1; +http://www.google.com/bot.html)"
66.249.76.152 - - [01/Sep/2020:05:15:49 +0300] "GET /catalog/index2083.htm HTTP/1.0" 200 4731 "-" "Mozilla/5.0 (Linux; Android 6.0.1; Nexus 5X Build/MMB29P) AppleWebKit/537.36 (KHTML, like Gecko) Chrome/80.0.3987.92 Mobile Safari/537.36 (compatible; Googlebot/2.1; +http://www.google.com/bot.html)"
66.249.76.154 - - [01/Sep/2020:05:16:13 +0300] "GET /catalog/list2283.htm HTTP/1.0" 200 5950 "-" "Mozilla/5.0 (Linux; Android 6.0.1; Nexus 5X Build/MMB29P) AppleWebKit/537.36 (KHTML, like Gecko) Chrome/80.0.3987.92 Mobile Safari/537.36 (compatible; Googlebot/2.1; +http://www.google.com/bot.html)"
66.249.64.176 - - [01/Sep/2020:05:16:53 +0300] "GET /catalog/list2422.htm HTTP/1.0" 200 17081 "-" "Mozilla/5.0 (Linux; Android 6.0.1; Nexus 5X Build/MMB29P) AppleWebKit/537.36 (KHTML, like Gecko) Chrome/80.0.3987.92 Mobile Safari/537.36 (compatible; Googlebot/2.1; +http://www.google.com/bot.html)"
