2.92.67.158 - - [01/Sep/2020:08:21:11 +0300] "GET /catalog/detail.php?ID=344628 HTTP/1.0" 200 7451 "http://sovdom.com/" "Mozilla/5.0 (Linux; Android 8.1.0; JSN-L21 Build/HONORJSN-L21; wv) AppleWebKit/537.36 (KHTML, like Gecko) Version/4.0 Chrome/70.0.3538.110 Mobile Safari/537.36 YandexSearch/7.80 YandexSearchBrowser/7.80"
178.154.200.135 - - [01/Sep/2020:08:21:12 +0300] "GET /catalog/detail.php?ID=340794 HTTP/1.0" 200 20869 "-" "Mozilla/5.0 (compatible; YandexBot/3.0; +http://yandex.com/bots)"
37.19.37.121 - - [01/Sep/2020:08:21:16 +0300] "GET / HTTP/1.0" 200 22601 "http://yandex.ru/searchapp?text=" "Mozilla/5.0 (Linux; Android 10; YAL-L41 Build/HUAWEIYAL-L41) AppleWebKit/537.36 (KHTML, like Gecko) Chrome/85.0.4183.81 Mobile Safari/537.36 YaApp_Android/11.00 YaSearchBrowser/11.00"
2.92.67.158 - - [01/Sep/2020:08:21:16 +0300] "GET /catalog/index2569.htm HTTP/1.0" 200 5368 "http://sovdom.com/catalog/detail.php?ID=344628" "Mozilla/5.0 (Linux; Android 8.1.0; JSN-L21 Build/HONORJSN-L21; wv) AppleWebKit/537.36 (KHTML, like Gecko) Version/4.0 Chrome/70.0.3538.110 Mobile Safari/537.36 YandexSearch/7.80 YandexSearchBrowser/7.80"
37.19.37.121 - - [01/Sep/2020:08:21:16 +0300] "GET /images/image.php?id=121579&pic=articles_index HTTP/1.0" 200 2185 "http://sovdom.com/" "Mozilla/5.0 (Linux; Android 10; YAL-L41 Build/HUAWEIYAL-L41) AppleWebKit/537.36 (KHTML, like Gecko) Chrome/85.0.4183.81 Mobile Safari/537.36 YaApp_Android/11.00 YaSearchBrowser/11.00"
37.19.37.121 - - [01/Sep/2020:08:21:16 +0300] "GET /images/image.php?id=120209&pic=articles_index HTTP/1.0" 200 4026 "http://sovdom.com/" "Mozilla/5.0 (Linux; Android 10; YAL-L41 Build/HUAWEIYAL-L41) AppleWebKit/537.36 (KHTML, like Gecko) Chrome/85.0.4183.81 Mobile Safari/537.36 YaApp_Android/11.00 YaSearchBrowser/11.00"
37.19.37.121 - - [01/Sep/2020:08:21:16 +0300] "GET /images/image.php?id=119164&pic=articles_index HTTP/1.0" 200 2185 "http://sovdom.com/" "Mozilla/5.0 (Linux; Android 10; YAL-L41 Build/HUAWEIYAL-L41) AppleWebKit/537.36 (KHTML, like Gecko) Chrome/85.0.4183.81 Mobile Safari/537.36 YaApp_Android/11.00 YaSearchBrowser/11.00"
37.19.37.121 - - [01/Sep/2020:08:21:17 +0300] "GET /upload/iblock/0ea/mebel.png HTTP/1.0" 404 4360 "http://sovdom.com/" "Mozilla/5.0 (Linux; Android 10; YAL-L41 Build/HUAWEIYAL-L41) AppleWebKit/537.36 (KHTML, like Gecko) Chrome/85.0.4183.81 Mobile Safari/537.36 YaApp_Android/11.00 YaSearchBrowser/11.00"
37.19.37.121 - - [01/Sep/2020:08:21:17 +0300] "GET /upload/iblock/367/5.png HTTP/1.0" 404 4357 "http://sovdom.com/" "Mozilla/5.0 (Linux; Android 10; YAL-L41 Build/HUAWEIYAL-L41) AppleWebKit/537.36 (KHTML, like Gecko) Chrome/85.0.4183.81 Mobile Safari/537.36 YaApp_Android/11.00 YaSearchBrowser/11.00"
2.92.67.158 - - [01/Sep/2020:08:21:20 +0300] "GET /catalog/list2550.htm HTTP/1.0" 200 22580 "http://sovdom.com/catalog/index2569.htm" "Mozilla/5.0 (Linux; Android 8.1.0; JSN-L21 Build/HONORJSN-L21; wv) AppleWebKit/537.36 (KHTML, like Gecko) Version/4.0 Chrome/70.0.3538.110 Mobile Safari/537.36 YandexSearch/7.80 YandexSearchBrowser/7.80"
37.19.37.121 - - [01/Sep/2020:08:21:21 +0300] "GET / HTTP/1.0" 200 5964 "http://yandex.ru/searchapp?text=" "Mozilla/5.0 (Linux; Android 10; YAL-L41 Build/HUAWEIYAL-L41) AppleWebKit/537.36 (KHTML, like Gecko) Chrome/85.0.4183.81 Mobile Safari/537.36 YaApp_Android/11.00 YaSearchBrowser/11.00"
37.19.37.121 - - [01/Sep/2020:08:21:22 +0300] "GET /images/image.php?id=121579&pic=articles_index HTTP/1.0" 200 2185 "http://sovdom.com/" "Mozilla/5.0 (Linux; Android 10; YAL-L41 Build/HUAWEIYAL-L41) AppleWebKit/537.36 (KHTML, like Gecko) Chrome/85.0.4183.81 Mobile Safari/537.36 YaApp_Android/11.00 YaSearchBrowser/11.00"
37.19.37.121 - - [01/Sep/2020:08:21:22 +0300] "GET /images/image.php?id=120209&pic=articles_index HTTP/1.0" 200 4026 "http://sovdom.com/" "Mozilla/5.0 (Linux; Android 10; YAL-L41 Build/HUAWEIYAL-L41) AppleWebKit/537.36 (KHTML, like Gecko) Chrome/85.0.4183.81 Mobile Safari/537.36 YaApp_Android/11.00 YaSearchBrowser/11.00"
37.19.37.121 - - [01/Sep/2020:08:21:22 +0300] "GET /images/image.php?id=119164&pic=articles_index HTTP/1.0" 200 2185 "http://sovdom.com/" "Mozilla/5.0 (Linux; Android 10; YAL-L41 Build/HUAWEIYAL-L41) AppleWebKit/537.36 (KHTML, like Gecko) Chrome/85.0.4183.81 Mobile Safari/537.36 YaApp_Android/11.00 YaSearchBrowser/11.00"
37.19.37.121 - - [01/Sep/2020:08:21:22 +0300] "GET /upload/iblock/0ea/mebel.png HTTP/1.0" 404 4361 "http://sovdom.com/" "Mozilla/5.0 (Linux; Android 10; YAL-L41 Build/HUAWEIYAL-L41) AppleWebKit/537.36 (KHTML, like Gecko) Chrome/85.0.4183.81 Mobile Safari/537.36 YaApp_Android/11.00 YaSearchBrowser/11.00"
37.19.37.121 - - [01/Sep/2020:08:21:22 +0300] "GET /upload/iblock/367/5.png HTTP/1.0" 404 4358 "http://sovdom.com/" "Mozilla/5.0 (Linux; Android 10; YAL-L41 Build/HUAWEIYAL-L41) AppleWebKit/537.36 (KHTML, like Gecko) Chrome/85.0.4183.81 Mobile Safari/537.36 YaApp_Android/11.00 YaSearchBrowser/11.00"
37.19.37.121 - - [01/Sep/2020:08:21:26 +0300] "POST / HTTP/1.0" 200 1022 "http://sovdom.com/" "Mozilla/5.0 (Linux; Android 10; YAL-L41 Build/HUAWEIYAL-L41) AppleWebKit/537.36 (KHTML, like Gecko) Chrome/85.0.4183.81 Mobile Safari/537.36 YaApp_Android/11.00 YaSearchBrowser/11.00"
37.19.37.121 - - [01/Sep/2020:08:21:26 +0300] "POST / HTTP/1.0" 200 844 "http://sovdom.com/" "Mozilla/5.0 (Linux; Android 10; YAL-L41 Build/HUAWEIYAL-L41) AppleWebKit/537.36 (KHTML, like Gecko) Chrome/85.0.4183.81 Mobile Safari/537.36 YaApp_Android/11.00 YaSearchBrowser/11.00"
37.19.37.121 - - [01/Sep/2020:08:21:26 +0300] "POST / HTTP/1.0" 200 842 "http://sovdom.com/" "Mozilla/5.0 (Linux; Android 10; YAL-L41 Build/HUAWEIYAL-L41) AppleWebKit/537.36 (KHTML, like Gecko) Chrome/85.0.4183.81 Mobile Safari/537.36 YaApp_Android/11.00 YaSearchBrowser/11.00"
37.19.37.121 - - [01/Sep/2020:08:21:28 +0300] "GET /catalog/index2373.htm HTTP/1.0" 301 4302 "http://sovdom.com/" "Mozilla/5.0 (Linux; Android 10; YAL-L41 Build/HUAWEIYAL-L41) AppleWebKit/537.36 (KHTML, like Gecko) Chrome/85.0.4183.81 Mobile Safari/537.36 YaApp_Android/11.00 YaSearchBrowser/11.00"
37.19.37.121 - - [01/Sep/2020:08:21:28 +0300] "GET /catalog/list2373.htm HTTP/1.0" 200 5988 "http://sovdom.com/" "Mozilla/5.0 (Linux; Android 10; YAL-L41 Build/HUAWEIYAL-L41) AppleWebKit/537.36 (KHTML, like Gecko) Chrome/85.0.4183.81 Mobile Safari/537.36 YaApp_Android/11.00 YaSearchBrowser/11.00"
37.19.37.121 - - [01/Sep/2020:08:21:40 +0300] "POST /catalog/list2373.htm?SECTION_ID=2373 HTTP/1.0" 200 1022 "http://sovdom.com/catalog/list2373.htm" "Mozilla/5.0 (Linux; Android 10; YAL-L41 Build/HUAWEIYAL-L41) AppleWebKit/537.36 (KHTML, like Gecko) Chrome/85.0.4183.81 Mobile Safari/537.36 YaApp_Android/11.00 YaSearchBrowser/11.00"
37.19.37.121 - - [01/Sep/2020:08:21:40 +0300] "POST /catalog/list2373.htm?SECTION_ID=2373 HTTP/1.0" 200 844 "http://sovdom.com/catalog/list2373.htm" "Mozilla/5.0 (Linux; Android 10; YAL-L41 Build/HUAWEIYAL-L41) AppleWebKit/537.36 (KHTML, like Gecko) Chrome/85.0.4183.81 Mobile Safari/537.36 YaApp_Android/11.00 YaSearchBrowser/11.00"
2.92.67.158 - - [01/Sep/2020:08:21:42 +0300] "GET /catalog/index2569.htm HTTP/1.0" 200 5367 "http://sovdom.com/catalog/detail.php?ID=344628" "Mozilla/5.0 (Linux; Android 8.1.0; JSN-L21 Build/HONORJSN-L21; wv) AppleWebKit/537.36 (KHTML, like Gecko) Version/4.0 Chrome/70.0.3538.110 Mobile Safari/537.36 YandexSearch/7.80 YandexSearchBrowser/7.80"
2.92.67.158 - - [01/Sep/2020:08:21:44 +0300] "GET /catalog/detail.php?ID=344628 HTTP/1.0" 200 7452 "http://sovdom.com/" "Mozilla/5.0 (Linux; Android 8.1.0; JSN-L21 Build/HONORJSN-L21; wv) AppleWebKit/537.36 (KHTML, like Gecko) Version/4.0 Chrome/70.0.3538.110 Mobile Safari/537.36 YandexSearch/7.80 YandexSearchBrowser/7.80"
87.76.13.67 - - [01/Sep/2020:08:21:44 +0300] "GET / HTTP/1.0" 200 79614 "-" "Mozilla/5.0 (Windows NT 10.0; Win64; x64) AppleWebKit/537.36 (KHTML, like Gecko) Chrome/85.0.4183.83 Safari/537.36"
37.19.37.121 - - [01/Sep/2020:08:21:44 +0300] "POST /catalog/list2373.htm?SECTION_ID=2373 HTTP/1.0" 200 842 "http://sovdom.com/catalog/list2373.htm" "Mozilla/5.0 (Linux; Android 10; YAL-L41 Build/HUAWEIYAL-L41) AppleWebKit/537.36 (KHTML, like Gecko) Chrome/85.0.4183.81 Mobile Safari/537.36 YaApp_Android/11.00 YaSearchBrowser/11.00"
37.19.37.121 - - [01/Sep/2020:08:21:44 +0300] "POST /catalog/list2373.htm?SECTION_ID=2373 HTTP/1.0" 200 395 "http://sovdom.com/catalog/list2373.htm" "Mozilla/5.0 (Linux; Android 10; YAL-L41 Build/HUAWEIYAL-L41) AppleWebKit/537.36 (KHTML, like Gecko) Chrome/85.0.4183.81 Mobile Safari/537.36 YaApp_Android/11.00 YaSearchBrowser/11.00"
37.19.37.121 - - [01/Sep/2020:08:21:45 +0300] "POST /catalog/list2373.htm?SECTION_ID=2373 HTTP/1.0" 200 397 "http://sovdom.com/catalog/list2373.htm" "Mozilla/5.0 (Linux; Android 10; YAL-L41 Build/HUAWEIYAL-L41) AppleWebKit/537.36 (KHTML, like Gecko) Chrome/85.0.4183.81 Mobile Safari/537.36 YaApp_Android/11.00 YaSearchBrowser/11.00"
178.154.200.135 - - [01/Sep/2020:08:21:48 +0300] "GET /catalog/detail.php?ID=346338 HTTP/1.0" 200 21687 "-" "Mozilla/5.0 (compatible; YandexBot/3.0; +http://yandex.com/bots)"
178.154.200.135 - - [01/Sep/2020:08:21:49 +0300] "GET /catalog/detail.php?ID=340780 HTTP/1.0" 200 20843 "-" "Mozilla/5.0 (compatible; YandexBot/3.0; +http://yandex.com/bots)"
37.19.37.121 - - [01/Sep/2020:08:21:51 +0300] "GET /catalog/detail.php?ID=325841 HTTP/1.0" 200 7000 "http://sovdom.com/catalog/list2373.htm" "Mozilla/5.0 (Linux; Android 10; YAL-L41 Build/HUAWEIYAL-L41) AppleWebKit/537.36 (KHTML, like Gecko) Chrome/85.0.4183.81 Mobile Safari/537.36 YaApp_Android/11.00 YaSearchBrowser/11.00"
178.154.200.135 - - [01/Sep/2020:08:21:54 +0300] "GET /catalog/detail.php?ID=344740 HTTP/1.0" 200 20856 "-" "Mozilla/5.0 (compatible; YandexBot/3.0; +http://yandex.com/bots)"
2.92.67.158 - - [01/Sep/2020:08:21:56 +0300] "GET / HTTP/1.0" 200 5959 "http://yandex.ru/searchapp?text=" "Mozilla/5.0 (Linux; Android 8.1.0; JSN-L21 Build/HONORJSN-L21; wv) AppleWebKit/537.36 (KHTML, like Gecko) Version/4.0 Chrome/70.0.3538.110 Mobile Safari/537.36 YandexSearch/7.80 YandexSearchBrowser/7.80"
2.92.67.158 - - [01/Sep/2020:08:21:57 +0300] "GET /upload/iblock/367/5.png HTTP/1.0" 404 4355 "http://sovdom.com/" "Mozilla/5.0 (Linux; Android 8.1.0; JSN-L21 Build/HONORJSN-L21; wv) AppleWebKit/537.36 (KHTML, like Gecko) Version/4.0 Chrome/70.0.3538.110 Mobile Safari/537.36 YandexSearch/7.80 YandexSearchBrowser/7.80"
2.92.67.158 - - [01/Sep/2020:08:21:57 +0300] "GET /upload/iblock/0ea/mebel.png HTTP/1.0" 404 4358 "http://sovdom.com/" "Mozilla/5.0 (Linux; Android 8.1.0; JSN-L21 Build/HONORJSN-L21; wv) AppleWebKit/537.36 (KHTML, like Gecko) Version/4.0 Chrome/70.0.3538.110 Mobile Safari/537.36 YandexSearch/7.80 YandexSearchBrowser/7.80"
178.154.200.135 - - [01/Sep/2020:08:21:59 +0300] "GET /bitrix/tools/captcha.php?captcha_sid=03498b3d5855b2d01c8c7b8813d91788 HTTP/1.0" 200 3867 "-" "Mozilla/5.0 (compatible; YandexImages/3.0; +http://yandex.com/bots)"
2.92.67.158 - - [01/Sep/2020:08:22:01 +0300] "POST / HTTP/1.0" 200 773 "http://sovdom.com/" "Mozilla/5.0 (Linux; Android 8.1.0; JSN-L21 Build/HONORJSN-L21; wv) AppleWebKit/537.36 (KHTML, like Gecko) Version/4.0 Chrome/70.0.3538.110 Mobile Safari/537.36 YandexSearch/7.80 YandexSearchBrowser/7.80"
2.92.67.158 - - [01/Sep/2020:08:22:02 +0300] "POST / HTTP/1.0" 200 780 "http://sovdom.com/" "Mozilla/5.0 (Linux; Android 8.1.0; JSN-L21 Build/HONORJSN-L21; wv) AppleWebKit/537.36 (KHTML, like Gecko) Version/4.0 Chrome/70.0.3538.110 Mobile Safari/537.36 YandexSearch/7.80 YandexSearchBrowser/7.80"
2.92.67.158 - - [01/Sep/2020:08:22:04 +0300] "POST / HTTP/1.0" 200 803 "http://sovdom.com/" "Mozilla/5.0 (Linux; Android 8.1.0; JSN-L21 Build/HONORJSN-L21; wv) AppleWebKit/537.36 (KHTML, like Gecko) Version/4.0 Chrome/70.0.3538.110 Mobile Safari/537.36 YandexSearch/7.80 YandexSearchBrowser/7.80"
2.92.67.158 - - [01/Sep/2020:08:22:04 +0300] "POST / HTTP/1.0" 200 426 "http://sovdom.com/" "Mozilla/5.0 (Linux; Android 8.1.0; JSN-L21 Build/HONORJSN-L21; wv) AppleWebKit/537.36 (KHTML, like Gecko) Version/4.0 Chrome/70.0.3538.110 Mobile Safari/537.36 YandexSearch/7.80 YandexSearchBrowser/7.80"
178.154.200.135 - - [01/Sep/2020:08:22:06 +0300] "GET /catalog/detail.php?ID=341039 HTTP/1.0" 200 20967 "-" "Mozilla/5.0 (compatible; YandexBot/3.0; +http://yandex.com/bots)"
2.92.67.158 - - [01/Sep/2020:08:22:07 +0300] "GET /catalog/detail.php?ID=344629 HTTP/1.0" 200 7473 "http://sovdom.com/" "Mozilla/5.0 (Linux; Android 8.1.0; JSN-L21 Build/HONORJSN-L21; wv) AppleWebKit/537.36 (KHTML, like Gecko) Version/4.0 Chrome/70.0.3538.110 Mobile Safari/537.36 YandexSearch/7.80 YandexSearchBrowser/7.80"
37.19.37.121 - - [01/Sep/2020:08:22:16 +0300] "GET /catalog/list2373.htm HTTP/1.0" 200 6314 "http://sovdom.com/" "Mozilla/5.0 (Linux; Android 10; YAL-L41 Build/HUAWEIYAL-L41) AppleWebKit/537.36 (KHTML, like Gecko) Chrome/85.0.4183.81 Mobile Safari/537.36 YaApp_Android/11.00 YaSearchBrowser/11.00"
37.19.37.121 - - [01/Sep/2020:08:22:19 +0300] "POST /catalog/list2373.htm?SECTION_ID=2373 HTTP/1.0" 200 1022 "http://sovdom.com/catalog/list2373.htm" "Mozilla/5.0 (Linux; Android 10; YAL-L41 Build/HUAWEIYAL-L41) AppleWebKit/537.36 (KHTML, like Gecko) Chrome/85.0.4183.81 Mobile Safari/537.36 YaApp_Android/11.00 YaSearchBrowser/11.00"
37.19.37.121 - - [01/Sep/2020:08:22:19 +0300] "POST /catalog/list2373.htm?SECTION_ID=2373 HTTP/1.0" 200 844 "http://sovdom.com/catalog/list2373.htm" "Mozilla/5.0 (Linux; Android 10; YAL-L41 Build/HUAWEIYAL-L41) AppleWebKit/537.36 (KHTML, like Gecko) Chrome/85.0.4183.81 Mobile Safari/537.36 YaApp_Android/11.00 YaSearchBrowser/11.00"
37.19.37.121 - - [01/Sep/2020:08:22:20 +0300] "POST /catalog/list2373.htm?SECTION_ID=2373 HTTP/1.0" 200 842 "http://sovdom.com/catalog/list2373.htm" "Mozilla/5.0 (Linux; Android 10; YAL-L41 Build/HUAWEIYAL-L41) AppleWebKit/537.36 (KHTML, like Gecko) Chrome/85.0.4183.81 Mobile Safari/537.36 YaApp_Android/11.00 YaSearchBrowser/11.00"
37.19.37.121 - - [01/Sep/2020:08:22:25 +0300] "POST /catalog/list2373.htm?SECTION_ID=2373 HTTP/1.0" 200 395 "http://sovdom.com/catalog/list2373.htm" "Mozilla/5.0 (Linux; Android 10; YAL-L41 Build/HUAWEIYAL-L41) AppleWebKit/537.36 (KHTML, like Gecko) Chrome/85.0.4183.81 Mobile Safari/537.36 YaApp_Android/11.00 YaSearchBrowser/11.00"
37.19.37.121 - - [01/Sep/2020:08:22:27 +0300] "GET /catalog/detail.php?ID=325842 HTTP/1.0" 200 7206 "http://sovdom.com/catalog/list2373.htm" "Mozilla/5.0 (Linux; Android 10; YAL-L41 Build/HUAWEIYAL-L41) AppleWebKit/537.36 (KHTML, like Gecko) Chrome/85.0.4183.81 Mobile Safari/537.36 YaApp_Android/11.00 YaSearchBrowser/11.00"
178.154.200.135 - - [01/Sep/2020:08:22:33 +0300] "GET /catalog/detail.php?ID=340778 HTTP/1.0" 200 21497 "-" "Mozilla/5.0 (compatible; YandexBot/3.0; +http://yandex.com/bots)"
2.92.67.158 - - [01/Sep/2020:08:22:47 +0300] "GET /catalog/detail.php?ID=344628 HTTP/1.0" 200 7529 "http://sovdom.com/catalog/detail.php?ID=344629" "Mozilla/5.0 (Linux; Android 8.1.0; JSN-L21 Build/HONORJSN-L21; wv) AppleWebKit/537.36 (KHTML, like Gecko) Version/4.0 Chrome/70.0.3538.110 Mobile Safari/537.36 YandexSearch/7.80 YandexSearchBrowser/7.80"
216.244.66.240 - - [01/Sep/2020:08:22:50 +0300] "GET /catalog/index2320.htm HTTP/1.0" 301 135204 "-" "Mozilla/5.0 (compatible; DotBot/1.1; http://www.opensiteexplorer.org/dotbot, help@moz.com)"
37.19.37.121 - - [01/Sep/2020:08:22:52 +0300] "POST /catalog/add2basket.php HTTP/1.0" 200 24 "http://sovdom.com/catalog/detail.php?ID=325842" "Mozilla/5.0 (Linux; Android 10; YAL-L41 Build/HUAWEIYAL-L41) AppleWebKit/537.36 (KHTML, like Gecko) Chrome/85.0.4183.81 Mobile Safari/537.36 YaApp_Android/11.00 YaSearchBrowser/11.00"
37.19.37.121 - - [01/Sep/2020:08:22:52 +0300] "POST /catalog/basket_small.php HTTP/1.0" 200 75 "http://sovdom.com/catalog/detail.php?ID=325842" "Mozilla/5.0 (Linux; Android 10; YAL-L41 Build/HUAWEIYAL-L41) AppleWebKit/537.36 (KHTML, like Gecko) Chrome/85.0.4183.81 Mobile Safari/537.36 YaApp_Android/11.00 YaSearchBrowser/11.00"
37.19.37.121 - - [01/Sep/2020:08:22:56 +0300] "GET /personal/cart/ HTTP/1.0" 200 5281 "http://sovdom.com/catalog/detail.php?ID=325842" "Mozilla/5.0 (Linux; Android 10; YAL-L41 Build/HUAWEIYAL-L41) AppleWebKit/537.36 (KHTML, like Gecko) Chrome/85.0.4183.81 Mobile Safari/537.36 YaApp_Android/11.00 YaSearchBrowser/11.00"
178.154.200.135 - - [01/Sep/2020:08:23:04 +0300] "GET /catalog/detail.php?ID=345203 HTTP/1.0" 200 21473 "-" "Mozilla/5.0 (compatible; YandexBot/3.0; +http://yandex.com/bots)"
178.154.200.135 - - [01/Sep/2020:08:23:12 +0300] "GET /catalog/detail.php?ID=325030 HTTP/1.0" 200 22308 "-" "Mozilla/5.0 (compatible; YandexBot/3.0; +http://yandex.com/bots)"
2.92.67.158 - - [01/Sep/2020:08:23:29 +0300] "GET /catalog/detail.php?ID=344629 HTTP/1.0" 200 7508 "http://sovdom.com/" "Mozilla/5.0 (Linux; Android 8.1.0; JSN-L21 Build/HONORJSN-L21; wv) AppleWebKit/537.36 (KHTML, like Gecko) Version/4.0 Chrome/70.0.3538.110 Mobile Safari/537.36 YandexSearch/7.80 YandexSearchBrowser/7.80"
2.92.67.158 - - [01/Sep/2020:08:23:32 +0300] "GET /catalog/detail.php?ID=344629 HTTP/1.0" 200 7501 "http://sovdom.com/catalog/detail.php?ID=344629" "Mozilla/5.0 (Linux; Android 8.1.0; JSN-L21 Build/HONORJSN-L21; wv) AppleWebKit/537.36 (KHTML, like Gecko) Version/4.0 Chrome/70.0.3538.110 Mobile Safari/537.36 YandexSearch/7.80 YandexSearchBrowser/7.80"
95.163.255.91 - - [01/Sep/2020:08:23:58 +0300] "GET /robots.txt HTTP/1.0" 200 4301 "-" "Mozilla/5.0 (compatible; Linux x86_64; Mail.RU_Bot/Img/2.0; +http://go.mail.ru/help/robots)"
178.154.200.135 - - [01/Sep/2020:08:24:03 +0300] "GET /catalog/detail.php?ID=345043 HTTP/1.0" 200 21513 "-" "Mozilla/5.0 (compatible; YandexBot/3.0; +http://yandex.com/bots)"
178.154.200.135 - - [01/Sep/2020:08:24:21 +0300] "GET /catalog/detail.php?ID=342066 HTTP/1.0" 200 20802 "-" "Mozilla/5.0 (compatible; YandexBot/3.0; +http://yandex.com/bots)"
178.154.200.135 - - [01/Sep/2020:08:25:13 +0300] "GET /bitrix/tools/captcha.php?captcha_sid=0a5b6cbe93dea350c32dbcb15454c9bf HTTP/1.0" 200 3979 "-" "Mozilla/5.0 (compatible; YandexImages/3.0; +http://yandex.com/bots)"
31.132.179.74 - - [01/Sep/2020:08:25:26 +0300] "GET /catalog/list2119.htm HTTP/1.0" 200 66775 "http://www.google.com/" "Mozilla/5.0 (Linux; Android 10; SM-A505FN) AppleWebKit/537.36 (KHTML, like Gecko) Chrome/85.0.4183.81 Mobile Safari/537.36"
178.154.200.135 - - [01/Sep/2020:08:25:28 +0300] "GET /bitrix/tools/captcha.php?captcha_sid=0fe100cd5f01388037534526e9df23ba HTTP/1.0" 200 3813 "-" "Mozilla/5.0 (compatible; YandexImages/3.0; +http://yandex.com/bots)"
178.154.200.154 - - [01/Sep/2020:08:25:29 +0300] "GET /bitrix/tools/captcha.php?captcha_sid=00f5a3f1911d4fdd142ff1a5316df0e5 HTTP/1.0" 200 3922 "-" "Mozilla/5.0 (compatible; YandexImages/3.0; +http://yandex.com/bots)"
178.154.200.135 - - [01/Sep/2020:08:25:51 +0300] "GET /bitrix/tools/captcha.php?captcha_sid=039fb2712b667c8b5cba805b93b2e71e HTTP/1.0" 200 3955 "-" "Mozilla/5.0 (compatible; YandexImages/3.0; +http://yandex.com/bots)"
31.132.179.74 - - [01/Sep/2020:08:26:07 +0300] "GET / HTTP/1.0" 200 22601 "http://www.google.com/" "Mozilla/5.0 (Linux; Android 10; SM-A505FN) AppleWebKit/537.36 (KHTML, like Gecko) Chrome/85.0.4183.81 Mobile Safari/537.36"
31.132.179.74 - - [01/Sep/2020:08:26:07 +0300] "GET /images/image.php?id=121579&pic=articles_index HTTP/1.0" 200 2185 "http://sovdom.com/" "Mozilla/5.0 (Linux; Android 10; SM-A505FN) AppleWebKit/537.36 (KHTML, like Gecko) Chrome/85.0.4183.81 Mobile Safari/537.36"
31.132.179.74 - - [01/Sep/2020:08:26:07 +0300] "GET /images/image.php?id=120209&pic=articles_index HTTP/1.0" 200 4026 "http://sovdom.com/" "Mozilla/5.0 (Linux; Android 10; SM-A505FN) AppleWebKit/537.36 (KHTML, like Gecko) Chrome/85.0.4183.81 Mobile Safari/537.36"
31.132.179.74 - - [01/Sep/2020:08:26:07 +0300] "GET /upload/iblock/0ea/mebel.png HTTP/1.0" 404 4361 "http://sovdom.com/" "Mozilla/5.0 (Linux; Android 10; SM-A505FN) AppleWebKit/537.36 (KHTML, like Gecko) Chrome/85.0.4183.81 Mobile Safari/537.36"
31.132.179.74 - - [01/Sep/2020:08:26:07 +0300] "GET /upload/iblock/367/5.png HTTP/1.0" 404 4358 "http://sovdom.com/" "Mozilla/5.0 (Linux; Android 10; SM-A505FN) AppleWebKit/537.36 (KHTML, like Gecko) Chrome/85.0.4183.81 Mobile Safari/537.36"
178.154.200.135 - - [01/Sep/2020:08:26:35 +0300] "GET /bitrix/tools/captcha.php?captcha_sid=08409565df7f962b9dc2d99d5881ee6b HTTP/1.0" 200 3970 "-" "Mozilla/5.0 (compatible; YandexImages/3.0; +http://yandex.com/bots)"
178.154.200.135 - - [01/Sep/2020:08:26:35 +0300] "GET /bitrix/tools/captcha.php?captcha_sid=0e8854cc184c2fdd3d55444b826deb6a HTTP/1.0" 200 3927 "-" "Mozilla/5.0 (compatible; YandexImages/3.0; +http://yandex.com/bots)"
66.249.76.146 - - [01/Sep/2020:08:27:20 +0300] "GET /articles/detail337771.htm HTTP/1.0" 200 19038 "-" "Mozilla/5.0 (compatible; Googlebot/2.1; +http://www.google.com/bot.html)"
95.217.45.173 - - [01/Sep/2020:08:27:53 +0300] "GET /catalog/detail.php?ID=321594 HTTP/1.0" 200 22268 "-" "Mozilla/5.0 (Windows NT 10.0; WOW64; rv:42.0) Gecko/20100101 Firefox/42.0"
95.217.45.173 - - [01/Sep/2020:08:27:53 +0300] "GET /catalog/detail.php?ID=319387 HTTP/1.0" 200 22167 "-" "Mozilla/5.0 (Windows NT 10.0; WOW64; rv:42.0) Gecko/20100101 Firefox/42.0"
95.217.45.173 - - [01/Sep/2020:08:27:54 +0300] "GET /catalog/detail.php?ID=15909 HTTP/1.0" 200 21568 "-" "Mozilla/5.0 (Windows NT 10.0; WOW64; rv:42.0) Gecko/20100101 Firefox/42.0"
83.149.45.130 - - [01/Sep/2020:08:28:58 +0300] "GET /catalog/ HTTP/1.0" 200 4766 "https://yandex.ru/" "Mozilla/5.0 (iPhone; CPU iPhone OS 13_6 like Mac OS X) AppleWebKit/605.1.15 (KHTML, like Gecko) Mobile/15E148 YaBrowser/19.5.2.38.10 YaApp_iOS/38.10 YaApp_iOS_Browser/38.10 Safari/604.1 SA/3"
83.149.45.130 - - [01/Sep/2020:08:29:01 +0300] "GET /catalog/list.php?catalog_q=%D0%92%D0%B2%D0%B5%D0%B4%D0%B8%D1%82%D0%B5+%D0%BD%D0%B0%D0%B8%D0%BC%D0%B5%D0%BD%D0%BE%D0%B2%D0%B0%D0%BD%D0%B8%D0%B5+%D0%B8%D0%BB%D0%B8+%D0%B0%D1%80%D1%82%D0%B8%D0%BA%D1%83%D0%BB HTTP/1.0" 200 - "http://sovdom.com/catalog/" "Mozilla/5.0 (iPhone; CPU iPhone OS 13_6 like Mac OS X) AppleWebKit/605.1.15 (KHTML, like Gecko) Mobile/15E148 YaBrowser/19.5.2.38.10 YaApp_iOS/38.10 YaApp_iOS_Browser/38.10 Safari/604.1 SA/3"
66.249.76.142 - - [01/Sep/2020:08:29:28 +0300] "GET /catalog/index2331.htm HTTP/1.0" 301 18636 "-" "Mozilla/5.0 (compatible; Googlebot/2.1; +http://www.google.com/bot.html)"
66.249.76.142 - - [01/Sep/2020:08:29:28 +0300] "GET /catalog/list2331.htm HTTP/1.0" 200 20365 "-" "Mozilla/5.0 (compatible; Googlebot/2.1; +http://www.google.com/bot.html)"
83.149.45.130 - - [01/Sep/2020:08:29:02 +0300] "GET /catalog/list.php?catalog_q=%D0%92%D0%B2%D0%B5%D0%B4%D0%B8%D1%82%D0%B5+%D0%BD%D0%B0%D0%B8%D0%BC%D0%B5%D0%BD%D0%BE%D0%B2%D0%B0%D0%BD%D0%B8%D0%B5+%D0%B8%D0%BB%D0%B8+%D0%B0%D1%80%D1%82%D0%B8%D0%BA%D1%83%D0%BB HTTP/1.0" 200 - "http://sovdom.com/catalog/" "Mozilla/5.0 (iPhone; CPU iPhone OS 13_6 like Mac OS X) AppleWebKit/605.1.15 (KHTML, like Gecko) Mobile/15E148 YaBrowser/19.5.2.38.10 YaApp_iOS/38.10 YaApp_iOS_Browser/38.10 Safari/604.1 SA/3"
66.249.64.184 - - [01/Sep/2020:08:29:59 +0300] "GET /catalog/list2331.htm HTTP/1.0" 200 20366 "-" "Mozilla/5.0 (compatible; Googlebot/2.1; +http://www.google.com/bot.html)"
83.149.45.130 - - [01/Sep/2020:08:30:19 +0300] "GET /catalog/list.php?catalog_q=%D0%91%D0%B0%D0%BA+%D0%BF%D0%B8%D1%89%D0%B5%D0%B2%D0%BE%D0%B9 HTTP/1.0" 200 - "http://sovdom.com/catalog/" "Mozilla/5.0 (iPhone; CPU iPhone OS 13_6 like Mac OS X) AppleWebKit/605.1.15 (KHTML, like Gecko) Mobile/15E148 YaBrowser/19.5.2.38.10 YaApp_iOS/38.10 YaApp_iOS_Browser/38.10 Safari/604.1 SA/3"
83.149.45.130 - - [01/Sep/2020:08:30:25 +0300] "GET /catalog/list.php?catalog_q=%D0%91%D0%B0%D0%BA+%D0%BF%D0%B8%D1%89%D0%B5%D0%B2%D0%BE%D0%B9 HTTP/1.0" 200 - "http://sovdom.com/catalog/" "Mozilla/5.0 (iPhone; CPU iPhone OS 13_6 like Mac OS X) AppleWebKit/605.1.15 (KHTML, like Gecko) Mobile/15E148 YaBrowser/19.5.2.38.10 YaApp_iOS/38.10 YaApp_iOS_Browser/38.10 Safari/604.1 SA/3"
40.77.167.170 - - [01/Sep/2020:08:32:54 +0300] "GET /articles/?PAGEN_329=6 HTTP/1.0" 200 19736 "-" "Mozilla/5.0 (compatible; bingbot/2.0; +http://www.bing.com/bingbot.htm)"
31.132.169.223 - - [01/Sep/2020:08:33:41 +0300] "GET /catalog/ HTTP/1.0" 200 19588 "https://yandex.ru/" "Mozilla/5.0 (Windows NT 6.1) AppleWebKit/537.36 (KHTML, like Gecko) Chrome/84.0.4147.135 Safari/537.36"
31.132.169.223 - - [01/Sep/2020:08:33:43 +0300] "GET /bitrix/tools/captcha.php?captcha_sid=0e2ef174f6c4d6abf59f10225fbf3e1b HTTP/1.0" 200 3961 "http://sovdom.com/catalog/" "Mozilla/5.0 (Windows NT 6.1) AppleWebKit/537.36 (KHTML, like Gecko) Chrome/84.0.4147.135 Safari/537.36"
31.132.169.223 - - [01/Sep/2020:08:34:02 +0300] "GET /catalog/index2103.htm HTTP/1.0" 200 21678 "http://sovdom.com/catalog/" "Mozilla/5.0 (Windows NT 6.1) AppleWebKit/537.36 (KHTML, like Gecko) Chrome/84.0.4147.135 Safari/537.36"
31.132.169.223 - - [01/Sep/2020:08:34:05 +0300] "GET /bitrix/tools/captcha.php?captcha_sid=07eabda8d06f813812a0b029e49f6948 HTTP/1.0" 200 4062 "http://sovdom.com/catalog/index2103.htm" "Mozilla/5.0 (Windows NT 6.1) AppleWebKit/537.36 (KHTML, like Gecko) Chrome/84.0.4147.135 Safari/537.36"
31.132.169.223 - - [01/Sep/2020:08:34:22 +0300] "GET /catalog/list2158.htm HTTP/1.0" 200 34478 "http://sovdom.com/catalog/index2103.htm" "Mozilla/5.0 (Windows NT 6.1) AppleWebKit/537.36 (KHTML, like Gecko) Chrome/84.0.4147.135 Safari/537.36"
31.132.169.223 - - [01/Sep/2020:08:34:25 +0300] "GET /bitrix/tools/captcha.php?captcha_sid=0545ce535ae82b4976921162f00f00f4 HTTP/1.0" 200 3946 "http://sovdom.com/catalog/list2158.htm" "Mozilla/5.0 (Windows NT 6.1) AppleWebKit/537.36 (KHTML, like Gecko) Chrome/84.0.4147.135 Safari/537.36"
66.249.76.146 - - [01/Sep/2020:08:35:29 +0300] "GET /catalog/list2188.htm HTTP/1.0" 200 24356 "-" "Mozilla/5.0 (compatible; Googlebot/2.1; +http://www.google.com/bot.html)"
77.232.142.38 - - [01/Sep/2020:08:35:59 +0300] "GET /catalog/list2149.htm HTTP/1.0" 200 342089 "https://yandex.ru/" "Mozilla/5.0 (iPhone; CPU iPhone OS 13_6_1 like Mac OS X) AppleWebKit/605.1.15 (KHTML, like Gecko) Mobile/15E148 YaBrowser/19.5.2.38.10 YaApp_iOS/37.00 YaApp_iOS_Browser/37.00 Safari/604.1 SA/3"
77.232.142.38 - - [01/Sep/2020:08:36:13 +0300] "GET /catalog/list2149.htm HTTP/1.0" 200 24092 "https://yandex.ru/" "Mozilla/5.0 (iPhone; CPU iPhone OS 13_6_1 like Mac OS X) AppleWebKit/605.1.15 (KHTML, like Gecko) Mobile/15E148 YaBrowser/19.5.2.38.10 YaApp_iOS/37.00 YaApp_iOS_Browser/37.00 Safari/604.1 SA/3"
31.132.169.223 - - [01/Sep/2020:08:36:14 +0300] "GET /catalog/index2103.htm HTTP/1.0" 200 21678 "http://sovdom.com/catalog/" "Mozilla/5.0 (Windows NT 6.1) AppleWebKit/537.36 (KHTML, like Gecko) Chrome/84.0.4147.135 Safari/537.36"
31.132.169.223 - - [01/Sep/2020:08:36:16 +0300] "GET /bitrix/tools/captcha.php?captcha_sid=02ca4bbd7f200dd905476543ef293f6d HTTP/1.0" 200 3999 "http://sovdom.com/catalog/index2103.htm" "Mozilla/5.0 (Windows NT 6.1) AppleWebKit/537.36 (KHTML, like Gecko) Chrome/84.0.4147.135 Safari/537.36"
31.132.169.223 - - [01/Sep/2020:08:36:18 +0300] "GET /catalog/ HTTP/1.0" 200 19589 "https://yandex.ru/" "Mozilla/5.0 (Windows NT 6.1) AppleWebKit/537.36 (KHTML, like Gecko) Chrome/84.0.4147.135 Safari/537.36"
31.132.169.223 - - [01/Sep/2020:08:36:18 +0300] "GET /bitrix/tools/captcha.php?captcha_sid=00b4c07179b35798653513feaf5e7218 HTTP/1.0" 200 3875 "http://sovdom.com/catalog/" "Mozilla/5.0 (Windows NT 6.1) AppleWebKit/537.36 (KHTML, like Gecko) Chrome/84.0.4147.135 Safari/537.36"
5.145.160.178 - - [01/Sep/2020:08:36:29 +0300] "GET /catalog/list2098.htm HTTP/1.0" 200 29140 "-" "Mozilla/5.0 (Windows NT 10.0; WOW64) AppleWebKit/537.36 (KHTML, like Gecko) Chrome/84.0.4147.105 YaBrowser/20.8.1.83 Yowser/2.5 Yptp/1.23 Safari/537.36"
5.145.160.178 - - [01/Sep/2020:08:36:45 +0300] "GET /bitrix/tools/captcha.php?captcha_sid=062544f3515b86c4a86e6410254bd117 HTTP/1.0" 200 3993 "http://sovdom.com/catalog/list2098.htm" "Mozilla/5.0 (Windows NT 10.0; WOW64) AppleWebKit/537.36 (KHTML, like Gecko) Chrome/84.0.4147.105 YaBrowser/20.8.1.83 Yowser/2.5 Yptp/1.23 Safari/537.36"
83.149.45.130 - - [01/Sep/2020:08:36:49 +0300] "GET /catalog/ HTTP/1.0" 200 4767 "https://yandex.ru/" "Mozilla/5.0 (iPhone; CPU iPhone OS 13_6 like Mac OS X) AppleWebKit/605.1.15 (KHTML, like Gecko) Mobile/15E148 YaBrowser/19.5.2.38.10 YaApp_iOS/38.10 YaApp_iOS_Browser/38.10 Safari/604.1 SA/3"
31.132.169.223 - - [01/Sep/2020:08:37:03 +0300] "GET / HTTP/1.0" 200 79613 "https://yandex.ru/" "Mozilla/5.0 (Windows NT 6.1) AppleWebKit/537.36 (KHTML, like Gecko) Chrome/84.0.4147.135 Safari/537.36"
31.132.169.223 - - [01/Sep/2020:08:37:04 +0300] "GET /images/image.php?id=121579&pic=articles_index HTTP/1.0" 200 2185 "http://sovdom.com/" "Mozilla/5.0 (Windows NT 6.1) AppleWebKit/537.36 (KHTML, like Gecko) Chrome/84.0.4147.135 Safari/537.36"
31.132.169.223 - - [01/Sep/2020:08:37:04 +0300] "GET /images/image.php?id=120209&pic=articles_index HTTP/1.0" 200 4026 "http://sovdom.com/" "Mozilla/5.0 (Windows NT 6.1) AppleWebKit/537.36 (KHTML, like Gecko) Chrome/84.0.4147.135 Safari/537.36"
31.132.169.223 - - [01/Sep/2020:08:37:04 +0300] "GET /images/image.php?id=119164&pic=articles_index HTTP/1.0" 200 2185 "http://sovdom.com/" "Mozilla/5.0 (Windows NT 6.1) AppleWebKit/537.36 (KHTML, like Gecko) Chrome/84.0.4147.135 Safari/537.36"
31.132.169.223 - - [01/Sep/2020:08:37:04 +0300] "GET /upload/iblock/367/5.png HTTP/1.0" 404 18801 "http://sovdom.com/" "Mozilla/5.0 (Windows NT 6.1) AppleWebKit/537.36 (KHTML, like Gecko) Chrome/84.0.4147.135 Safari/537.36"
31.132.169.223 - - [01/Sep/2020:08:37:04 +0300] "GET /upload/iblock/0ea/mebel.png HTTP/1.0" 404 18804 "http://sovdom.com/" "Mozilla/5.0 (Windows NT 6.1) AppleWebKit/537.36 (KHTML, like Gecko) Chrome/84.0.4147.135 Safari/537.36"
31.132.169.223 - - [01/Sep/2020:08:37:06 +0300] "GET /bitrix/tools/captcha.php?captcha_sid=098391470db7e6dd2265083ececc713b HTTP/1.0" 200 3825 "http://sovdom.com/" "Mozilla/5.0 (Windows NT 6.1) AppleWebKit/537.36 (KHTML, like Gecko) Chrome/84.0.4147.135 Safari/537.36"
83.149.45.130 - - [01/Sep/2020:08:36:52 +0300] "GET /catalog/list.php?catalog_q=%D0%92%D0%B2%D0%B5%D0%B4%D0%B8%D1%82%D0%B5+%D0%BD%D0%B0%D0%B8%D0%BC%D0%B5%D0%BD%D0%BE%D0%B2%D0%B0%D0%BD%D0%B8%D0%B5+%D0%B8%D0%BB%D0%B8+%D0%B0%D1%80%D1%82%D0%B8%D0%BA%D1%83%D0%BB HTTP/1.0" 200 - "http://sovdom.com/catalog/" "Mozilla/5.0 (iPhone; CPU iPhone OS 13_6 like Mac OS X) AppleWebKit/605.1.15 (KHTML, like Gecko) Mobile/15E148 YaBrowser/19.5.2.38.10 YaApp_iOS/38.10 YaApp_iOS_Browser/38.10 Safari/604.1 SA/3"
83.149.45.130 - - [01/Sep/2020:08:37:02 +0300] "GET /catalog/list.php?catalog_q=%D0%9F%D0%B8%D1%89%D0%B5%D0%B2%D0%BE%D0%B9+%D0%B1%D0%B0%D0%BA HTTP/1.0" 200 - "http://sovdom.com/catalog/" "Mozilla/5.0 (iPhone; CPU iPhone OS 13_6 like Mac OS X) AppleWebKit/605.1.15 (KHTML, like Gecko) Mobile/15E148 YaBrowser/19.5.2.38.10 YaApp_iOS/38.10 YaApp_iOS_Browser/38.10 Safari/604.1 SA/3"
95.163.36.7 - - [01/Sep/2020:08:38:06 +0300] "GET /sitemap_iblock_12.xml HTTP/1.0" 304 - "-" "Mozilla/5.0 (compatible; Linux x86_64; Mail.RU_Bot/Fast/2.0; +http://go.mail.ru/help/robots)"
31.132.169.223 - - [01/Sep/2020:08:38:07 +0300] "GET /about/ HTTP/1.0" 200 21627 "https://yandex.ru/" "Mozilla/5.0 (Windows NT 6.1) AppleWebKit/537.36 (KHTML, like Gecko) Chrome/84.0.4147.135 Safari/537.36"
31.132.169.223 - - [01/Sep/2020:08:38:09 +0300] "GET /bitrix/tools/captcha.php?captcha_sid=00a9ab37ba7424a880f52a92f628b03f HTTP/1.0" 200 3841 "http://sovdom.com/about/" "Mozilla/5.0 (Windows NT 6.1) AppleWebKit/537.36 (KHTML, like Gecko) Chrome/84.0.4147.135 Safari/537.36"
95.163.36.4 - - [01/Sep/2020:08:38:10 +0300] "GET /sitemap_files.xml HTTP/1.0" 304 - "-" "Mozilla/5.0 (compatible; Linux x86_64; Mail.RU_Bot/Fast/2.0; +http://go.mail.ru/help/robots)"
95.163.36.6 - - [01/Sep/2020:08:38:13 +0300] "GET /sitemap_iblock_10.xml HTTP/1.0" 304 - "-" "Mozilla/5.0 (compatible; Linux x86_64; Mail.RU_Bot/Fast/2.0; +http://go.mail.ru/help/robots)"
95.163.36.4 - - [01/Sep/2020:08:38:17 +0300] "GET /sitemap_iblock_11.xml HTTP/1.0" 304 - "-" "Mozilla/5.0 (compatible; Linux x86_64; Mail.RU_Bot/Fast/2.0; +http://go.mail.ru/help/robots)"
83.149.45.130 - - [01/Sep/2020:08:38:02 +0300] "GET /catalog/list.php?catalog_q=%D0%9F%D0%B8%D1%89%D0%B5%D0%B2%D0%BE%D0%B9+%D0%B1%D0%B0%D0%BA HTTP/1.0" 200 - "http://sovdom.com/catalog/" "Mozilla/5.0 (iPhone; CPU iPhone OS 13_6 like Mac OS X) AppleWebKit/605.1.15 (KHTML, like Gecko) Mobile/15E148 YaBrowser/19.5.2.38.10 YaApp_iOS/38.10 YaApp_iOS_Browser/38.10 Safari/604.1 SA/3"
95.163.36.6 - - [01/Sep/2020:08:38:28 +0300] "GET /sitemap_iblock_8.xml HTTP/1.0" 304 - "-" "Mozilla/5.0 (compatible; Linux x86_64; Mail.RU_Bot/Fast/2.0; +http://go.mail.ru/help/robots)"
95.217.45.173 - - [01/Sep/2020:08:38:59 +0300] "GET /catalog/detail.php?ID=323022 HTTP/1.0" 200 22158 "-" "Mozilla/5.0 (Windows NT 10.0; WOW64; rv:42.0) Gecko/20100101 Firefox/42.0"
141.8.142.66 - - [01/Sep/2020:08:39:58 +0300] "GET / HTTP/1.0" 200 79617 "-" "Mozilla/5.0 (compatible; YandexBot/3.0; +http://yandex.com/bots) AppleWebKit/537.36 (KHTML, like Gecko) Chrome/51.0.2704.106"
178.154.200.135 - - [01/Sep/2020:08:40:38 +0300] "GET /bitrix/tools/captcha.php?captcha_sid=0abcb510ca1ea21517045b579d63d750 HTTP/1.0" 200 3833 "-" "Mozilla/5.0 (compatible; YandexImages/3.0; +http://yandex.com/bots)"
31.131.68.15 - - [01/Sep/2020:08:41:09 +0300] "GET /catalog/detail.php?ID=321158 HTTP/1.0" 200 6913 "-" "Mozilla/5.0 (Linux; U; Android 7.1.2; ru-ru; Redmi 4A Build/N2G47H) AppleWebKit/537.36 (KHTML, like Gecko) Version/4.0 Chrome/61.0.3163.128 Mobile Safari/537.36 XiaoMi/MiuiBrowser/10.4.3-g"
95.220.207.250 - - [01/Sep/2020:08:41:13 +0300] "GET /catalog/detail.php?ID=334276 HTTP/1.0" 200 10687 "-" "Opera/9.80 (J2ME/MIDP; Opera Mini/6.1.25378/28.2555; U; ru) Presto/2.8.119 Version/11.10"
178.154.200.135 - - [01/Sep/2020:08:41:58 +0300] "GET /catalog/detail.php?ID=344007 HTTP/1.0" 200 21220 "-" "Mozilla/5.0 (compatible; YandexBot/3.0; +http://yandex.com/bots)"
27.153.142.18 - - [01/Sep/2020:08:42:12 +0300] "GET /catalog/list2358.htm HTTP/1.0" 200 18817 "-" "Mozilla/5.0 (Windows NT 6.1; Trident/7.0; rv:11.0) like Gecko"
27.153.142.18 - - [01/Sep/2020:08:42:14 +0300] "GET /bitrix/tools/captcha.php?captcha_sid=025e55156a5fb5ff08febc489744adb9 HTTP/1.0" 200 4008 "http://sovdom.com/catalog/list2358.htm" "Mozilla/5.0 (Windows NT 6.1; Trident/7.0; rv:11.0) like Gecko"
27.153.142.18 - - [01/Sep/2020:08:42:17 +0300] "POST /personal/feedback/ HTTP/1.0" 200 6586 "http://sovdom.com/catalog/list2358.htm" "Mozilla/5.0 (Windows NT 6.1; Trident/7.0; rv:11.0) like Gecko"
27.153.142.18 - - [01/Sep/2020:08:42:18 +0300] "GET /catalog/list2358.htm HTTP/1.0" 200 18817 "-" "Mozilla/5.0 (Windows NT 6.1; Trident/7.0; rv:11.0) like Gecko"
178.154.200.135 - - [01/Sep/2020:08:43:54 +0300] "GET /catalog/detail.php?ID=335225 HTTP/1.0" 200 21686 "-" "Mozilla/5.0 (compatible; YandexBot/3.0; +http://yandex.com/bots)"
176.59.41.107 - - [01/Sep/2020:08:44:55 +0300] "GET / HTTP/1.0" 200 22601 "http://yandex.ru/searchapp?text=" "Mozilla/5.0 (Linux; arm_64; Android 8.1.0; ZC520KL) AppleWebKit/537.36 (KHTML, like Gecko) Chrome/81.0.4044.138 YaApp_Android/11.41 YaSearchBrowser/11.41 BroPP/1.0 SA/1 Mobile Safari/537.36"
176.59.41.107 - - [01/Sep/2020:08:44:56 +0300] "GET /images/image.php?id=121579&pic=articles_index HTTP/1.0" 200 2185 "http://sovdom.com/" "Mozilla/5.0 (Linux; arm_64; Android 8.1.0; ZC520KL) AppleWebKit/537.36 (KHTML, like Gecko) Chrome/81.0.4044.138 YaApp_Android/11.41 YaSearchBrowser/11.41 BroPP/1.0 SA/1 Mobile Safari/537.36"
176.59.41.107 - - [01/Sep/2020:08:44:56 +0300] "GET /images/image.php?id=120209&pic=articles_index HTTP/1.0" 200 4026 "http://sovdom.com/" "Mozilla/5.0 (Linux; arm_64; Android 8.1.0; ZC520KL) AppleWebKit/537.36 (KHTML, like Gecko) Chrome/81.0.4044.138 YaApp_Android/11.41 YaSearchBrowser/11.41 BroPP/1.0 SA/1 Mobile Safari/537.36"
176.59.41.107 - - [01/Sep/2020:08:44:56 +0300] "GET /images/image.php?id=119164&pic=articles_index HTTP/1.0" 200 2185 "http://sovdom.com/" "Mozilla/5.0 (Linux; arm_64; Android 8.1.0; ZC520KL) AppleWebKit/537.36 (KHTML, like Gecko) Chrome/81.0.4044.138 YaApp_Android/11.41 YaSearchBrowser/11.41 BroPP/1.0 SA/1 Mobile Safari/537.36"
176.59.41.107 - - [01/Sep/2020:08:44:57 +0300] "GET /upload/iblock/0ea/mebel.png HTTP/1.0" 404 4357 "http://sovdom.com/" "Mozilla/5.0 (Linux; arm_64; Android 8.1.0; ZC520KL) AppleWebKit/537.36 (KHTML, like Gecko) Chrome/81.0.4044.138 YaApp_Android/11.41 YaSearchBrowser/11.41 BroPP/1.0 SA/1 Mobile Safari/537.36"
176.59.41.107 - - [01/Sep/2020:08:44:57 +0300] "GET /upload/iblock/367/5.png HTTP/1.0" 404 4354 "http://sovdom.com/" "Mozilla/5.0 (Linux; arm_64; Android 8.1.0; ZC520KL) AppleWebKit/537.36 (KHTML, like Gecko) Chrome/81.0.4044.138 YaApp_Android/11.41 YaSearchBrowser/11.41 BroPP/1.0 SA/1 Mobile Safari/537.36"
31.132.177.40 - - [01/Sep/2020:08:45:33 +0300] "GET / HTTP/1.0" 200 5959 "-" "Mozilla/5.0 (iPhone; CPU iPhone OS 13_6_1 like Mac OS X) AppleWebKit/605.1.15 (KHTML, like Gecko) Version/13.1.2 Mobile/15E148 Safari/604.1"
31.132.177.40 - - [01/Sep/2020:08:45:34 +0300] "GET /images/image.php?id=121579&pic=articles_index HTTP/1.0" 200 2185 "http://sovdom.com/" "Mozilla/5.0 (iPhone; CPU iPhone OS 13_6_1 like Mac OS X) AppleWebKit/605.1.15 (KHTML, like Gecko) Version/13.1.2 Mobile/15E148 Safari/604.1"
31.132.177.40 - - [01/Sep/2020:08:45:34 +0300] "GET /images/image.php?id=119164&pic=articles_index HTTP/1.0" 200 2185 "http://sovdom.com/" "Mozilla/5.0 (iPhone; CPU iPhone OS 13_6_1 like Mac OS X) AppleWebKit/605.1.15 (KHTML, like Gecko) Version/13.1.2 Mobile/15E148 Safari/604.1"
31.132.177.40 - - [01/Sep/2020:08:45:34 +0300] "GET /images/image.php?id=120209&pic=articles_index HTTP/1.0" 200 4026 "http://sovdom.com/" "Mozilla/5.0 (iPhone; CPU iPhone OS 13_6_1 like Mac OS X) AppleWebKit/605.1.15 (KHTML, like Gecko) Version/13.1.2 Mobile/15E148 Safari/604.1"
31.132.177.40 - - [01/Sep/2020:08:45:35 +0300] "GET /upload/iblock/0ea/mebel.png HTTP/1.0" 404 4360 "http://sovdom.com/" "Mozilla/5.0 (iPhone; CPU iPhone OS 13_6_1 like Mac OS X) AppleWebKit/605.1.15 (KHTML, like Gecko) Version/13.1.2 Mobile/15E148 Safari/604.1"
31.132.177.40 - - [01/Sep/2020:08:45:35 +0300] "GET /upload/iblock/367/5.png HTTP/1.0" 404 4358 "http://sovdom.com/" "Mozilla/5.0 (iPhone; CPU iPhone OS 13_6_1 like Mac OS X) AppleWebKit/605.1.15 (KHTML, like Gecko) Version/13.1.2 Mobile/15E148 Safari/604.1"
114.119.161.155 - - [01/Sep/2020:08:45:45 +0300] "GET /articles/detail338471.htm HTTP/1.0" 200 4579 "-" "Mozilla/5.0 (Linux; Android 7.0;) AppleWebKit/537.36 (KHTML, like Gecko) Mobile Safari/537.36 (compatible; PetalBot;+http://aspiegel.com/petalbot)"
182.182.219.103 - - [01/Sep/2020:08:45:58 +0300] "GET /catalog/list2158.htm HTTP/1.0" 200 34483 "-" "Mozilla/5.0 (Windows NT 6.3; Win64; x64) AppleWebKit/537.36 (KHTML, like Gecko) Chrome/54.0.2840.34 Safari/537.36"
202.14.92.145 - - [01/Sep/2020:08:46:00 +0300] "GET /catalog/list2140.htm HTTP/1.0" 200 25406 "-" "Mozilla/5.0 (Windows NT 10.0; WOW64) AppleWebKit/537.36 (KHTML, like Gecko) Chrome/55.0.2883.75 Safari/537.36"
14.226.32.74 - - [01/Sep/2020:08:45:59 +0300] "GET /catalog/list2064.htm HTTP/1.0" 200 41680 "-" "Mozilla/5.0 (Windows NT 10.0; Win64; x64) AppleWebKit/537.36 (KHTML, like Gecko) Chrome/65.0.3325.181 Safari/537.36 OPR/52.0.2871.37,gzip(gfe)"
180.248.201.26 - - [01/Sep/2020:08:45:58 +0300] "GET /catalog/list2183.htm HTTP/1.0" 200 43096 "-" "Mozilla/5.0 (Windows NT 6.2; WOW64) AppleWebKit/537.36 (KHTML, like Gecko) Chrome/52.0.2743.75 XSplit Broadcaster 2.9.1701.1635 Safari/537.36"
113.162.227.193 - - [01/Sep/2020:08:46:00 +0300] "GET /catalog/list2109.htm HTTP/1.0" 200 30607 "-" "Mozilla/5.0 (X11; Linux x86_64) AppleWebKit/537.36 (KHTML, like Gecko) Chrome/49.0.2623.75 Safari/537.36 Mozilla/5.0 (Windows NT 6.1; WOW64; rv:33.0) Gecko/20120101 Firefox/57.0"
181.134.33.187 - - [01/Sep/2020:08:46:03 +0300] "GET /catalog/list2118.htm HTTP/1.0" 200 38760 "-" "Mozilla/5.0 (Windows NT 10.0) AppleWebKit/537.36 (KHTML, like Gecko) Chrome/61.0.3163.100 Safari/537.36 OPR/48.0.2685.39 (Edition Campaign 76)"
180.251.249.147 - - [01/Sep/2020:08:46:04 +0300] "GET /catalog/list2147.htm HTTP/1.0" 200 31253 "-" "Mozilla/5.0 (Windows NT 6.2; WOW64) AppleWebKit/537.36 (KHTML, like Gecko) Chrome/51.0.2683.0 Safari/537.36"
125.164.232.213 - - [01/Sep/2020:08:46:04 +0300] "GET /catalog/list2454.htm HTTP/1.0" 200 39290 "-" "Opera/9.80 (X11; U; Linux x86_64) Presto/2.9.181 Version/46.0.2597.32"
58.187.164.255 - - [01/Sep/2020:08:46:04 +0300] "GET /catalog/list2075.htm HTTP/1.0" 200 40678 "-" "Mozilla/5.0 (Windows NT 6.1; WOW64) AppleWebKit/537.36 (KHTML, like Gecko) Chrome/46.17.2490.86 Safari/537.36"
171.254.230.8 - - [01/Sep/2020:08:46:07 +0300] "GET /catalog/list2143.htm HTTP/1.0" 200 37887 "-" "Mozilla/5.0 (Windows NT 10.0; rv:11.0) Gecko/20100101 Firefox/44.0"
14.236.39.139 - - [01/Sep/2020:08:46:08 +0300] "GET /catalog/list2029.htm HTTP/1.0" 200 40918 "-" "Mozilla/5.0 (Macintosh; U; MacOS X 10_13_0; en-US; Valve Steam GameOverlay/1506551204; ) AppleWebKit/537.36 (KHTML, like Gecko) Chrome/60.0.3112.90 Safari/537.36"
119.42.73.85 - - [01/Sep/2020:08:46:09 +0300] "GET /catalog/list2132.htm HTTP/1.0" 200 37117 "-" "Mozilla/5.0 (X11; OpenBSD i386) AppleWebKit/537.36 (KHTML, like Gecko) Chrome/48.0.2564.116 Safari/537.36"
180.248.122.206 - - [01/Sep/2020:08:46:10 +0300] "GET /catalog/list2162.htm HTTP/1.0" 200 39841 "-" "Mozilla/5.0 (Macintosh; Intel Mac OS X 10_11_6) AppleWebKit/537.36 (KHTML, like Gecko) Chrome/66.0.3359.81 Safari/537.36"
110.137.197.116 - - [01/Sep/2020:08:46:12 +0300] "GET /catalog/list2105.htm HTTP/1.0" 200 27313 "-" "Mozilla/5.0 (Windows NT 5.1) AppleWebKit/537.60 (KHTML, like Gecko) Chrome/47.0.2526.80 Safari/537.60"
172.106.128.242 - - [01/Sep/2020:08:46:12 +0300] "GET /catalog/list2311.htm HTTP/1.0" 200 18821 "-" "Mozilla/5.0 (Windows NT 6.1; rv:50.0) Gecko/Firefox/50.0"
112.196.84.162 - - [01/Sep/2020:08:46:14 +0300] "GET /catalog/list2159.htm HTTP/1.0" 200 34568 "-" "Mozilla/5.0 (Macintosh; Intel Mac OS X 10_12_5) AppleWebKit/537.36 (KHTML, like Gecko) Chrome/59.0.3071.104 Safari/537.36"
181.115.160.142 - - [01/Sep/2020:08:46:14 +0300] "GET /catalog/list2033.htm HTTP/1.0" 200 28497 "-" "Mozilla/5.0 (MSIE 9.0; Windows NT 10.0; Win64; x64) AppleWebKit/537.36 (KHTML, like Gecko) Chrome/51.0.2704.79 Safari/537.36 Edge/14.14393"
110.137.39.25 - - [01/Sep/2020:08:46:15 +0300] "GET /catalog/list2064.htm?SECTION_ID=2064&PAGEN_343=3 HTTP/1.0" 200 41501 "-" "Mozilla/5.0 (Macintosh; Intel Mac OS X 10_12_1) AppleWebKit/537.36 (KHTML, like Gecko) Chrome/64.0.3048.15 Safari/537.36"
197.62.21.173 - - [01/Sep/2020:08:46:18 +0300] "GET /catalog/list2183.htm?SECTION_ID=2183&PAGEN_343=3 HTTP/1.0" 200 43299 "-" "Mozilla/5.0 (Windows NT 6.3; WOW64) AppleWebKit/537.36 (KHTML, like Gecko) Chrome/50.0.2661.87 Safari/537.36 OPR/37.0.2178.41"
41.85.161.138 - - [01/Sep/2020:08:46:19 +0300] "GET /catalog/list2064.htm?SECTION_ID=2064&PAGEN_343=4 HTTP/1.0" 200 36048 "-" "Mozilla/5.0 (Macintosh; Intel Mac OS X 10_11_1) AppleWebKit/537.36 (KHTML, like Gecko) Chrome/65.0.3239.9 Safari/537.36"
217.64.110.139 - - [01/Sep/2020:08:46:19 +0300] "GET /catalog/list2183.htm?SECTION_ID=2183&PAGEN_343=4 HTTP/1.0" 200 40307 "-" "Mozilla/5.0 (Macintosh; Intel Mac OS X 10_9_2) AppleWebKit/537.36 (KHTML, like Gecko) Chrome/46.0.2490.80 Safari/537.36"
182.182.219.103 - - [01/Sep/2020:08:46:23 +0300] "GET /catalog/list2034.htm HTTP/1.0" 200 42699 "http://sovdom.com/catalog/list2158.htm" "Mozilla/5.0 (Windows NT 6.3; Win64; x64) AppleWebKit/537.36 (KHTML, like Gecko) Chrome/54.0.2840.34 Safari/537.36"
180.248.201.26 - - [01/Sep/2020:08:46:24 +0300] "GET /catalog/list2075.htm?SECTION_ID=2075&PAGEN_343=2 HTTP/1.0" 200 33817 "http://sovdom.com/catalog/list2183.htm" "Mozilla/5.0 (Windows NT 6.2; WOW64) AppleWebKit/537.36 (KHTML, like Gecko) Chrome/52.0.2743.75 XSplit Broadcaster 2.9.1701.1635 Safari/537.36"
14.226.32.74 - - [01/Sep/2020:08:46:25 +0300] "GET /catalog/list2160.htm HTTP/1.0" 200 41472 "http://sovdom.com/catalog/list2064.htm" "Mozilla/5.0 (Windows NT 10.0; Win64; x64) AppleWebKit/537.36 (KHTML, like Gecko) Chrome/65.0.3325.181 Safari/537.36 OPR/52.0.2871.37,gzip(gfe)"
117.6.87.49 - - [01/Sep/2020:08:46:28 +0300] "GET /catalog/list2029.htm?SECTION_ID=2029&PAGEN_343=3 HTTP/1.0" 200 25286 "-" "Mozilla/5.0 (Macintosh; Intel Mac OS X 10_11_5) AppleWebKit/537.36 (KHTML, like Gecko) Chrome/53.0.2785.101 Safari/537.36"
113.162.227.193 - - [01/Sep/2020:08:46:27 +0300] "GET /catalog/list2029.htm?SECTION_ID=2029&PAGEN_343=2 HTTP/1.0" 200 40488 "http://sovdom.com/catalog/list2109.htm" "Mozilla/5.0 (X11; Linux x86_64) AppleWebKit/537.36 (KHTML, like Gecko) Chrome/49.0.2623.75 Safari/537.36 Mozilla/5.0 (Windows NT 6.1; WOW64; rv:33.0) Gecko/20120101 Firefox/57.0"
181.134.33.187 - - [01/Sep/2020:08:46:29 +0300] "GET /catalog/list2310.htm HTTP/1.0" 200 18813 "http://sovdom.com/catalog/list2118.htm" "Mozilla/5.0 (Windows NT 10.0) AppleWebKit/537.36 (KHTML, like Gecko) Chrome/61.0.3163.100 Safari/537.36 OPR/48.0.2685.39 (Edition Campaign 76)"
180.251.249.147 - - [01/Sep/2020:08:46:31 +0300] "GET /catalog/list2330.htm HTTP/1.0" 200 38609 "http://sovdom.com/catalog/list2147.htm" "Mozilla/5.0 (Windows NT 6.2; WOW64) AppleWebKit/537.36 (KHTML, like Gecko) Chrome/51.0.2683.0 Safari/537.36"
58.187.164.255 - - [01/Sep/2020:08:46:32 +0300] "GET /catalog/list2162.htm?SECTION_ID=2162&PAGEN_343=2 HTTP/1.0" 200 34009 "http://sovdom.com/catalog/list2075.htm" "Mozilla/5.0 (Windows NT 6.1; WOW64) AppleWebKit/537.36 (KHTML, like Gecko) Chrome/46.17.2490.86 Safari/537.36"
125.164.232.213 - - [01/Sep/2020:08:46:32 +0300] "GET /catalog/list2183.htm?SECTION_ID=2183&PAGEN_343=2 HTTP/1.0" 200 43461 "http://sovdom.com/catalog/list2454.htm" "Opera/9.80 (X11; U; Linux x86_64) Presto/2.9.181 Version/46.0.2597.32"
172.106.128.242 - - [01/Sep/2020:08:46:36 +0300] "GET /catalog/list2165.htm HTTP/1.0" 200 25828 "-" "Mozilla/5.0 (Windows NT 6.1; rv:50.0) Gecko/Firefox/50.0"
171.254.230.8 - - [01/Sep/2020:08:46:34 +0300] "GET /catalog/list2183.htm?SECTION_ID=2183 HTTP/1.0" 200 43097 "http://sovdom.com/catalog/list2143.htm" "Mozilla/5.0 (Windows NT 10.0; rv:11.0) Gecko/20100101 Firefox/44.0"
14.236.39.139 - - [01/Sep/2020:08:46:36 +0300] "GET /catalog/list2183.htm?SECTION_ID=2183&PAGEN_343=5 HTTP/1.0" 200 36140 "http://sovdom.com/catalog/list2029.htm" "Mozilla/5.0 (Macintosh; U; MacOS X 10_13_0; en-US; Valve Steam GameOverlay/1506551204; ) AppleWebKit/537.36 (KHTML, like Gecko) Chrome/60.0.3112.90 Safari/537.36"
119.42.73.85 - - [01/Sep/2020:08:46:38 +0300] "GET /catalog/list2183.htm?SECTION_ID=2183&PAGEN_343=6 HTTP/1.0" 200 35937 "http://sovdom.com/catalog/list2132.htm" "Mozilla/5.0 (X11; OpenBSD i386) AppleWebKit/537.36 (KHTML, like Gecko) Chrome/48.0.2564.116 Safari/537.36"
92.184.102.72 - - [01/Sep/2020:08:46:40 +0300] "GET /catalog/list2034.htm?SECTION_ID=2034&PAGEN_343=4 HTTP/1.0" 200 30780 "-" "Mozilla/5.0 (Windows NT 6.2) AppleWebKit/537.36 (KHTML, like Gecko) Chrome/49.0.2228.0 Safari/537.36"
180.248.122.206 - - [01/Sep/2020:08:46:39 +0300] "GET /catalog/list2034.htm?SECTION_ID=2034&PAGEN_343=2 HTTP/1.0" 200 43124 "http://sovdom.com/catalog/list2162.htm" "Mozilla/5.0 (Macintosh; Intel Mac OS X 10_11_6) AppleWebKit/537.36 (KHTML, like Gecko) Chrome/66.0.3359.81 Safari/537.36"
110.137.197.116 - - [01/Sep/2020:08:46:42 +0300] "GET /catalog/list2075.htm?SECTION_ID=2075 HTTP/1.0" 200 40678 "http://sovdom.com/catalog/list2105.htm" "Mozilla/5.0 (Windows NT 5.1) AppleWebKit/537.60 (KHTML, like Gecko) Chrome/47.0.2526.80 Safari/537.60"
181.115.160.142 - - [01/Sep/2020:08:46:43 +0300] "GET /catalog/list2160.htm?SECTION_ID=2160&PAGEN_343=3 HTTP/1.0" 200 28690 "http://sovdom.com/catalog/list2033.htm" "Mozilla/5.0 (MSIE 9.0; Windows NT 10.0; Win64; x64) AppleWebKit/537.36 (KHTML, like Gecko) Chrome/51.0.2704.79 Safari/537.36 Edge/14.14393"
112.196.84.162 - - [01/Sep/2020:08:46:44 +0300] "GET /catalog/list2029.htm?SECTION_ID=2029 HTTP/1.0" 200 40917 "http://sovdom.com/catalog/list2159.htm" "Mozilla/5.0 (Macintosh; Intel Mac OS X 10_12_5) AppleWebKit/537.36 (KHTML, like Gecko) Chrome/59.0.3071.104 Safari/537.36"
110.137.39.25 - - [01/Sep/2020:08:46:46 +0300] "GET /catalog/list2162.htm?SECTION_ID=2162 HTTP/1.0" 200 39835 "http://sovdom.com/catalog/list2064.htm" "Mozilla/5.0 (Macintosh; Intel Mac OS X 10_12_1) AppleWebKit/537.36 (KHTML, like Gecko) Chrome/64.0.3048.15 Safari/537.36"
197.62.21.173 - - [01/Sep/2020:08:46:46 +0300] "GET /catalog/list2034.htm?SECTION_ID=2034&PAGEN_343=3 HTTP/1.0" 200 39291 "http://sovdom.com/catalog/list2183.htm" "Mozilla/5.0 (Windows NT 6.3; WOW64) AppleWebKit/537.36 (KHTML, like Gecko) Chrome/50.0.2661.87 Safari/537.36 OPR/37.0.2178.41"
14.161.45.110 - - [01/Sep/2020:08:46:49 +0300] "GET /catalog/list2064.htm?SECTION_ID=2064&PAGEN_343=2 HTTP/1.0" 200 41853 "-" "Mozilla/5.0 (compatible; MSIE 9.0; Windows NT 6.0) Opera 49.0.2725.39"
217.64.110.139 - - [01/Sep/2020:08:46:50 +0300] "GET /catalog/list2034.htm?SECTION_ID=2034 HTTP/1.0" 200 42694 "http://sovdom.com/catalog/list2183.htm" "Mozilla/5.0 (Macintosh; Intel Mac OS X 10_9_2) AppleWebKit/537.36 (KHTML, like Gecko) Chrome/46.0.2490.80 Safari/537.36"
41.85.161.138 - - [01/Sep/2020:08:46:51 +0300] "GET /catalog/list2183.htm?SECTION_ID=2183&PAGEN_343=7 HTTP/1.0" 200 31044 "http://sovdom.com/catalog/list2064.htm" "Mozilla/5.0 (Macintosh; Intel Mac OS X 10_11_1) AppleWebKit/537.36 (KHTML, like Gecko) Chrome/65.0.3239.9 Safari/537.36"
202.14.92.145 - - [01/Sep/2020:08:46:52 +0300] "GET /catalog/list2064.htm?SECTION_ID=2064 HTTP/1.0" 200 41684 "http://sovdom.com/catalog/list2454.htm" "Mozilla/5.0 (Windows NT 10.0; WOW64) AppleWebKit/537.36 (KHTML, like Gecko) Chrome/55.0.2883.75 Safari/537.36"
180.248.201.26 - - [01/Sep/2020:08:46:53 +0300] "GET /catalog/list2160.htm?SECTION_ID=2160 HTTP/1.0" 200 41473 "http://sovdom.com/catalog/list2075.htm" "Mozilla/5.0 (Windows NT 6.2; WOW64) AppleWebKit/537.36 (KHTML, like Gecko) Chrome/52.0.2743.75 XSplit Broadcaster 2.9.1701.1635 Safari/537.36"
