178.154.200.135 - - [01/Sep/2020:06:41:15 +0300] "GET /bitrix/tools/captcha.php?captcha_sid=0e034623883ec5e8d54fe3e2ad64fa06 HTTP/1.0" 200 3891 "-" "Mozilla/5.0 (compatible; YandexImages/3.0; +http://yandex.com/bots)"
83.220.236.174 - - [01/Sep/2020:06:41:15 +0300] "GET /catalog/list2184.htm?sort=CATALOG_PRICE_1 HTTP/1.0" 200 18430 "http://sovdom.com/catalog/list2184.htm" "Mozilla/5.0 (Linux; Android 10; Redmi Note 7) AppleWebKit/537.36 (KHTML, like Gecko) Chrome/84.0.4147.125 Mobile Safari/537.36"
95.163.36.14 - - [01/Sep/2020:06:41:20 +0300] "GET /sitemap_iblock_10.xml HTTP/1.0" 304 - "-" "Mozilla/5.0 (compatible; Linux x86_64; Mail.RU_Bot/Fast/2.0; +http://go.mail.ru/help/robots)"
178.154.200.135 - - [01/Sep/2020:06:41:22 +0300] "GET /bitrix/tools/captcha.php?captcha_sid=0db0fb83bc40112f35381769f551abad HTTP/1.0" 200 3947 "-" "Mozilla/5.0 (compatible; YandexBot/3.0; +http://yandex.com/bots)"
178.154.200.154 - - [01/Sep/2020:06:41:23 +0300] "GET /bitrix/tools/captcha.php?captcha_sid=0fc5b36510ea4fe6c0c2b340b40d9143 HTTP/1.0" 200 3900 "-" "Mozilla/5.0 (compatible; YandexImages/3.0; +http://yandex.com/bots)"
95.163.36.7 - - [01/Sep/2020:06:41:30 +0300] "GET /sitemap_iblock_11.xml HTTP/1.0" 304 - "-" "Mozilla/5.0 (compatible; Linux x86_64; Mail.RU_Bot/Fast/2.0; +http://go.mail.ru/help/robots)"
83.220.236.174 - - [01/Sep/2020:06:41:35 +0300] "GET /catalog/list2184.htm?sort=CATALOG_PRICE_1&SECTION_ID=2184&PAGEN_1=2 HTTP/1.0" 200 15032 "http://sovdom.com/catalog/list2184.htm?sort=CATALOG_PRICE_1" "Mozilla/5.0 (Linux; Android 10; Redmi Note 7) AppleWebKit/537.36 (KHTML, like Gecko) Chrome/84.0.4147.125 Mobile Safari/537.36"
213.87.144.52 - - [01/Sep/2020:06:41:36 +0300] "GET /catalog/list2137.htm HTTP/1.0" 200 16892 "http://sovdom.com/catalog/index2136.htm" "Mozilla/5.0 (Linux; Android 9; TECNO KC6 Build/PPR1.180610.011; wv) AppleWebKit/537.36 (KHTML, like Gecko) Version/4.0 Chrome/83.0.4103.106 Mobile Safari/537.36 YandexSearch/7.80 YandexSearchBrowser/7.80"
95.163.36.14 - - [01/Sep/2020:06:41:38 +0300] "GET /sitemap_files.xml HTTP/1.0" 304 - "-" "Mozilla/5.0 (compatible; Linux x86_64; Mail.RU_Bot/Fast/2.0; +http://go.mail.ru/help/robots)"
213.87.144.52 - - [01/Sep/2020:06:41:51 +0300] "GET /catalog/detail.php?ID=333475 HTTP/1.0" 200 7983 "http://sovdom.com/catalog/list2137.htm" "Mozilla/5.0 (Linux; Android 9; TECNO KC6 Build/PPR1.180610.011; wv) AppleWebKit/537.36 (KHTML, like Gecko) Version/4.0 Chrome/83.0.4103.106 Mobile Safari/537.36 YandexSearch/7.80 YandexSearchBrowser/7.80"
83.220.236.174 - - [01/Sep/2020:06:41:54 +0300] "GET /catalog/list2184.htm?sort=CATALOG_PRICE_1 HTTP/1.0" 200 18424 "http://sovdom.com/catalog/list2184.htm" "Mozilla/5.0 (Linux; Android 10; Redmi Note 7) AppleWebKit/537.36 (KHTML, like Gecko) Chrome/84.0.4147.125 Mobile Safari/537.36"
83.220.236.174 - - [01/Sep/2020:06:41:57 +0300] "GET /catalog/list2184.htm HTTP/1.0" 200 18454 "http://sovdom.com/catalog/index2178.htm" "Mozilla/5.0 (Linux; Android 10; Redmi Note 7) AppleWebKit/537.36 (KHTML, like Gecko) Chrome/84.0.4147.125 Mobile Safari/537.36"
213.87.144.52 - - [01/Sep/2020:06:42:25 +0300] "GET /catalog/list2137.htm HTTP/1.0" 200 16890 "http://sovdom.com/catalog/index2136.htm" "Mozilla/5.0 (Linux; Android 9; TECNO KC6 Build/PPR1.180610.011; wv) AppleWebKit/537.36 (KHTML, like Gecko) Version/4.0 Chrome/83.0.4103.106 Mobile Safari/537.36 YandexSearch/7.80 YandexSearchBrowser/7.80"
213.87.144.52 - - [01/Sep/2020:06:42:38 +0300] "GET /catalog/detail.php?ID=22343 HTTP/1.0" 200 8194 "http://sovdom.com/catalog/list2137.htm" "Mozilla/5.0 (Linux; Android 9; TECNO KC6 Build/PPR1.180610.011; wv) AppleWebKit/537.36 (KHTML, like Gecko) Version/4.0 Chrome/83.0.4103.106 Mobile Safari/537.36 YandexSearch/7.80 YandexSearchBrowser/7.80"
95.163.255.81 - - [01/Sep/2020:06:42:51 +0300] "GET /upload/resize_cache/iblock/ed6/400_1000_140cd750bba9870f18aada2478b24840a/%D0%A7%D1%83%D0%B4%D0%B5%D1%81%D0%BD%D0%B8%D1%86%D0%B0%20%D0%AD%D0%94-030.jpg HTTP/1.0" 404 18895 "http://go.mail.ru/search_images" "Mozilla/5.0 (compatible; Linux x86_64; Mail.RU_Bot/Img/2.0; +http://go.mail.ru/help/robots)"
66.249.76.142 - - [01/Sep/2020:06:45:29 +0300] "GET /catalog/list2183.htm HTTP/1.0" 200 25675 "-" "Mozilla/5.0 (Linux; Android 6.0.1; Nexus 5X Build/MMB29P) AppleWebKit/537.36 (KHTML, like Gecko) Chrome/80.0.3987.92 Mobile Safari/537.36 (compatible; Googlebot/2.1; +http://www.google.com/bot.html)"
178.154.200.135 - - [01/Sep/2020:06:45:34 +0300] "GET /bitrix/tools/captcha.php?captcha_sid=03d7588f89d196be04dc54fb2dd6e834 HTTP/1.0" 200 3827 "-" "Mozilla/5.0 (compatible; YandexImages/3.0; +http://yandex.com/bots)"
178.154.200.135 - - [01/Sep/2020:06:45:35 +0300] "GET /bitrix/tools/captcha.php?captcha_sid=055e0763dc668e4cbc908b72e0b96681 HTTP/1.0" 200 3870 "-" "Mozilla/5.0 (compatible; YandexImages/3.0; +http://yandex.com/bots)"
178.154.200.154 - - [01/Sep/2020:06:45:35 +0300] "GET /bitrix/tools/captcha.php?captcha_sid=0d0aa9adf62aff42b46fae24dae64fb5 HTTP/1.0" 200 3888 "-" "Mozilla/5.0 (compatible; YandexImages/3.0; +http://yandex.com/bots)"
178.154.200.135 - - [01/Sep/2020:06:45:52 +0300] "GET /bitrix/tools/captcha.php?captcha_sid=04a9fbbb4c8d5da58c9498f2e00c5a04 HTTP/1.0" 200 3878 "-" "Mozilla/5.0 (compatible; YandexBot/3.0; +http://yandex.com/bots)"
178.154.200.135 - - [01/Sep/2020:06:45:55 +0300] "GET /bitrix/tools/captcha.php?captcha_sid=026754e5597ac384c9774a4c243a60d8 HTTP/1.0" 200 3849 "-" "Mozilla/5.0 (compatible; YandexImages/3.0; +http://yandex.com/bots)"
66.249.76.144 - - [01/Sep/2020:06:45:57 +0300] "GET /catalog/list2288.htm HTTP/1.0" 200 14936 "-" "Mozilla/5.0 (Linux; Android 6.0.1; Nexus 5X Build/MMB29P) AppleWebKit/537.36 (KHTML, like Gecko) Chrome/80.0.3987.92 Mobile Safari/537.36 (compatible; Googlebot/2.1; +http://www.google.com/bot.html)"
109.63.166.143 - - [01/Sep/2020:06:46:20 +0300] "GET / HTTP/1.0" 200 79618 "-" "Mozilla/4.0 (compatible; MSIE 8.0; Windows NT 6.1; WOW64; Trident/4.0; SLCC2; .NET CLR 2.0.50727; .NET CLR 3.5.30729; .NET CLR 3.0.30729; Media Center PC 6.0; .NET4.0C; .NET4.0E)"
109.63.166.143 - - [01/Sep/2020:06:46:21 +0300] "GET /images/image.php?id=119164&pic=articles_index HTTP/1.0" 200 2185 "http://sovdom.com/" "Mozilla/4.0 (compatible; MSIE 8.0; Windows NT 6.1; WOW64; Trident/4.0; SLCC2; .NET CLR 2.0.50727; .NET CLR 3.5.30729; .NET CLR 3.0.30729; Media Center PC 6.0; .NET4.0C; .NET4.0E)"
109.63.166.143 - - [01/Sep/2020:06:46:21 +0300] "GET /images/image.php?id=121579&pic=articles_index HTTP/1.0" 200 2185 "http://sovdom.com/" "Mozilla/4.0 (compatible; MSIE 8.0; Windows NT 6.1; WOW64; Trident/4.0; SLCC2; .NET CLR 2.0.50727; .NET CLR 3.5.30729; .NET CLR 3.0.30729; Media Center PC 6.0; .NET4.0C; .NET4.0E)"
109.63.166.143 - - [01/Sep/2020:06:46:21 +0300] "GET /images/image.php?id=120209&pic=articles_index HTTP/1.0" 200 4026 "http://sovdom.com/" "Mozilla/4.0 (compatible; MSIE 8.0; Windows NT 6.1; WOW64; Trident/4.0; SLCC2; .NET CLR 2.0.50727; .NET CLR 3.5.30729; .NET CLR 3.0.30729; Media Center PC 6.0; .NET4.0C; .NET4.0E)"
185.77.207.168 - - [01/Sep/2020:06:46:21 +0300] "GET /catalog/ HTTP/1.0" 200 19590 "-" "Mozilla/4.0 (compatible; MSIE 8.0; Windows NT 6.1; WOW64; Trident/4.0; SLCC2; .NET CLR 2.0.50727; .NET CLR 3.5.30729; .NET CLR 3.0.30729; Media Center PC 6.0)"
109.63.166.143 - - [01/Sep/2020:06:46:21 +0300] "GET /bitrix/tools/captcha.php?captcha_sid=0b0d308eb8e0ee2d3f4819065b184aa5 HTTP/1.0" 200 3921 "http://sovdom.com/" "Mozilla/4.0 (compatible; MSIE 8.0; Windows NT 6.1; WOW64; Trident/4.0; SLCC2; .NET CLR 2.0.50727; .NET CLR 3.5.30729; .NET CLR 3.0.30729; Media Center PC 6.0; .NET4.0C; .NET4.0E)"
109.63.166.143 - - [01/Sep/2020:06:46:21 +0300] "GET /upload/iblock/0ea/mebel.png HTTP/1.0" 404 18809 "http://sovdom.com/" "Mozilla/4.0 (compatible; MSIE 8.0; Windows NT 6.1; WOW64; Trident/4.0; SLCC2; .NET CLR 2.0.50727; .NET CLR 3.5.30729; .NET CLR 3.0.30729; Media Center PC 6.0; .NET4.0C; .NET4.0E)"
109.63.166.143 - - [01/Sep/2020:06:46:21 +0300] "GET /upload/iblock/367/5.png HTTP/1.0" 404 18809 "http://sovdom.com/" "Mozilla/4.0 (compatible; MSIE 8.0; Windows NT 6.1; WOW64; Trident/4.0; SLCC2; .NET CLR 2.0.50727; .NET CLR 3.5.30729; .NET CLR 3.0.30729; Media Center PC 6.0; .NET4.0C; .NET4.0E)"
185.77.207.168 - - [01/Sep/2020:06:46:23 +0300] "GET /bitrix/tools/captcha.php?captcha_sid=0f6768f2ef457c4825495a612d1e136a HTTP/1.0" 200 3878 "http://sovdom.com/catalog/" "Mozilla/4.0 (compatible; MSIE 8.0; Windows NT 6.1; WOW64; Trident/4.0; SLCC2; .NET CLR 2.0.50727; .NET CLR 3.5.30729; .NET CLR 3.0.30729; Media Center PC 6.0)"
46.187.2.100 - - [01/Sep/2020:06:46:26 +0300] "GET /catalog/index2178.htm HTTP/1.0" 200 18989 "-" "Mozilla/4.0 (compatible; MSIE 8.0; Windows NT 6.1; WOW64; Trident/4.0; SLCC2; .NET CLR 2.0.50727; .NET CLR 3.5.30729; .NET CLR 3.0.30729; Media Center PC 6.0)"
46.187.2.100 - - [01/Sep/2020:06:46:28 +0300] "GET /bitrix/tools/captcha.php?captcha_sid=0a176c17fdc5dc9b6ddd10acd0517608 HTTP/1.0" 200 3940 "http://sovdom.com/catalog/index2178.htm" "Mozilla/4.0 (compatible; MSIE 8.0; Windows NT 6.1; WOW64; Trident/4.0; SLCC2; .NET CLR 2.0.50727; .NET CLR 3.5.30729; .NET CLR 3.0.30729; Media Center PC 6.0)"
46.188.21.49 - - [01/Sep/2020:06:46:28 +0300] "GET /catalog/list2183.htm HTTP/1.0" 200 43102 "-" "Mozilla/4.0 (compatible; MSIE 8.0; Windows NT 6.1; WOW64; Trident/4.0; SLCC2; .NET CLR 2.0.50727; .NET CLR 3.5.30729; .NET CLR 3.0.30729; Media Center PC 6.0; .NET4.0C; .NET4.0E)"
66.249.64.178 - - [01/Sep/2020:06:46:28 +0300] "GET /catalog/list2324.htm HTTP/1.0" 200 17761 "-" "Mozilla/5.0 (Linux; Android 6.0.1; Nexus 5X Build/MMB29P) AppleWebKit/537.36 (KHTML, like Gecko) Chrome/80.0.3987.92 Mobile Safari/537.36 (compatible; Googlebot/2.1; +http://www.google.com/bot.html)"
46.188.21.49 - - [01/Sep/2020:06:46:31 +0300] "GET /bitrix/tools/captcha.php?captcha_sid=0e1c4deb4d3f7b499f7d506f4f6b01c4 HTTP/1.0" 200 3870 "http://sovdom.com/catalog/list2183.htm" "Mozilla/4.0 (compatible; MSIE 8.0; Windows NT 6.1; WOW64; Trident/4.0; SLCC2; .NET CLR 2.0.50727; .NET CLR 3.5.30729; .NET CLR 3.0.30729; Media Center PC 6.0; .NET4.0C; .NET4.0E)"
66.249.76.144 - - [01/Sep/2020:06:47:28 +0300] "GET /catalog/list2183.htm HTTP/1.0" 200 43100 "-" "Mozilla/5.0 (compatible; Googlebot/2.1; +http://www.google.com/bot.html)"
178.154.200.135 - - [01/Sep/2020:06:47:32 +0300] "GET /bitrix/tools/captcha.php?captcha_sid=095ec3bc67b823b2ad46db7ef14de1f3 HTTP/1.0" 200 3952 "-" "Mozilla/5.0 (compatible; YandexImages/3.0; +http://yandex.com/bots)"
213.87.144.52 - - [01/Sep/2020:06:47:43 +0300] "GET /catalog/list2137.htm HTTP/1.0" 200 16891 "http://sovdom.com/catalog/index2136.htm" "Mozilla/5.0 (Linux; Android 9; TECNO KC6 Build/PPR1.180610.011; wv) AppleWebKit/537.36 (KHTML, like Gecko) Version/4.0 Chrome/83.0.4103.106 Mobile Safari/537.36 YandexSearch/7.80 YandexSearchBrowser/7.80"
213.87.144.52 - - [01/Sep/2020:06:47:53 +0300] "GET /catalog/detail.php?ID=22343 HTTP/1.0" 200 8193 "http://sovdom.com/catalog/list2137.htm" "Mozilla/5.0 (Linux; Android 9; TECNO KC6 Build/PPR1.180610.011; wv) AppleWebKit/537.36 (KHTML, like Gecko) Version/4.0 Chrome/83.0.4103.106 Mobile Safari/537.36 YandexSearch/7.80 YandexSearchBrowser/7.80"
46.229.168.133 - - [01/Sep/2020:06:48:23 +0300] "GET /articles/detail328426.htm HTTP/1.0" 200 18798 "-" "Mozilla/5.0 (compatible; SemrushBot/6~bl; +http://www.semrush.com/bot.html)"
66.249.64.176 - - [01/Sep/2020:06:48:59 +0300] "GET /catalog/list2277.htm HTTP/1.0" 200 20317 "-" "Mozilla/5.0 (compatible; Googlebot/2.1; +http://www.google.com/bot.html)"
95.163.36.5 - - [01/Sep/2020:06:49:25 +0300] "GET /sitemap_iblock_10.xml HTTP/1.0" 304 - "-" "Mozilla/5.0 (compatible; Linux x86_64; Mail.RU_Bot/Fast/2.0; +http://go.mail.ru/help/robots)"
95.163.36.8 - - [01/Sep/2020:06:49:40 +0300] "GET /sitemap_iblock_12.xml HTTP/1.0" 304 - "-" "Mozilla/5.0 (compatible; Linux x86_64; Mail.RU_Bot/Fast/2.0; +http://go.mail.ru/help/robots)"
95.163.36.4 - - [01/Sep/2020:06:49:50 +0300] "GET /sitemap_iblock_11.xml HTTP/1.0" 304 - "-" "Mozilla/5.0 (compatible; Linux x86_64; Mail.RU_Bot/Fast/2.0; +http://go.mail.ru/help/robots)"
95.163.36.4 - - [01/Sep/2020:06:49:56 +0300] "GET /sitemap_files.xml HTTP/1.0" 304 - "-" "Mozilla/5.0 (compatible; Linux x86_64; Mail.RU_Bot/Fast/2.0; +http://go.mail.ru/help/robots)"
207.46.13.90 - - [01/Sep/2020:06:50:01 +0300] "GET /about/ HTTP/1.0" 200 21624 "-" "Mozilla/5.0 (compatible; bingbot/2.0; +http://www.bing.com/bingbot.htm)"
95.163.36.15 - - [01/Sep/2020:06:50:02 +0300] "GET /sitemap_iblock_8.xml HTTP/1.0" 304 - "-" "Mozilla/5.0 (compatible; Linux x86_64; Mail.RU_Bot/Fast/2.0; +http://go.mail.ru/help/robots)"
66.249.76.142 - - [01/Sep/2020:06:50:15 +0300] "GET /catalog/list2384.htm HTTP/1.0" 200 4561 "-" "Mozilla/5.0 (Linux; Android 6.0.1; Nexus 5X Build/MMB29P) AppleWebKit/537.36 (KHTML, like Gecko) Chrome/80.0.3987.92 Mobile Safari/537.36 (compatible; Googlebot/2.1; +http://www.google.com/bot.html)"
3.235.194.82 - - [01/Sep/2020:06:50:19 +0300] "GET /.env HTTP/1.0" 404 78045 "-" "Mozilla/5.0 (X11; Linux x86_64) AppleWebKit/537.36 (KHTML, like Gecko) Chrome/81.0.4044.129 Safari/537.36"
66.249.76.142 - - [01/Sep/2020:06:51:57 +0300] "GET /catalog/list2285.htm HTTP/1.0" 200 20319 "-" "Mozilla/5.0 (compatible; Googlebot/2.1; +http://www.google.com/bot.html)"
66.249.64.178 - - [01/Sep/2020:06:51:58 +0300] "GET /catalog/index2351.htm HTTP/1.0" 301 18615 "-" "Mozilla/5.0 (compatible; Googlebot/2.1; +http://www.google.com/bot.html)"
66.249.76.142 - - [01/Sep/2020:06:51:58 +0300] "GET /catalog/list2351.htm HTTP/1.0" 200 27816 "-" "Mozilla/5.0 (compatible; Googlebot/2.1; +http://www.google.com/bot.html)"
66.249.76.144 - - [01/Sep/2020:06:53:15 +0300] "GET /catalog/list2342.htm HTTP/1.0" 200 44475 "-" "Mozilla/5.0 (compatible; Googlebot/2.1; +http://www.google.com/bot.html)"
66.249.76.146 - - [01/Sep/2020:06:54:05 +0300] "GET /catalog/list2425.htm HTTP/1.0" 200 20305 "-" "Mozilla/5.0 (compatible; Googlebot/2.1; +http://www.google.com/bot.html)"
66.249.76.144 - - [01/Sep/2020:06:54:33 +0300] "GET /about/shops.htm HTTP/1.0" 200 21822 "-" "Mozilla/5.0 (compatible; Googlebot/2.1; +http://www.google.com/bot.html)"
17.58.99.253 - - [01/Sep/2020:06:54:47 +0300] "GET /articles/detail338954.htm HTTP/1.0" 301 327 "-" "Mozilla/5.0 (Macintosh; Intel Mac OS X 10_15_5) AppleWebKit/605.1.15 (KHTML, like Gecko) Version/13.1.1 Safari/605.1.15 (Applebot/0.1; +http://www.apple.com/go/applebot)"
17.58.99.253 - - [01/Sep/2020:06:54:49 +0300] "GET /bitrix/urlrewrite.php HTTP/1.0" 404 18801 "-" "Mozilla/5.0 (Macintosh; Intel Mac OS X 10_15_5) AppleWebKit/605.1.15 (KHTML, like Gecko) Version/13.1.1 Safari/605.1.15 (Applebot/0.1; +http://www.apple.com/go/applebot)"
66.249.76.142 - - [01/Sep/2020:06:54:58 +0300] "GET /catalog/list2324.htm HTTP/1.0" 200 34653 "-" "Mozilla/5.0 (compatible; Googlebot/2.1; +http://www.google.com/bot.html)"
66.249.76.142 - - [01/Sep/2020:06:55:21 +0300] "GET /catalog/list2073.htm HTTP/1.0" 200 24264 "-" "Mozilla/5.0 (compatible; Googlebot/2.1; +http://www.google.com/bot.html)"
66.249.76.144 - - [01/Sep/2020:06:55:50 +0300] "GET /catalog/list2132.htm HTTP/1.0" 200 37111 "-" "Mozilla/5.0 (compatible; Googlebot/2.1; +http://www.google.com/bot.html)"
176.212.108.245 - - [01/Sep/2020:06:56:09 +0300] "GET /catalog/list2556.htm HTTP/1.0" 200 32726 "-" "Mozilla/5.0 (iPad; CPU OS 9_3_6 like Mac OS X) AppleWebKit/601.1.46 (KHTML, like Gecko) Version/9.0 YaBrowser/19.10.1.150.11 Mobile/13G37 Safari/601.1"
176.212.108.245 - - [01/Sep/2020:06:56:12 +0300] "GET /bitrix/tools/captcha.php?captcha_sid=0dfa80432b85ea119675168648f233b8 HTTP/1.0" 200 3914 "http://sovdom.com/catalog/list2556.htm" "Mozilla/5.0 (iPad; CPU OS 9_3_6 like Mac OS X) AppleWebKit/601.1.46 (KHTML, like Gecko) Version/9.0 YaBrowser/19.10.1.150.11 Mobile/13G37 Safari/601.1"
66.249.76.146 - - [01/Sep/2020:06:56:12 +0300] "GET /catalog/list2364.htm HTTP/1.0" 200 42750 "-" "Mozilla/5.0 (compatible; Googlebot/2.1; +http://www.google.com/bot.html)"
114.119.163.185 - - [01/Sep/2020:06:56:24 +0300] "GET /catalog/index2311.htm HTTP/1.0" 301 4142 "-" "Mozilla/5.0 (Linux; Android 7.0;) AppleWebKit/537.36 (KHTML, like Gecko) Mobile Safari/537.36 (compatible; PetalBot;+http://aspiegel.com/petalbot)"
114.119.163.185 - - [01/Sep/2020:06:56:24 +0300] "GET /catalog/list2311.htm HTTP/1.0" 200 4563 "-" "Mozilla/5.0 (Linux; Android 7.0;) AppleWebKit/537.36 (KHTML, like Gecko) Mobile Safari/537.36 (compatible; PetalBot;+http://aspiegel.com/petalbot)"
46.119.191.49 - - [01/Sep/2020:06:57:23 +0300] "GET / HTTP/1.0" 200 1711677 "https://zvukoff.eu/" "Mozilla/4.0 (compatible; MSIE 6.0; Windows 98; Win 9x 4.90)"
46.119.191.49 - - [01/Sep/2020:06:57:23 +0300] "GET / HTTP/1.0" 200 1711677 "https://jav-fetish.site/" "Mozilla/4.0 (compatible; MSIE 5.5; Windows 98)"
46.119.191.49 - - [01/Sep/2020:06:57:23 +0300] "GET / HTTP/1.0" 200 1711677 "https://ehook.ru/" "Mozilla/4.0 (compatible; MSIE 5.0; Windows NT; DigExt)"
46.119.191.49 - - [01/Sep/2020:06:57:23 +0300] "GET / HTTP/1.0" 200 1711677 "https://zvukoff.eu/" "Mozilla/4.0 (compatible; MSIE 6.0; Windows 98; Win 9x 4.90)"
46.119.191.49 - - [01/Sep/2020:06:57:23 +0300] "GET / HTTP/1.0" 200 1711677 "https://jav-fetish.site/" "Mozilla/4.0 (compatible; MSIE 5.5; Windows 98)"
46.119.191.49 - - [01/Sep/2020:06:57:24 +0300] "GET / HTTP/1.0" 200 1711677 "https://ehook.ru/" "Mozilla/4.0 (compatible; MSIE 5.0; Windows NT; DigExt)"
46.119.191.49 - - [01/Sep/2020:06:57:24 +0300] "GET / HTTP/1.0" 200 1711677 "https://zvukoff.eu/" "Mozilla/4.0 (compatible; MSIE 6.0; Windows 98; Win 9x 4.90)"
46.119.191.49 - - [01/Sep/2020:06:57:24 +0300] "GET / HTTP/1.0" 200 1711677 "https://jav-fetish.site/" "Mozilla/4.0 (compatible; MSIE 5.5; Windows 98)"
46.119.191.49 - - [01/Sep/2020:06:57:24 +0300] "GET / HTTP/1.0" 200 1711677 "https://ehook.ru/" "Mozilla/4.0 (compatible; MSIE 5.0; Windows NT; DigExt)"
176.212.108.245 - - [01/Sep/2020:06:57:28 +0300] "GET /catalog/detail.php?ID=338542 HTTP/1.0" 200 21701 "http://sovdom.com/catalog/list2556.htm" "Mozilla/5.0 (iPad; CPU OS 9_3_6 like Mac OS X) AppleWebKit/601.1.46 (KHTML, like Gecko) Version/9.0 YaBrowser/19.10.1.150.11 Mobile/13G37 Safari/601.1"
176.212.108.245 - - [01/Sep/2020:06:57:28 +0300] "GET /bitrix/tools/captcha.php?captcha_sid=0086ddd87ae221bbd4fc8884c1540487 HTTP/1.0" 200 4019 "http://sovdom.com/catalog/detail.php?ID=338542" "Mozilla/5.0 (iPad; CPU OS 9_3_6 like Mac OS X) AppleWebKit/601.1.46 (KHTML, like Gecko) Version/9.0 YaBrowser/19.10.1.150.11 Mobile/13G37 Safari/601.1"
66.249.76.142 - - [01/Sep/2020:06:57:55 +0300] "GET /catalog/list2116.htm HTTP/1.0" 200 11497 "-" "Mozilla/5.0 (Linux; Android 6.0.1; Nexus 5X Build/MMB29P) AppleWebKit/537.36 (KHTML, like Gecko) Chrome/80.0.3987.92 Mobile Safari/537.36 (compatible; Googlebot/2.1; +http://www.google.com/bot.html)"
66.249.76.144 - - [01/Sep/2020:06:58:22 +0300] "GET /catalog/list2227.htm HTTP/1.0" 200 4563 "-" "Mozilla/5.0 (Linux; Android 6.0.1; Nexus 5X Build/MMB29P) AppleWebKit/537.36 (KHTML, like Gecko) Chrome/80.0.3987.92 Mobile Safari/537.36 (compatible; Googlebot/2.1; +http://www.google.com/bot.html)"
185.220.100.252 - - [01/Sep/2020:06:58:41 +0300] "GET /catalog/list2180.htm?price_min=7850&price_max=38650&brend=POZIS&Cfilter_P1_MIN=7650&Cfilter_P1_MAX=39270&Cfilter_3077_2410950617=Y&set_filter=%D0%9E%D1%82%D0%BE%D0%B1%D1%80%D0%B0%D1%82%D1%8C HTTP/1.0" 200 24775 "-" "Mozilla/5.0 (Windows NT 5.1; Win64; x64) AppleWebKit/537.36 (KHTML, like Gecko) Chrome/51.0.2704.79 Safari/537.36 Edge/14.14393"
40.77.167.97 - - [01/Sep/2020:06:58:41 +0300] "GET /videogame/Dreams-2020-744330 HTTP/1.0" 404 18806 "-" "Mozilla/5.0 (compatible; bingbot/2.0; +http://www.bing.com/bingbot.htm)"
37.73.71.208 - - [01/Sep/2020:06:58:41 +0300] "GET /catalog/list2208.htm?price_min=22750&price_max=45350&brend=POZIS HTTP/1.0" 200 23087 "-" "Mozilla/5.0 (Windows NT 6.3; Win64; x64) AppleWebKit/537.36 (KHTML, like Gecko) Chrome/51.0.2704.79 Safari/537.36 Edge/14.14393"
88.155.27.31 - - [01/Sep/2020:06:58:41 +0300] "GET /catalog/list2208.htm?price_min=22750&price_max=43450&brend=POZIS HTTP/1.0" 200 23089 "-" "Mozilla/5.0 (Windows NT 6.1; WOW64) AppleWebKit/537.36 (KHTML, like Gecko) Chrome/48.0.2564.109 Safari/537.36"
37.73.71.208 - - [01/Sep/2020:06:58:41 +0300] "GET /catalog/list2184.htm?Cfilter_P1_MIN=8350&Cfilter_P1_MAX=62450&Cfilter_3077_2410950617=Y&set_filter=%D0%9E%D1%82%D0%BE%D0%B1%D1%80%D0%B0%D1%82%D1%8C HTTP/1.0" 200 25976 "-" "Mozilla/5.0 (Windows NT 6.1; WOW64; rv:54.0) Gecko/20100101 Firefox/54.0"
37.73.71.208 - - [01/Sep/2020:06:58:41 +0300] "GET /catalog/list2183.htm?Cfilter_P1_MIN=5950&Cfilter_P1_MAX=125950&Cfilter_3077_2410950617=Y&set_filter=%D0%9E%D1%82%D0%BE%D0%B1%D1%80%D0%B0%D1%82%D1%8C HTTP/1.0" 200 29986 "-" "Mozilla/5.0 (Windows NT 10.0; Win64; x64) AppleWebKit/537.36 (KHTML, like Gecko) Chrome/51.0.2704.79 Safari/537.36 Edge/14.14393"
185.220.100.252 - - [01/Sep/2020:06:58:42 +0300] "GET /catalog/list2208.htm?Cfilter_P1_MIN=21650&Cfilter_P1_MAX=45850&Cfilter_3077_2410950617=Y&set_filter=%D0%9E%D1%82%D0%BE%D0%B1%D1%80%D0%B0%D1%82%D1%8C HTTP/1.0" 200 23165 "-" "Mozilla/5.0 (Windows NT 6.1; Win64; x64) AppleWebKit/537.36 (KHTML, like Gecko) Chrome/51.0.2704.79 Safari/537.36 Edge/14.14393"
185.220.100.243 - - [01/Sep/2020:06:58:45 +0300] "GET /catalog/list2180.htm?Cfilter_P1_MIN=7650&Cfilter_P1_MAX=39270&Cfilter_3077_2410950617=Y&set_filter=%D0%9E%D1%82%D0%BE%D0%B1%D1%80%D0%B0%D1%82%D1%8C HTTP/1.0" 200 24615 "-" "Mozilla/5.0 (Windows NT 10.0; WOW64; Trident/7.0; rv:11.0) like Gecko"
51.81.32.209 - - [01/Sep/2020:06:58:45 +0300] "GET /catalog/list2101.htm?price_min=5950&price_max=82750&brend=LG HTTP/1.0" 200 41707 "-" "Mozilla/5.0 (Windows NT 10.0; WOW64; Trident/7.0; rv:11.0) like Gecko"
18.27.197.252 - - [01/Sep/2020:06:58:45 +0300] "GET /catalog/list2101.htm?price_min=5950&price_max=82750&brend=SAMSUNG HTTP/1.0" 200 41723 "-" "Mozilla/5.0 (Windows NT 10.0; WOW64; rv:50.0) Gecko/20100101 Firefox/50.0"
66.249.76.142 - - [01/Sep/2020:06:58:48 +0300] "GET /catalog/list2424.htm HTTP/1.0" 200 30315 "-" "Mozilla/5.0 (compatible; Googlebot/2.1; +http://www.google.com/bot.html)"
89.34.27.43 - - [01/Sep/2020:06:58:50 +0300] "GET /catalog/list2101.htm?price_min=5950&price_max=82750&brend=SAMSUNG&SECTION_ID=2101&PAGEN_343=2 HTTP/1.0" 200 42148 "-" "Mozilla/5.0 (Windows NT 10.0; WOW64; rv:50.0) Gecko/20100101 Firefox/50.0"
51.75.144.43 - - [01/Sep/2020:06:58:50 +0300] "GET /catalog/list2101.htm?price_min=5950&price_max=82750&brend=SAMSUNG&SECTION_ID=2101&PAGEN_343=3 HTTP/1.0" 200 38339 "-" "Mozilla/5.0 (Windows NT 6.1; Win64; x64) AppleWebKit/537.36 (KHTML, like Gecko) Chrome/46.0.2486.0 Safari/537.36 Edge/13.10586"
109.70.100.43 - - [01/Sep/2020:06:58:50 +0300] "GET /catalog/list2101.htm?price_min=5950&price_max=82750&brend=LG&SECTION_ID=2101&PAGEN_343=3 HTTP/1.0" 200 38330 "-" "Mozilla/5.0 (Windows NT 6.1; Win64; x64) AppleWebKit/537.36 (KHTML, like Gecko) Chrome/52.0.2743.116 Safari/537.36 Edge/15.15063"
94.25.171.148 - - [01/Sep/2020:06:58:51 +0300] "GET /catalog/list2101.htm?price_min=5950&price_max=82750&brend=LG&SECTION_ID=2101&PAGEN_343=4 HTTP/1.0" 200 28937 "-" "Mozilla/5.0 (compatible; MSIE 9.0; Windows NT 6.1; Trident/5.0)"
23.160.208.250 - - [01/Sep/2020:06:58:55 +0300] "GET /catalog/list2101.htm?price_min=5950&price_max=82750&brend=SAMSUNG&SECTION_ID=2101&PAGEN_343=4 HTTP/1.0" 200 28945 "-" "Mozilla/5.0 (Windows NT 10.0; Win64; x64) AppleWebKit/537.36 (KHTML, like Gecko) Chrome/60.0.3112.113 Safari/537.36"
85.248.227.163 - - [01/Sep/2020:06:58:55 +0300] "GET /catalog/list2101.htm?price_min=5950&price_max=82750&brend=LG&SECTION_ID=2101&PAGEN_343=2 HTTP/1.0" 200 42136 "-" "Mozilla/5.0 (Windows NT 6.3; Win64; x64) AppleWebKit/537.36 (KHTML, like Gecko) Chrome/46.0.2486.0 Safari/537.36 Edge/13.10586"
109.70.100.28 - - [01/Sep/2020:06:58:56 +0300] "GET /catalog/list2101.htm?price_min=5950&price_max=82750&brend=SAMSUNG&SECTION_ID=2101 HTTP/1.0" 200 41721 "-" "Mozilla/5.0 (Windows NT 10.0; Win64; x64) AppleWebKit/537.36 (KHTML, like Gecko) Chrome/51.0.2704.79 Safari/537.36 Edge/14.14393"
178.176.73.12 - - [01/Sep/2020:06:58:56 +0300] "GET /catalog/list2101.htm?price_min=5950&price_max=82750&brend=LG&SECTION_ID=2101 HTTP/1.0" 200 41707 "-" "Mozilla/4.0 (compatible; MSIE 9.0; Windows NT 6.1)"
176.212.108.245 - - [01/Sep/2020:07:00:16 +0300] "GET /catalog/list2556.htm HTTP/1.0" 200 33132 "-" "Mozilla/5.0 (iPad; CPU OS 9_3_6 like Mac OS X) AppleWebKit/601.1.46 (KHTML, like Gecko) Version/9.0 YaBrowser/19.10.1.150.11 Mobile/13G37 Safari/601.1"
176.212.108.245 - - [01/Sep/2020:07:00:17 +0300] "GET /bitrix/tools/captcha.php?captcha_sid=0ab7509f346367c7e6beb4218c0c0348 HTTP/1.0" 200 4027 "http://sovdom.com/catalog/list2556.htm" "Mozilla/5.0 (iPad; CPU OS 9_3_6 like Mac OS X) AppleWebKit/601.1.46 (KHTML, like Gecko) Version/9.0 YaBrowser/19.10.1.150.11 Mobile/13G37 Safari/601.1"
66.249.76.142 - - [01/Sep/2020:07:02:08 +0300] "GET /catalog/list2020.htm HTTP/1.0" 200 8758 "-" "Mozilla/5.0 (Linux; Android 6.0.1; Nexus 5X Build/MMB29P) AppleWebKit/537.36 (KHTML, like Gecko) Chrome/80.0.3987.92 Mobile Safari/537.36 (compatible; Googlebot/2.1; +http://www.google.com/bot.html)"
66.249.76.144 - - [01/Sep/2020:07:02:35 +0300] "GET /catalog/list2051.htm HTTP/1.0" 200 40890 "-" "Mozilla/5.0 (compatible; Googlebot/2.1; +http://www.google.com/bot.html)"
31.132.176.59 - - [01/Sep/2020:07:02:54 +0300] "GET /catalog/ HTTP/1.0" 200 4770 "http://yandex.ru/searchapp?text=" "Mozilla/5.0 (Linux; Android 7.0; arm_64; Redmi Note 4) AppleWebKit/537.36 (KHTML, like Gecko) Chrome/83.0.4103.116 YaApp_Android/20.74 YaSearchBrowser/20.74 BroPP/1.0 SA/1 Mobile Safari/537.36"
66.249.76.146 - - [01/Sep/2020:07:03:04 +0300] "GET /catalog/list2139.htm HTTP/1.0" 200 4563 "-" "Mozilla/5.0 (Linux; Android 6.0.1; Nexus 5X Build/MMB29P) AppleWebKit/537.36 (KHTML, like Gecko) Chrome/80.0.3987.92 Mobile Safari/537.36 (compatible; Googlebot/2.1; +http://www.google.com/bot.html)"
31.132.176.59 - - [01/Sep/2020:07:03:09 +0300] "GET /catalog/index2514.htm HTTP/1.0" 200 4608 "http://sovdom.com/catalog/" "Mozilla/5.0 (Linux; Android 7.0; arm_64; Redmi Note 4) AppleWebKit/537.36 (KHTML, like Gecko) Chrome/83.0.4103.116 YaApp_Android/20.74 YaSearchBrowser/20.74 BroPP/1.0 SA/1 Mobile Safari/537.36"
31.132.176.59 - - [01/Sep/2020:07:03:23 +0300] "GET /catalog/index2569.htm HTTP/1.0" 200 5003 "http://sovdom.com/catalog/index2514.htm" "Mozilla/5.0 (Linux; Android 7.0; arm_64; Redmi Note 4) AppleWebKit/537.36 (KHTML, like Gecko) Chrome/83.0.4103.116 YaApp_Android/20.74 YaSearchBrowser/20.74 BroPP/1.0 SA/1 Mobile Safari/537.36"
66.249.64.174 - - [01/Sep/2020:07:03:32 +0300] "GET /about/shops.htm HTTP/1.0" 200 6321 "-" "Mozilla/5.0 (Linux; Android 6.0.1; Nexus 5X Build/MMB29P) AppleWebKit/537.36 (KHTML, like Gecko) Chrome/80.0.3987.92 Mobile Safari/537.36 (compatible; Googlebot/2.1; +http://www.google.com/bot.html)"
31.132.176.59 - - [01/Sep/2020:07:03:44 +0300] "GET /catalog/index2514.htm HTTP/1.0" 200 4610 "http://sovdom.com/catalog/" "Mozilla/5.0 (Linux; Android 7.0; arm_64; Redmi Note 4) AppleWebKit/537.36 (KHTML, like Gecko) Chrome/83.0.4103.116 YaApp_Android/20.74 YaSearchBrowser/20.74 BroPP/1.0 SA/1 Mobile Safari/537.36"
31.132.176.59 - - [01/Sep/2020:07:03:52 +0300] "GET /catalog/index2050.htm HTTP/1.0" 200 4624 "http://sovdom.com/catalog/index2514.htm" "Mozilla/5.0 (Linux; Android 7.0; arm_64; Redmi Note 4) AppleWebKit/537.36 (KHTML, like Gecko) Chrome/83.0.4103.116 YaApp_Android/20.74 YaSearchBrowser/20.74 BroPP/1.0 SA/1 Mobile Safari/537.36"
31.132.176.59 - - [01/Sep/2020:07:04:02 +0300] "GET /catalog/index2514.htm HTTP/1.0" 200 4610 "http://sovdom.com/catalog/" "Mozilla/5.0 (Linux; Android 7.0; arm_64; Redmi Note 4) AppleWebKit/537.36 (KHTML, like Gecko) Chrome/83.0.4103.116 YaApp_Android/20.74 YaSearchBrowser/20.74 BroPP/1.0 SA/1 Mobile Safari/537.36"
31.132.176.59 - - [01/Sep/2020:07:04:07 +0300] "GET /catalog/index2049.htm HTTP/1.0" 200 4548 "http://sovdom.com/catalog/index2514.htm" "Mozilla/5.0 (Linux; Android 7.0; arm_64; Redmi Note 4) AppleWebKit/537.36 (KHTML, like Gecko) Chrome/83.0.4103.116 YaApp_Android/20.74 YaSearchBrowser/20.74 BroPP/1.0 SA/1 Mobile Safari/537.36"
31.132.176.59 - - [01/Sep/2020:07:04:08 +0300] "GET /catalog/index2514.htm HTTP/1.0" 200 4609 "http://sovdom.com/catalog/" "Mozilla/5.0 (Linux; Android 7.0; arm_64; Redmi Note 4) AppleWebKit/537.36 (KHTML, like Gecko) Chrome/83.0.4103.116 YaApp_Android/20.74 YaSearchBrowser/20.74 BroPP/1.0 SA/1 Mobile Safari/537.36"
31.132.176.59 - - [01/Sep/2020:07:04:12 +0300] "GET /catalog/list2051.htm HTTP/1.0" 200 23355 "http://sovdom.com/catalog/index2514.htm" "Mozilla/5.0 (Linux; Android 7.0; arm_64; Redmi Note 4) AppleWebKit/537.36 (KHTML, like Gecko) Chrome/83.0.4103.116 YaApp_Android/20.74 YaSearchBrowser/20.74 BroPP/1.0 SA/1 Mobile Safari/537.36"
31.132.176.59 - - [01/Sep/2020:07:04:22 +0300] "GET /catalog/index2514.htm HTTP/1.0" 200 4609 "http://sovdom.com/catalog/" "Mozilla/5.0 (Linux; Android 7.0; arm_64; Redmi Note 4) AppleWebKit/537.36 (KHTML, like Gecko) Chrome/83.0.4103.116 YaApp_Android/20.74 YaSearchBrowser/20.74 BroPP/1.0 SA/1 Mobile Safari/537.36"
31.132.176.59 - - [01/Sep/2020:07:04:30 +0300] "POST /catalog/index2514.htm?SECTION_ID=2514 HTTP/1.0" 200 1091 "http://sovdom.com/catalog/index2514.htm" "Mozilla/5.0 (Linux; Android 7.0; arm_64; Redmi Note 4) AppleWebKit/537.36 (KHTML, like Gecko) Chrome/83.0.4103.116 YaApp_Android/20.74 YaSearchBrowser/20.74 BroPP/1.0 SA/1 Mobile Safari/537.36"
66.249.76.146 - - [01/Sep/2020:07:04:30 +0300] "GET /catalog/list2043.htm HTTP/1.0" 200 4562 "-" "Mozilla/5.0 (Linux; Android 6.0.1; Nexus 5X Build/MMB29P) AppleWebKit/537.36 (KHTML, like Gecko) Chrome/80.0.3987.92 Mobile Safari/537.36 (compatible; Googlebot/2.1; +http://www.google.com/bot.html)"
31.132.176.59 - - [01/Sep/2020:07:04:30 +0300] "POST /catalog/index2514.htm?SECTION_ID=2514 HTTP/1.0" 200 754 "http://sovdom.com/catalog/index2514.htm" "Mozilla/5.0 (Linux; Android 7.0; arm_64; Redmi Note 4) AppleWebKit/537.36 (KHTML, like Gecko) Chrome/83.0.4103.116 YaApp_Android/20.74 YaSearchBrowser/20.74 BroPP/1.0 SA/1 Mobile Safari/537.36"
31.132.176.59 - - [01/Sep/2020:07:04:33 +0300] "POST /catalog/index2514.htm?SECTION_ID=2514 HTTP/1.0" 200 562 "http://sovdom.com/catalog/index2514.htm" "Mozilla/5.0 (Linux; Android 7.0; arm_64; Redmi Note 4) AppleWebKit/537.36 (KHTML, like Gecko) Chrome/83.0.4103.116 YaApp_Android/20.74 YaSearchBrowser/20.74 BroPP/1.0 SA/1 Mobile Safari/537.36"
31.132.176.59 - - [01/Sep/2020:07:04:34 +0300] "POST /catalog/index2514.htm?SECTION_ID=2514 HTTP/1.0" 200 565 "http://sovdom.com/catalog/index2514.htm" "Mozilla/5.0 (Linux; Android 7.0; arm_64; Redmi Note 4) AppleWebKit/537.36 (KHTML, like Gecko) Chrome/83.0.4103.116 YaApp_Android/20.74 YaSearchBrowser/20.74 BroPP/1.0 SA/1 Mobile Safari/537.36"
31.132.176.59 - - [01/Sep/2020:07:04:34 +0300] "POST /catalog/index2514.htm?SECTION_ID=2514 HTTP/1.0" 200 567 "http://sovdom.com/catalog/index2514.htm" "Mozilla/5.0 (Linux; Android 7.0; arm_64; Redmi Note 4) AppleWebKit/537.36 (KHTML, like Gecko) Chrome/83.0.4103.116 YaApp_Android/20.74 YaSearchBrowser/20.74 BroPP/1.0 SA/1 Mobile Safari/537.36"
31.132.176.59 - - [01/Sep/2020:07:04:39 +0300] "GET /catalog/list.php?catalog_q=%D0%BB%D0%B5%D1%81%D1%82%D0%BD%D0%B8 HTTP/1.0" 200 - "http://sovdom.com/catalog/index2514.htm" "Mozilla/5.0 (Linux; Android 7.0; arm_64; Redmi Note 4) AppleWebKit/537.36 (KHTML, like Gecko) Chrome/83.0.4103.116 YaApp_Android/20.74 YaSearchBrowser/20.74 BroPP/1.0 SA/1 Mobile Safari/537.36"
66.249.76.154 - - [01/Sep/2020:07:04:57 +0300] "GET /catalog/list2116.htm HTTP/1.0" 200 11492 "-" "Mozilla/5.0 (Linux; Android 6.0.1; Nexus 5X Build/MMB29P) AppleWebKit/537.36 (KHTML, like Gecko) Chrome/80.0.3987.92 Mobile Safari/537.36 (compatible; Googlebot/2.1; +http://www.google.com/bot.html)"
31.132.176.59 - - [01/Sep/2020:07:05:12 +0300] "GET /catalog/ HTTP/1.0" 200 4766 "http://yandex.ru/searchapp?text=" "Mozilla/5.0 (Linux; Android 7.0; arm_64; Redmi Note 4) AppleWebKit/537.36 (KHTML, like Gecko) Chrome/83.0.4103.116 YaApp_Android/20.74 YaSearchBrowser/20.74 BroPP/1.0 SA/1 Mobile Safari/537.36"
31.132.176.59 - - [01/Sep/2020:07:05:16 +0300] "POST /catalog/ HTTP/1.0" 200 1091 "http://sovdom.com/catalog/" "Mozilla/5.0 (Linux; Android 7.0; arm_64; Redmi Note 4) AppleWebKit/537.36 (KHTML, like Gecko) Chrome/83.0.4103.116 YaApp_Android/20.74 YaSearchBrowser/20.74 BroPP/1.0 SA/1 Mobile Safari/537.36"
31.132.176.59 - - [01/Sep/2020:07:05:17 +0300] "POST /catalog/ HTTP/1.0" 200 754 "http://sovdom.com/catalog/" "Mozilla/5.0 (Linux; Android 7.0; arm_64; Redmi Note 4) AppleWebKit/537.36 (KHTML, like Gecko) Chrome/83.0.4103.116 YaApp_Android/20.74 YaSearchBrowser/20.74 BroPP/1.0 SA/1 Mobile Safari/537.36"
31.132.176.59 - - [01/Sep/2020:07:05:18 +0300] "POST /catalog/ HTTP/1.0" 200 562 "http://sovdom.com/catalog/" "Mozilla/5.0 (Linux; Android 7.0; arm_64; Redmi Note 4) AppleWebKit/537.36 (KHTML, like Gecko) Chrome/83.0.4103.116 YaApp_Android/20.74 YaSearchBrowser/20.74 BroPP/1.0 SA/1 Mobile Safari/537.36"
31.132.176.59 - - [01/Sep/2020:07:05:19 +0300] "POST /catalog/ HTTP/1.0" 200 565 "http://sovdom.com/catalog/" "Mozilla/5.0 (Linux; Android 7.0; arm_64; Redmi Note 4) AppleWebKit/537.36 (KHTML, like Gecko) Chrome/83.0.4103.116 YaApp_Android/20.74 YaSearchBrowser/20.74 BroPP/1.0 SA/1 Mobile Safari/537.36"
31.132.176.59 - - [01/Sep/2020:07:05:19 +0300] "POST /catalog/ HTTP/1.0" 200 567 "http://sovdom.com/catalog/" "Mozilla/5.0 (Linux; Android 7.0; arm_64; Redmi Note 4) AppleWebKit/537.36 (KHTML, like Gecko) Chrome/83.0.4103.116 YaApp_Android/20.74 YaSearchBrowser/20.74 BroPP/1.0 SA/1 Mobile Safari/537.36"
31.132.176.59 - - [01/Sep/2020:07:05:20 +0300] "POST /catalog/ HTTP/1.0" 200 570 "http://sovdom.com/catalog/" "Mozilla/5.0 (Linux; Android 7.0; arm_64; Redmi Note 4) AppleWebKit/537.36 (KHTML, like Gecko) Chrome/83.0.4103.116 YaApp_Android/20.74 YaSearchBrowser/20.74 BroPP/1.0 SA/1 Mobile Safari/537.36"
31.132.176.59 - - [01/Sep/2020:07:05:20 +0300] "POST /catalog/ HTTP/1.0" 200 20 "http://sovdom.com/catalog/" "Mozilla/5.0 (Linux; Android 7.0; arm_64; Redmi Note 4) AppleWebKit/537.36 (KHTML, like Gecko) Chrome/83.0.4103.116 YaApp_Android/20.74 YaSearchBrowser/20.74 BroPP/1.0 SA/1 Mobile Safari/537.36"
31.132.176.59 - - [01/Sep/2020:07:05:23 +0300] "POST /catalog/ HTTP/1.0" 200 20 "http://sovdom.com/catalog/" "Mozilla/5.0 (Linux; Android 7.0; arm_64; Redmi Note 4) AppleWebKit/537.36 (KHTML, like Gecko) Chrome/83.0.4103.116 YaApp_Android/20.74 YaSearchBrowser/20.74 BroPP/1.0 SA/1 Mobile Safari/537.36"
66.249.76.154 - - [01/Sep/2020:07:05:26 +0300] "GET /catalog/list2352.htm HTTP/1.0" 200 20306 "-" "Mozilla/5.0 (compatible; Googlebot/2.1; +http://www.google.com/bot.html)"
31.132.176.59 - - [01/Sep/2020:07:05:29 +0300] "GET /catalog/detail.php?ID=336922 HTTP/1.0" 200 6382 "http://sovdom.com/catalog/" "Mozilla/5.0 (Linux; Android 7.0; arm_64; Redmi Note 4) AppleWebKit/537.36 (KHTML, like Gecko) Chrome/83.0.4103.116 YaApp_Android/20.74 YaSearchBrowser/20.74 BroPP/1.0 SA/1 Mobile Safari/537.36"
31.132.176.59 - - [01/Sep/2020:07:05:50 +0300] "GET /catalog/ HTTP/1.0" 200 5162 "http://yandex.ru/searchapp?text=" "Mozilla/5.0 (Linux; Android 7.0; arm_64; Redmi Note 4) AppleWebKit/537.36 (KHTML, like Gecko) Chrome/83.0.4103.116 YaApp_Android/20.74 YaSearchBrowser/20.74 BroPP/1.0 SA/1 Mobile Safari/537.36"
66.249.76.144 - - [01/Sep/2020:07:05:55 +0300] "GET /catalog/index2352.htm HTTP/1.0" 301 18604 "-" "Mozilla/5.0 (compatible; Googlebot/2.1; +http://www.google.com/bot.html)"
66.249.76.144 - - [01/Sep/2020:07:05:55 +0300] "GET /catalog/list2352.htm HTTP/1.0" 200 20316 "-" "Mozilla/5.0 (compatible; Googlebot/2.1; +http://www.google.com/bot.html)"
31.132.176.59 - - [01/Sep/2020:07:05:55 +0300] "POST /catalog/ HTTP/1.0" 200 1091 "http://sovdom.com/catalog/" "Mozilla/5.0 (Linux; Android 7.0; arm_64; Redmi Note 4) AppleWebKit/537.36 (KHTML, like Gecko) Chrome/83.0.4103.116 YaApp_Android/20.74 YaSearchBrowser/20.74 BroPP/1.0 SA/1 Mobile Safari/537.36"
31.132.176.59 - - [01/Sep/2020:07:05:56 +0300] "POST /catalog/ HTTP/1.0" 200 754 "http://sovdom.com/catalog/" "Mozilla/5.0 (Linux; Android 7.0; arm_64; Redmi Note 4) AppleWebKit/537.36 (KHTML, like Gecko) Chrome/83.0.4103.116 YaApp_Android/20.74 YaSearchBrowser/20.74 BroPP/1.0 SA/1 Mobile Safari/537.36"
31.132.176.59 - - [01/Sep/2020:07:05:57 +0300] "POST /catalog/ HTTP/1.0" 200 562 "http://sovdom.com/catalog/" "Mozilla/5.0 (Linux; Android 7.0; arm_64; Redmi Note 4) AppleWebKit/537.36 (KHTML, like Gecko) Chrome/83.0.4103.116 YaApp_Android/20.74 YaSearchBrowser/20.74 BroPP/1.0 SA/1 Mobile Safari/537.36"
31.132.176.59 - - [01/Sep/2020:07:05:59 +0300] "GET /catalog/detail.php?ID=341416 HTTP/1.0" 200 7190 "http://sovdom.com/catalog/" "Mozilla/5.0 (Linux; Android 7.0; arm_64; Redmi Note 4) AppleWebKit/537.36 (KHTML, like Gecko) Chrome/83.0.4103.116 YaApp_Android/20.74 YaSearchBrowser/20.74 BroPP/1.0 SA/1 Mobile Safari/537.36"
31.132.176.59 - - [01/Sep/2020:07:06:16 +0300] "GET /catalog/ HTTP/1.0" 200 5229 "http://yandex.ru/searchapp?text=" "Mozilla/5.0 (Linux; Android 7.0; arm_64; Redmi Note 4) AppleWebKit/537.36 (KHTML, like Gecko) Chrome/83.0.4103.116 YaApp_Android/20.74 YaSearchBrowser/20.74 BroPP/1.0 SA/1 Mobile Safari/537.36"
31.132.176.59 - - [01/Sep/2020:07:06:21 +0300] "POST /catalog/ HTTP/1.0" 200 1091 "http://sovdom.com/catalog/" "Mozilla/5.0 (Linux; Android 7.0; arm_64; Redmi Note 4) AppleWebKit/537.36 (KHTML, like Gecko) Chrome/83.0.4103.116 YaApp_Android/20.74 YaSearchBrowser/20.74 BroPP/1.0 SA/1 Mobile Safari/537.36"
31.132.176.59 - - [01/Sep/2020:07:06:21 +0300] "POST /catalog/ HTTP/1.0" 200 754 "http://sovdom.com/catalog/" "Mozilla/5.0 (Linux; Android 7.0; arm_64; Redmi Note 4) AppleWebKit/537.36 (KHTML, like Gecko) Chrome/83.0.4103.116 YaApp_Android/20.74 YaSearchBrowser/20.74 BroPP/1.0 SA/1 Mobile Safari/537.36"
66.249.76.146 - - [01/Sep/2020:07:06:22 +0300] "GET /catalog/list2391.htm HTTP/1.0" 200 4565 "-" "Mozilla/5.0 (Linux; Android 6.0.1; Nexus 5X Build/MMB29P) AppleWebKit/537.36 (KHTML, like Gecko) Chrome/80.0.3987.92 Mobile Safari/537.36 (compatible; Googlebot/2.1; +http://www.google.com/bot.html)"
31.132.176.59 - - [01/Sep/2020:07:06:22 +0300] "POST /catalog/ HTTP/1.0" 200 562 "http://sovdom.com/catalog/" "Mozilla/5.0 (Linux; Android 7.0; arm_64; Redmi Note 4) AppleWebKit/537.36 (KHTML, like Gecko) Chrome/83.0.4103.116 YaApp_Android/20.74 YaSearchBrowser/20.74 BroPP/1.0 SA/1 Mobile Safari/537.36"
31.132.176.59 - - [01/Sep/2020:07:06:25 +0300] "GET /catalog/detail.php?ID=343637 HTTP/1.0" 200 7288 "http://sovdom.com/catalog/" "Mozilla/5.0 (Linux; Android 7.0; arm_64; Redmi Note 4) AppleWebKit/537.36 (KHTML, like Gecko) Chrome/83.0.4103.116 YaApp_Android/20.74 YaSearchBrowser/20.74 BroPP/1.0 SA/1 Mobile Safari/537.36"
66.249.64.184 - - [01/Sep/2020:07:06:51 +0300] "GET /catalog/list2183.htm HTTP/1.0" 200 43102 "-" "Mozilla/5.0 (compatible; Googlebot/2.1; +http://www.google.com/bot.html)"
31.132.176.59 - - [01/Sep/2020:07:07:17 +0300] "GET /catalog/ HTTP/1.0" 200 5295 "http://yandex.ru/searchapp?text=" "Mozilla/5.0 (Linux; Android 7.0; arm_64; Redmi Note 4) AppleWebKit/537.36 (KHTML, like Gecko) Chrome/83.0.4103.116 YaApp_Android/20.74 YaSearchBrowser/20.74 BroPP/1.0 SA/1 Mobile Safari/537.36"
31.132.176.59 - - [01/Sep/2020:07:07:21 +0300] "POST /catalog/ HTTP/1.0" 200 1091 "http://sovdom.com/catalog/" "Mozilla/5.0 (Linux; Android 7.0; arm_64; Redmi Note 4) AppleWebKit/537.36 (KHTML, like Gecko) Chrome/83.0.4103.116 YaApp_Android/20.74 YaSearchBrowser/20.74 BroPP/1.0 SA/1 Mobile Safari/537.36"
31.132.176.59 - - [01/Sep/2020:07:07:22 +0300] "POST /catalog/ HTTP/1.0" 200 754 "http://sovdom.com/catalog/" "Mozilla/5.0 (Linux; Android 7.0; arm_64; Redmi Note 4) AppleWebKit/537.36 (KHTML, like Gecko) Chrome/83.0.4103.116 YaApp_Android/20.74 YaSearchBrowser/20.74 BroPP/1.0 SA/1 Mobile Safari/537.36"
31.132.176.59 - - [01/Sep/2020:07:07:22 +0300] "POST /catalog/ HTTP/1.0" 200 562 "http://sovdom.com/catalog/" "Mozilla/5.0 (Linux; Android 7.0; arm_64; Redmi Note 4) AppleWebKit/537.36 (KHTML, like Gecko) Chrome/83.0.4103.116 YaApp_Android/20.74 YaSearchBrowser/20.74 BroPP/1.0 SA/1 Mobile Safari/537.36"
66.249.76.144 - - [01/Sep/2020:07:07:22 +0300] "GET /catalog/list2277.htm HTTP/1.0" 200 5947 "-" "Mozilla/5.0 (Linux; Android 6.0.1; Nexus 5X Build/MMB29P) AppleWebKit/537.36 (KHTML, like Gecko) Chrome/80.0.3987.92 Mobile Safari/537.36 (compatible; Googlebot/2.1; +http://www.google.com/bot.html)"
31.132.176.59 - - [01/Sep/2020:07:07:27 +0300] "GET /catalog/detail.php?ID=332292 HTTP/1.0" 200 7324 "http://sovdom.com/catalog/" "Mozilla/5.0 (Linux; Android 7.0; arm_64; Redmi Note 4) AppleWebKit/537.36 (KHTML, like Gecko) Chrome/83.0.4103.116 YaApp_Android/20.74 YaSearchBrowser/20.74 BroPP/1.0 SA/1 Mobile Safari/537.36"
66.249.76.144 - - [01/Sep/2020:07:07:48 +0300] "GET /catalog/index2167.htm HTTP/1.0" 301 18538 "-" "Mozilla/5.0 (compatible; Googlebot/2.1; +http://www.google.com/bot.html)"
31.132.176.59 - - [01/Sep/2020:07:07:49 +0300] "GET /catalog/ HTTP/1.0" 200 5366 "http://yandex.ru/searchapp?text=" "Mozilla/5.0 (Linux; Android 7.0; arm_64; Redmi Note 4) AppleWebKit/537.36 (KHTML, like Gecko) Chrome/83.0.4103.116 YaApp_Android/20.74 YaSearchBrowser/20.74 BroPP/1.0 SA/1 Mobile Safari/537.36"
66.249.76.142 - - [01/Sep/2020:07:07:49 +0300] "GET /catalog/list2167.htm HTTP/1.0" 200 41912 "-" "Mozilla/5.0 (compatible; Googlebot/2.1; +http://www.google.com/bot.html)"
31.132.176.59 - - [01/Sep/2020:07:08:02 +0300] "GET /catalog/index2503.htm HTTP/1.0" 200 5001 "http://sovdom.com/catalog/" "Mozilla/5.0 (Linux; Android 7.0; arm_64; Redmi Note 4) AppleWebKit/537.36 (KHTML, like Gecko) Chrome/83.0.4103.116 YaApp_Android/20.74 YaSearchBrowser/20.74 BroPP/1.0 SA/1 Mobile Safari/537.36"
31.132.176.59 - - [01/Sep/2020:07:08:13 +0300] "GET /catalog/index2505.htm HTTP/1.0" 200 5273 "http://sovdom.com/catalog/index2503.htm" "Mozilla/5.0 (Linux; Android 7.0; arm_64; Redmi Note 4) AppleWebKit/537.36 (KHTML, like Gecko) Chrome/83.0.4103.116 YaApp_Android/20.74 YaSearchBrowser/20.74 BroPP/1.0 SA/1 Mobile Safari/537.36"
66.249.76.154 - - [01/Sep/2020:07:08:16 +0300] "GET /catalog/list2167.htm HTTP/1.0" 200 41917 "-" "Mozilla/5.0 (compatible; Googlebot/2.1; +http://www.google.com/bot.html)"
31.132.176.59 - - [01/Sep/2020:07:08:25 +0300] "GET /catalog/index2503.htm HTTP/1.0" 200 5002 "http://sovdom.com/catalog/" "Mozilla/5.0 (Linux; Android 7.0; arm_64; Redmi Note 4) AppleWebKit/537.36 (KHTML, like Gecko) Chrome/83.0.4103.116 YaApp_Android/20.74 YaSearchBrowser/20.74 BroPP/1.0 SA/1 Mobile Safari/537.36"
157.55.39.145 - - [01/Sep/2020:07:08:28 +0300] "GET /catalog/index2070.htm HTTP/1.0" 301 327 "-" "Mozilla/5.0 (compatible; bingbot/2.0; +http://www.bing.com/bingbot.htm)"
31.132.176.59 - - [01/Sep/2020:07:08:31 +0300] "GET /catalog/index2505.htm HTTP/1.0" 200 5271 "http://sovdom.com/catalog/index2503.htm" "Mozilla/5.0 (Linux; Android 7.0; arm_64; Redmi Note 4) AppleWebKit/537.36 (KHTML, like Gecko) Chrome/83.0.4103.116 YaApp_Android/20.74 YaSearchBrowser/20.74 BroPP/1.0 SA/1 Mobile Safari/537.36"
31.132.176.59 - - [01/Sep/2020:07:08:43 +0300] "GET /catalog/index2503.htm HTTP/1.0" 200 5001 "http://sovdom.com/catalog/" "Mozilla/5.0 (Linux; Android 7.0; arm_64; Redmi Note 4) AppleWebKit/537.36 (KHTML, like Gecko) Chrome/83.0.4103.116 YaApp_Android/20.74 YaSearchBrowser/20.74 BroPP/1.0 SA/1 Mobile Safari/537.36"
66.249.76.142 - - [01/Sep/2020:07:08:43 +0300] "GET /catalog/list2352.htm HTTP/1.0" 200 5948 "-" "Mozilla/5.0 (Linux; Android 6.0.1; Nexus 5X Build/MMB29P) AppleWebKit/537.36 (KHTML, like Gecko) Chrome/80.0.3987.92 Mobile Safari/537.36 (compatible; Googlebot/2.1; +http://www.google.com/bot.html)"
31.132.176.59 - - [01/Sep/2020:07:08:46 +0300] "GET /catalog/ HTTP/1.0" 200 5365 "http://yandex.ru/searchapp?text=" "Mozilla/5.0 (Linux; Android 7.0; arm_64; Redmi Note 4) AppleWebKit/537.36 (KHTML, like Gecko) Chrome/83.0.4103.116 YaApp_Android/20.74 YaSearchBrowser/20.74 BroPP/1.0 SA/1 Mobile Safari/537.36"
178.154.200.135 - - [01/Sep/2020:07:09:08 +0300] "GET /catalog/detail.php?ID=326663 HTTP/1.0" 200 21550 "-" "Mozilla/5.0 (compatible; YandexBot/3.0; +http://yandex.com/bots)"
31.132.176.59 - - [01/Sep/2020:07:09:09 +0300] "GET /catalog/index2514.htm HTTP/1.0" 200 5196 "http://sovdom.com/catalog/" "Mozilla/5.0 (Linux; Android 7.0; arm_64; Redmi Note 4) AppleWebKit/537.36 (KHTML, like Gecko) Chrome/83.0.4103.116 YaApp_Android/20.74 YaSearchBrowser/20.74 BroPP/1.0 SA/1 Mobile Safari/537.36"
5.45.207.183 - - [01/Sep/2020:07:09:13 +0300] "GET / HTTP/1.0" 301 306 "-" "Mozilla/5.0 (compatible; YandexMetrika/2.0; +http://yandex.com/bots yabs01)"
178.154.200.154 - - [01/Sep/2020:07:09:13 +0300] "GET / HTTP/1.0" 200 79612 "-" "Mozilla/5.0 (compatible; YandexMetrika/2.0; +http://yandex.com/bots yabs01)"
40.77.167.147 - - [01/Sep/2020:07:09:13 +0300] "GET /xmlrpc/dzhenerik-sialis-soft/index.html HTTP/1.0" 404 18814 "-" "Mozilla/5.0 (compatible; bingbot/2.0; +http://www.bing.com/bingbot.htm)"
31.132.176.59 - - [01/Sep/2020:07:09:25 +0300] "GET /catalog/index2569.htm HTTP/1.0" 200 5591 "http://sovdom.com/catalog/index2514.htm" "Mozilla/5.0 (Linux; Android 7.0; arm_64; Redmi Note 4) AppleWebKit/537.36 (KHTML, like Gecko) Chrome/83.0.4103.116 YaApp_Android/20.74 YaSearchBrowser/20.74 BroPP/1.0 SA/1 Mobile Safari/537.36"
31.132.176.59 - - [01/Sep/2020:07:09:52 +0300] "GET /catalog/list2567.htm HTTP/1.0" 200 8220 "http://sovdom.com/catalog/index2569.htm" "Mozilla/5.0 (Linux; Android 7.0; arm_64; Redmi Note 4) AppleWebKit/537.36 (KHTML, like Gecko) Chrome/83.0.4103.116 YaApp_Android/20.74 YaSearchBrowser/20.74 BroPP/1.0 SA/1 Mobile Safari/537.36"
31.132.176.59 - - [01/Sep/2020:07:10:04 +0300] "GET /catalog/index2569.htm HTTP/1.0" 200 5593 "http://sovdom.com/catalog/index2514.htm" "Mozilla/5.0 (Linux; Android 7.0; arm_64; Redmi Note 4) AppleWebKit/537.36 (KHTML, like Gecko) Chrome/83.0.4103.116 YaApp_Android/20.74 YaSearchBrowser/20.74 BroPP/1.0 SA/1 Mobile Safari/537.36"
31.132.176.59 - - [01/Sep/2020:07:10:07 +0300] "GET /catalog/index2514.htm HTTP/1.0" 200 5196 "http://sovdom.com/catalog/" "Mozilla/5.0 (Linux; Android 7.0; arm_64; Redmi Note 4) AppleWebKit/537.36 (KHTML, like Gecko) Chrome/83.0.4103.116 YaApp_Android/20.74 YaSearchBrowser/20.74 BroPP/1.0 SA/1 Mobile Safari/537.36"
31.132.176.59 - - [01/Sep/2020:07:10:10 +0300] "GET /catalog/index2569.htm HTTP/1.0" 200 5586 "http://sovdom.com/catalog/index2514.htm" "Mozilla/5.0 (Linux; Android 7.0; arm_64; Redmi Note 4) AppleWebKit/537.36 (KHTML, like Gecko) Chrome/83.0.4103.116 YaApp_Android/20.74 YaSearchBrowser/20.74 BroPP/1.0 SA/1 Mobile Safari/537.36"
95.163.36.6 - - [01/Sep/2020:07:10:20 +0300] "GET /sitemap_iblock_10.xml HTTP/1.0" 304 - "-" "Mozilla/5.0 (compatible; Linux x86_64; Mail.RU_Bot/Fast/2.0; +http://go.mail.ru/help/robots)"
31.132.176.59 - - [01/Sep/2020:07:10:19 +0300] "GET /catalog/list2516.htm HTTP/1.0" 200 26146 "http://sovdom.com/catalog/index2569.htm" "Mozilla/5.0 (Linux; Android 7.0; arm_64; Redmi Note 4) AppleWebKit/537.36 (KHTML, like Gecko) Chrome/83.0.4103.116 YaApp_Android/20.74 YaSearchBrowser/20.74 BroPP/1.0 SA/1 Mobile Safari/537.36"
95.163.36.8 - - [01/Sep/2020:07:10:30 +0300] "GET /sitemap_iblock_11.xml HTTP/1.0" 304 - "-" "Mozilla/5.0 (compatible; Linux x86_64; Mail.RU_Bot/Fast/2.0; +http://go.mail.ru/help/robots)"
31.132.176.59 - - [01/Sep/2020:07:10:35 +0300] "GET /catalog/index2569.htm HTTP/1.0" 200 5589 "http://sovdom.com/catalog/index2514.htm" "Mozilla/5.0 (Linux; Android 7.0; arm_64; Redmi Note 4) AppleWebKit/537.36 (KHTML, like Gecko) Chrome/83.0.4103.116 YaApp_Android/20.74 YaSearchBrowser/20.74 BroPP/1.0 SA/1 Mobile Safari/537.36"
31.132.176.59 - - [01/Sep/2020:07:10:41 +0300] "GET /catalog/index2514.htm HTTP/1.0" 200 5195 "http://sovdom.com/catalog/" "Mozilla/5.0 (Linux; Android 7.0; arm_64; Redmi Note 4) AppleWebKit/537.36 (KHTML, like Gecko) Chrome/83.0.4103.116 YaApp_Android/20.74 YaSearchBrowser/20.74 BroPP/1.0 SA/1 Mobile Safari/537.36"
95.163.36.6 - - [01/Sep/2020:07:10:44 +0300] "GET /sitemap_iblock_8.xml HTTP/1.0" 304 - "-" "Mozilla/5.0 (compatible; Linux x86_64; Mail.RU_Bot/Fast/2.0; +http://go.mail.ru/help/robots)"
178.154.200.135 - - [01/Sep/2020:07:10:44 +0300] "GET /robots.txt HTTP/1.0" 200 4301 "-" "Mozilla/5.0 (compatible; YandexBot/3.0; +http://yandex.com/bots)"
178.154.200.135 - - [01/Sep/2020:07:10:45 +0300] "GET / HTTP/1.0" 200 79615 "-" "Mozilla/5.0 (compatible; YandexBot/3.0; +http://yandex.com/bots) AppleWebKit/537.36 (KHTML, like Gecko) Chrome/51.0.2704.106"
95.163.36.15 - - [01/Sep/2020:07:10:51 +0300] "GET /sitemap_files.xml HTTP/1.0" 304 - "-" "Mozilla/5.0 (compatible; Linux x86_64; Mail.RU_Bot/Fast/2.0; +http://go.mail.ru/help/robots)"
95.163.36.8 - - [01/Sep/2020:07:10:57 +0300] "GET /sitemap_iblock_12.xml HTTP/1.0" 304 - "-" "Mozilla/5.0 (compatible; Linux x86_64; Mail.RU_Bot/Fast/2.0; +http://go.mail.ru/help/robots)"
31.132.176.59 - - [01/Sep/2020:07:10:59 +0300] "GET /catalog/index2571.htm HTTP/1.0" 301 4844 "http://sovdom.com/catalog/index2514.htm" "Mozilla/5.0 (Linux; Android 7.0; arm_64; Redmi Note 4) AppleWebKit/537.36 (KHTML, like Gecko) Chrome/83.0.4103.116 YaApp_Android/20.74 YaSearchBrowser/20.74 BroPP/1.0 SA/1 Mobile Safari/537.36"
31.132.176.59 - - [01/Sep/2020:07:10:59 +0300] "GET /catalog/list2571.htm HTTP/1.0" 200 6493 "http://sovdom.com/catalog/index2514.htm" "Mozilla/5.0 (Linux; Android 7.0; arm_64; Redmi Note 4) AppleWebKit/537.36 (KHTML, like Gecko) Chrome/83.0.4103.116 YaApp_Android/20.74 YaSearchBrowser/20.74 BroPP/1.0 SA/1 Mobile Safari/537.36"
31.132.176.59 - - [01/Sep/2020:07:11:03 +0300] "GET /catalog/index2514.htm HTTP/1.0" 200 5195 "http://sovdom.com/catalog/" "Mozilla/5.0 (Linux; Android 7.0; arm_64; Redmi Note 4) AppleWebKit/537.36 (KHTML, like Gecko) Chrome/83.0.4103.116 YaApp_Android/20.74 YaSearchBrowser/20.74 BroPP/1.0 SA/1 Mobile Safari/537.36"
