66.249.76.142 - - [01/Sep/2020:06:07:52 +0300] "GET /catalog/index2136.htm HTTP/1.0" 200 18728 "-" "Mozilla/5.0 (compatible; Googlebot/2.1; +http://www.google.com/bot.html)"
94.180.24.186 - - [01/Sep/2020:06:07:54 +0300] "POST /bitrix/components/bitrix/pull.request/ajax.php?UPDATE_STATE HTTP/1.0" 200 45 "http://sovdom.com/catalog/list2550.htm?SECTION_ID=2550&PAGEN_1=2" "Mozilla/5.0 (Linux; Android 7.1.1; ZTE BLADE A0620) AppleWebKit/537.36 (KHTML, like Gecko) Chrome/79.0.3945.116 Mobile Safari/537.36"
31.132.177.98 - - [01/Sep/2020:06:07:55 +0300] "GET /catalog/list2004.htm HTTP/1.0" 200 24081 "http://sovdom.com/catalog/index2002.htm" "Mozilla/5.0 (Linux; Android 7.1.2; Redmi 5A) AppleWebKit/537.36 (KHTML, like Gecko) Chrome/84.0.4147.125 Mobile Safari/537.36"
94.180.24.186 - - [01/Sep/2020:06:08:16 +0300] "GET /catalog/list2550.htm?SECTION_ID=2550&PAGEN_1=3 HTTP/1.0" 200 13300 "http://sovdom.com/catalog/list2550.htm?SECTION_ID=2550&PAGEN_1=2" "Mozilla/5.0 (Linux; Android 7.1.1; ZTE BLADE A0620) AppleWebKit/537.36 (KHTML, like Gecko) Chrome/79.0.3945.116 Mobile Safari/537.36"
66.249.76.146 - - [01/Sep/2020:06:08:25 +0300] "GET /catalog/index2143.htm HTTP/1.0" 301 18570 "-" "Mozilla/5.0 (compatible; Googlebot/2.1; +http://www.google.com/bot.html)"
66.249.76.146 - - [01/Sep/2020:06:08:26 +0300] "GET /catalog/list2143.htm HTTP/1.0" 200 37885 "-" "Mozilla/5.0 (compatible; Googlebot/2.1; +http://www.google.com/bot.html)"
94.180.24.186 - - [01/Sep/2020:06:08:30 +0300] "GET /catalog/detail.php?ID=344923 HTTP/1.0" 200 8362 "http://sovdom.com/catalog/list2550.htm?SECTION_ID=2550&PAGEN_1=3" "Mozilla/5.0 (Linux; Android 7.1.1; ZTE BLADE A0620) AppleWebKit/537.36 (KHTML, like Gecko) Chrome/79.0.3945.116 Mobile Safari/537.36"
95.163.36.7 - - [01/Sep/2020:06:08:35 +0300] "GET /sitemap_iblock_8.xml HTTP/1.0" 304 - "-" "Mozilla/5.0 (compatible; Linux x86_64; Mail.RU_Bot/Fast/2.0; +http://go.mail.ru/help/robots)"
95.163.36.6 - - [01/Sep/2020:06:08:39 +0300] "GET /sitemap_iblock_10.xml HTTP/1.0" 304 - "-" "Mozilla/5.0 (compatible; Linux x86_64; Mail.RU_Bot/Fast/2.0; +http://go.mail.ru/help/robots)"
95.163.36.4 - - [01/Sep/2020:06:08:42 +0300] "GET /sitemap_iblock_11.xml HTTP/1.0" 304 - "-" "Mozilla/5.0 (compatible; Linux x86_64; Mail.RU_Bot/Fast/2.0; +http://go.mail.ru/help/robots)"
95.163.36.8 - - [01/Sep/2020:06:08:47 +0300] "GET /sitemap_files.xml HTTP/1.0" 304 - "-" "Mozilla/5.0 (compatible; Linux x86_64; Mail.RU_Bot/Fast/2.0; +http://go.mail.ru/help/robots)"
95.163.36.13 - - [01/Sep/2020:06:08:51 +0300] "GET /sitemap_iblock_12.xml HTTP/1.0" 304 - "-" "Mozilla/5.0 (compatible; Linux x86_64; Mail.RU_Bot/Fast/2.0; +http://go.mail.ru/help/robots)"
31.132.177.98 - - [01/Sep/2020:06:08:51 +0300] "GET /catalog/detail.php?ID=16165 HTTP/1.0" 200 10488 "http://sovdom.com/catalog/list2004.htm" "Mozilla/5.0 (Linux; Android 7.1.2; Redmi 5A) AppleWebKit/537.36 (KHTML, like Gecko) Chrome/84.0.4147.125 Mobile Safari/537.36"
31.132.177.98 - - [01/Sep/2020:06:08:58 +0300] "GET /catalog/list2004.htm HTTP/1.0" 200 24400 "http://sovdom.com/catalog/index2002.htm" "Mozilla/5.0 (Linux; Android 7.1.2; Redmi 5A) AppleWebKit/537.36 (KHTML, like Gecko) Chrome/84.0.4147.125 Mobile Safari/537.36"
66.249.76.154 - - [01/Sep/2020:06:08:59 +0300] "GET /catalog/list2143.htm HTTP/1.0" 200 37892 "-" "Mozilla/5.0 (compatible; Googlebot/2.1; +http://www.google.com/bot.html)"
5.45.207.96 - - [01/Sep/2020:06:09:10 +0300] "GET /bitrix/tools/captcha.php?captcha_sid=0b0a9bdd350b4c12194604d8088d4fbe HTTP/1.0" 200 3845 "-" "Mozilla/5.0 (compatible; YandexImages/3.0; +http://yandex.com/bots)"
31.132.177.98 - - [01/Sep/2020:06:09:29 +0300] "GET /catalog/list2004.htm?sort=CATALOG_PRICE_1 HTTP/1.0" 200 22603 "http://sovdom.com/catalog/list2004.htm" "Mozilla/5.0 (Linux; Android 7.1.2; Redmi 5A) AppleWebKit/537.36 (KHTML, like Gecko) Chrome/84.0.4147.125 Mobile Safari/537.36"
94.180.24.186 - - [01/Sep/2020:06:09:32 +0300] "POST /bitrix/components/bitrix/pull.request/ajax.php?UPDATE_STATE HTTP/1.0" 200 45 "http://sovdom.com/catalog/detail.php?ID=344923" "Mozilla/5.0 (Linux; Android 7.1.1; ZTE BLADE A0620) AppleWebKit/537.36 (KHTML, like Gecko) Chrome/79.0.3945.116 Mobile Safari/537.36"
178.154.200.135 - - [01/Sep/2020:06:09:59 +0300] "GET /catalog/detail.php?ID=346299 HTTP/1.0" 200 22007 "-" "Mozilla/5.0 (compatible; YandexBot/3.0; +http://yandex.com/bots)"
178.137.90.95 - - [01/Sep/2020:06:10:18 +0300] "GET / HTTP/1.0" 200 1711677 "http://greenshop.su/" "Mozilla/4.0 (compatible; MSIE 5.5; Windows NT 5.0; .NET CLR 1.1.4322)"
178.137.90.95 - - [01/Sep/2020:06:10:18 +0300] "GET / HTTP/1.0" 200 1711677 "https://gcup.ru/" "Mozilla/4.0 (compatible; MSIE 5.5; Windows 98)"
178.137.90.95 - - [01/Sep/2020:06:10:18 +0300] "GET / HTTP/1.0" 200 1711677 "http://greenshop.su/" "Mozilla/4.0 (compatible; MSIE 5.5; Windows NT 5.0; .NET CLR 1.1.4322)"
178.137.90.95 - - [01/Sep/2020:06:10:18 +0300] "GET / HTTP/1.0" 200 1711677 "https://www.mosrif.ru/produktsiya/stoleshnitsy" "Mozilla/4.0 (compatible; MSIE 5.5; Windows NT 5.0; T312461)"
178.137.90.95 - - [01/Sep/2020:06:10:18 +0300] "GET / HTTP/1.0" 200 1711677 "https://gcup.ru/" "Mozilla/4.0 (compatible; MSIE 5.5; Windows 98)"
178.137.90.95 - - [01/Sep/2020:06:10:18 +0300] "GET / HTTP/1.0" 200 1711677 "https://sauna-v-ufe.ru/" "Mozilla/4.0 (compatible; MSIE 5.5; Windows NT 5.0; T312461)"
178.137.90.95 - - [01/Sep/2020:06:10:19 +0300] "GET / HTTP/1.0" 200 1711677 "http://greenshop.su/" "Mozilla/4.0 (compatible; MSIE 5.5; Windows NT 5.0; .NET CLR 1.1.4322)"
178.137.90.95 - - [01/Sep/2020:06:10:19 +0300] "GET / HTTP/1.0" 200 1711677 "https://www.mosrif.ru/produktsiya/stoleshnitsy" "Mozilla/4.0 (compatible; MSIE 5.5; Windows NT 5.0; T312461)"
178.137.90.95 - - [01/Sep/2020:06:10:19 +0300] "GET / HTTP/1.0" 200 1711677 "https://gcup.ru/" "Mozilla/4.0 (compatible; MSIE 5.5; Windows 98)"
178.137.90.95 - - [01/Sep/2020:06:10:19 +0300] "GET / HTTP/1.0" 200 1711677 "https://sauna-v-ufe.ru/" "Mozilla/4.0 (compatible; MSIE 5.5; Windows NT 5.0; T312461)"
178.137.90.95 - - [01/Sep/2020:06:10:19 +0300] "GET / HTTP/1.0" 200 1711677 "https://www.mosrif.ru/produktsiya/stoleshnitsy" "Mozilla/4.0 (compatible; MSIE 5.5; Windows NT 5.0; T312461)"
178.137.90.95 - - [01/Sep/2020:06:10:19 +0300] "GET / HTTP/1.0" 200 1711677 "https://sauna-v-ufe.ru/" "Mozilla/4.0 (compatible; MSIE 5.5; Windows NT 5.0; T312461)"
31.132.177.98 - - [01/Sep/2020:06:10:46 +0300] "GET /catalog/list2004.htm HTTP/1.0" 200 24398 "http://sovdom.com/catalog/index2002.htm" "Mozilla/5.0 (Linux; Android 7.1.2; Redmi 5A) AppleWebKit/537.36 (KHTML, like Gecko) Chrome/84.0.4147.125 Mobile Safari/537.36"
31.132.177.98 - - [01/Sep/2020:06:10:48 +0300] "GET /catalog/index2002.htm HTTP/1.0" 200 5059 "http://sovdom.com/catalog/" "Mozilla/5.0 (Linux; Android 7.1.2; Redmi 5A) AppleWebKit/537.36 (KHTML, like Gecko) Chrome/84.0.4147.125 Mobile Safari/537.36"
31.132.177.98 - - [01/Sep/2020:06:10:51 +0300] "GET /catalog/ HTTP/1.0" 200 5136 "http://www.google.com/" "Mozilla/5.0 (Linux; Android 7.1.2; Redmi 5A) AppleWebKit/537.36 (KHTML, like Gecko) Chrome/84.0.4147.125 Mobile Safari/537.36"
131.220.6.152 - - [01/Sep/2020:06:10:55 +0300] "GET / HTTP/1.0" 200 79616 "-" "Mozilla/5.0 (X11; Linux x86_64) AppleWebKit/537.36 (KHTML, like Gecko) Chrome/79.0.3945.79 Safari/537.36"
66.249.76.156 - - [01/Sep/2020:06:11:47 +0300] "GET /catalog/list2352.htm HTTP/1.0" 200 5949 "-" "Mozilla/5.0 (Linux; Android 6.0.1; Nexus 5X Build/MMB29P) AppleWebKit/537.36 (KHTML, like Gecko) Chrome/80.0.3987.92 Mobile Safari/537.36 (compatible; Googlebot/2.1; +http://www.google.com/bot.html)"
66.249.64.174 - - [01/Sep/2020:06:11:48 +0300] "GET /catalog/index2254.htm HTTP/1.0" 301 18547 "-" "Mozilla/5.0 (compatible; Googlebot/2.1; +http://www.google.com/bot.html)"
66.249.64.176 - - [01/Sep/2020:06:11:49 +0300] "GET /catalog/list2254.htm HTTP/1.0" 200 27640 "-" "Mozilla/5.0 (compatible; Googlebot/2.1; +http://www.google.com/bot.html)"
178.154.200.135 - - [01/Sep/2020:06:12:41 +0300] "GET /catalog/detail.php?ID=320228 HTTP/1.0" 200 26419 "-" "Mozilla/5.0 (compatible; YandexBot/3.0; +http://yandex.com/bots)"
66.249.76.144 - - [01/Sep/2020:06:13:06 +0300] "GET /articles/detail341183.htm HTTP/1.0" 200 18791 "-" "Mozilla/5.0 (compatible; Googlebot/2.1; +http://www.google.com/bot.html)"
94.180.24.186 - - [01/Sep/2020:06:14:00 +0300] "POST /bitrix/components/bitrix/pull.request/ajax.php?UPDATE_STATE HTTP/1.0" 200 45 "http://sovdom.com/catalog/detail.php?ID=344923" "Mozilla/5.0 (Linux; Android 7.1.1; ZTE BLADE A0620) AppleWebKit/537.36 (KHTML, like Gecko) Chrome/79.0.3945.116 Mobile Safari/537.36"
94.180.24.186 - - [01/Sep/2020:06:15:00 +0300] "POST /bitrix/components/bitrix/pull.request/ajax.php?UPDATE_STATE HTTP/1.0" 200 45 "http://sovdom.com/catalog/detail.php?ID=344923" "Mozilla/5.0 (Linux; Android 7.1.1; ZTE BLADE A0620) AppleWebKit/537.36 (KHTML, like Gecko) Chrome/79.0.3945.116 Mobile Safari/537.36"
94.180.24.186 - - [01/Sep/2020:06:15:01 +0300] "GET /catalog/detail.php?ID=342501 HTTP/1.0" 200 8766 "http://sovdom.com/catalog/detail.php?ID=344923" "Mozilla/5.0 (Linux; Android 7.1.1; ZTE BLADE A0620) AppleWebKit/537.36 (KHTML, like Gecko) Chrome/79.0.3945.116 Mobile Safari/537.36"
94.180.24.186 - - [01/Sep/2020:06:15:55 +0300] "GET /catalog/detail.php?ID=344923 HTTP/1.0" 200 8394 "http://sovdom.com/catalog/detail.php?ID=342501" "Mozilla/5.0 (Linux; Android 7.1.1; ZTE BLADE A0620) AppleWebKit/537.36 (KHTML, like Gecko) Chrome/79.0.3945.116 Mobile Safari/537.36"
95.217.45.173 - - [01/Sep/2020:06:16:08 +0300] "GET /catalog/detail.php?ID=333981 HTTP/1.0" 200 22154 "-" "Mozilla/5.0 (Windows NT 10.0; WOW64; rv:42.0) Gecko/20100101 Firefox/42.0"
95.217.45.173 - - [01/Sep/2020:06:16:08 +0300] "GET /catalog/detail.php?ID=339393 HTTP/1.0" 200 21569 "-" "Mozilla/5.0 (Windows NT 10.0; WOW64; rv:42.0) Gecko/20100101 Firefox/42.0"
95.217.45.173 - - [01/Sep/2020:06:16:09 +0300] "GET /catalog/detail.php?ID=331200 HTTP/1.0" 200 18437 "-" "Mozilla/5.0 (Windows NT 10.0; WOW64; rv:42.0) Gecko/20100101 Firefox/42.0"
95.217.45.173 - - [01/Sep/2020:06:16:09 +0300] "GET /catalog/detail.php?ID=331201 HTTP/1.0" 200 21307 "-" "Mozilla/5.0 (Windows NT 10.0; WOW64; rv:42.0) Gecko/20100101 Firefox/42.0"
94.180.24.186 - - [01/Sep/2020:06:16:43 +0300] "GET /catalog/detail.php?ID=344923 HTTP/1.0" 200 8393 "http://sovdom.com/catalog/detail.php?ID=342501" "Mozilla/5.0 (Linux; Android 7.1.1; ZTE BLADE A0620) AppleWebKit/537.36 (KHTML, like Gecko) Chrome/79.0.3945.116 Mobile Safari/537.36"
94.180.24.186 - - [01/Sep/2020:06:16:46 +0300] "GET /catalog/detail.php?ID=342501 HTTP/1.0" 200 8764 "http://sovdom.com/catalog/detail.php?ID=344923" "Mozilla/5.0 (Linux; Android 7.1.1; ZTE BLADE A0620) AppleWebKit/537.36 (KHTML, like Gecko) Chrome/79.0.3945.116 Mobile Safari/537.36"
94.180.24.186 - - [01/Sep/2020:06:17:47 +0300] "POST /bitrix/components/bitrix/pull.request/ajax.php?UPDATE_STATE HTTP/1.0" 200 45 "http://sovdom.com/catalog/detail.php?ID=342501" "Mozilla/5.0 (Linux; Android 7.1.1; ZTE BLADE A0620) AppleWebKit/537.36 (KHTML, like Gecko) Chrome/79.0.3945.116 Mobile Safari/537.36"
94.180.24.186 - - [01/Sep/2020:06:18:47 +0300] "POST /bitrix/components/bitrix/pull.request/ajax.php?UPDATE_STATE HTTP/1.0" 200 45 "http://sovdom.com/catalog/detail.php?ID=342501" "Mozilla/5.0 (Linux; Android 7.1.1; ZTE BLADE A0620) AppleWebKit/537.36 (KHTML, like Gecko) Chrome/79.0.3945.116 Mobile Safari/537.36"
95.163.36.5 - - [01/Sep/2020:06:19:31 +0300] "GET /sitemap_files.xml HTTP/1.0" 304 - "-" "Mozilla/5.0 (compatible; Linux x86_64; Mail.RU_Bot/Fast/2.0; +http://go.mail.ru/help/robots)"
95.163.36.13 - - [01/Sep/2020:06:19:38 +0300] "GET /sitemap_iblock_10.xml HTTP/1.0" 304 - "-" "Mozilla/5.0 (compatible; Linux x86_64; Mail.RU_Bot/Fast/2.0; +http://go.mail.ru/help/robots)"
94.180.24.186 - - [01/Sep/2020:06:19:48 +0300] "POST /bitrix/components/bitrix/pull.request/ajax.php?UPDATE_STATE HTTP/1.0" 200 45 "http://sovdom.com/catalog/detail.php?ID=342501" "Mozilla/5.0 (Linux; Android 7.1.1; ZTE BLADE A0620) AppleWebKit/537.36 (KHTML, like Gecko) Chrome/79.0.3945.116 Mobile Safari/537.36"
95.163.36.14 - - [01/Sep/2020:06:19:53 +0300] "GET /sitemap_iblock_11.xml HTTP/1.0" 304 - "-" "Mozilla/5.0 (compatible; Linux x86_64; Mail.RU_Bot/Fast/2.0; +http://go.mail.ru/help/robots)"
95.163.36.13 - - [01/Sep/2020:06:20:00 +0300] "GET /sitemap_iblock_8.xml HTTP/1.0" 304 - "-" "Mozilla/5.0 (compatible; Linux x86_64; Mail.RU_Bot/Fast/2.0; +http://go.mail.ru/help/robots)"
95.163.36.4 - - [01/Sep/2020:06:20:05 +0300] "GET /sitemap_iblock_12.xml HTTP/1.0" 304 - "-" "Mozilla/5.0 (compatible; Linux x86_64; Mail.RU_Bot/Fast/2.0; +http://go.mail.ru/help/robots)"
94.180.24.186 - - [01/Sep/2020:06:20:49 +0300] "POST /bitrix/components/bitrix/pull.request/ajax.php?UPDATE_STATE HTTP/1.0" 200 45 "http://sovdom.com/catalog/detail.php?ID=342501" "Mozilla/5.0 (Linux; Android 7.1.1; ZTE BLADE A0620) AppleWebKit/537.36 (KHTML, like Gecko) Chrome/79.0.3945.116 Mobile Safari/537.36"
114.119.163.185 - - [01/Sep/2020:06:20:51 +0300] "GET /catalog/index2109.htm HTTP/1.0" 301 4249 "-" "Mozilla/5.0 (Linux; Android 7.0;) AppleWebKit/537.36 (KHTML, like Gecko) Mobile Safari/537.36 (compatible; PetalBot;+http://aspiegel.com/petalbot)"
114.119.163.185 - - [01/Sep/2020:06:20:51 +0300] "GET /catalog/list2109.htm HTTP/1.0" 200 14596 "-" "Mozilla/5.0 (Linux; Android 7.0;) AppleWebKit/537.36 (KHTML, like Gecko) Mobile Safari/537.36 (compatible; PetalBot;+http://aspiegel.com/petalbot)"
94.180.24.186 - - [01/Sep/2020:06:21:50 +0300] "POST /bitrix/components/bitrix/pull.request/ajax.php?UPDATE_STATE HTTP/1.0" 200 45 "http://sovdom.com/catalog/detail.php?ID=342501" "Mozilla/5.0 (Linux; Android 7.1.1; ZTE BLADE A0620) AppleWebKit/537.36 (KHTML, like Gecko) Chrome/79.0.3945.116 Mobile Safari/537.36"
40.77.167.97 - - [01/Sep/2020:06:22:42 +0300] "GET /articles/detail329399.htm HTTP/1.0" 200 19050 "-" "Mozilla/5.0 (compatible; bingbot/2.0; +http://www.bing.com/bingbot.htm)"
94.180.24.186 - - [01/Sep/2020:06:22:51 +0300] "POST /bitrix/components/bitrix/pull.request/ajax.php?UPDATE_STATE HTTP/1.0" 200 45 "http://sovdom.com/catalog/detail.php?ID=342501" "Mozilla/5.0 (Linux; Android 7.1.1; ZTE BLADE A0620) AppleWebKit/537.36 (KHTML, like Gecko) Chrome/79.0.3945.116 Mobile Safari/537.36"
94.180.24.186 - - [01/Sep/2020:06:23:52 +0300] "POST /bitrix/components/bitrix/pull.request/ajax.php?UPDATE_STATE HTTP/1.0" 200 45 "http://sovdom.com/catalog/detail.php?ID=342501" "Mozilla/5.0 (Linux; Android 7.1.1; ZTE BLADE A0620) AppleWebKit/537.36 (KHTML, like Gecko) Chrome/79.0.3945.116 Mobile Safari/537.36"
66.249.64.174 - - [01/Sep/2020:06:24:42 +0300] "GET /catalog/index2303.htm HTTP/1.0" 301 18478 "-" "Mozilla/5.0 (compatible; Googlebot/2.1; +http://www.google.com/bot.html)"
66.249.76.146 - - [01/Sep/2020:06:24:43 +0300] "GET /catalog/list2303.htm HTTP/1.0" 200 18821 "-" "Mozilla/5.0 (compatible; Googlebot/2.1; +http://www.google.com/bot.html)"
178.154.200.135 - - [01/Sep/2020:06:25:53 +0300] "GET /catalog/detail.php?ID=327715 HTTP/1.0" 200 18436 "-" "Mozilla/5.0 (compatible; YandexBot/3.0; +http://yandex.com/bots)"
213.87.144.52 - - [01/Sep/2020:06:26:01 +0300] "GET /catalog/ HTTP/1.0" 200 4767 "http://yandex.ru/searchapp?text=" "Mozilla/5.0 (Linux; Android 9; TECNO KC6 Build/PPR1.180610.011; wv) AppleWebKit/537.36 (KHTML, like Gecko) Version/4.0 Chrome/83.0.4103.106 Mobile Safari/537.36 YandexSearch/7.80 YandexSearchBrowser/7.80"
27.153.142.18 - - [01/Sep/2020:06:26:21 +0300] "GET /catalog/list2365.htm HTTP/1.0" 200 18815 "-" "Mozilla/5.0 (Windows NT 6.1; Trident/7.0; rv:11.0) like Gecko"
27.153.142.18 - - [01/Sep/2020:06:26:22 +0300] "GET /bitrix/tools/captcha.php?captcha_sid=06e1a12a11c699a0a204032e7a8be281 HTTP/1.0" 200 3909 "http://sovdom.com/catalog/list2365.htm" "Mozilla/5.0 (Windows NT 6.1; Trident/7.0; rv:11.0) like Gecko"
27.153.142.18 - - [01/Sep/2020:06:26:27 +0300] "POST /personal/feedback/ HTTP/1.0" 200 6576 "http://sovdom.com/catalog/list2365.htm" "Mozilla/5.0 (Windows NT 6.1; Trident/7.0; rv:11.0) like Gecko"
27.153.142.18 - - [01/Sep/2020:06:26:29 +0300] "GET /catalog/list2365.htm HTTP/1.0" 200 18819 "-" "Mozilla/5.0 (Windows NT 6.1; Trident/7.0; rv:11.0) like Gecko"
213.87.144.52 - - [01/Sep/2020:06:27:04 +0300] "GET /catalog/index2103.htm HTTP/1.0" 200 5759 "http://sovdom.com/catalog/" "Mozilla/5.0 (Linux; Android 9; TECNO KC6 Build/PPR1.180610.011; wv) AppleWebKit/537.36 (KHTML, like Gecko) Version/4.0 Chrome/83.0.4103.106 Mobile Safari/537.36 YandexSearch/7.80 YandexSearchBrowser/7.80"
213.87.144.52 - - [01/Sep/2020:06:27:29 +0300] "GET /catalog/index2136.htm HTTP/1.0" 200 4293 "http://sovdom.com/catalog/index2103.htm" "Mozilla/5.0 (Linux; Android 9; TECNO KC6 Build/PPR1.180610.011; wv) AppleWebKit/537.36 (KHTML, like Gecko) Version/4.0 Chrome/83.0.4103.106 Mobile Safari/537.36 YandexSearch/7.80 YandexSearchBrowser/7.80"
213.87.144.52 - - [01/Sep/2020:06:27:33 +0300] "GET /catalog/list2137.htm HTTP/1.0" 200 16289 "http://sovdom.com/catalog/index2136.htm" "Mozilla/5.0 (Linux; Android 9; TECNO KC6 Build/PPR1.180610.011; wv) AppleWebKit/537.36 (KHTML, like Gecko) Version/4.0 Chrome/83.0.4103.106 Mobile Safari/537.36 YandexSearch/7.80 YandexSearchBrowser/7.80"
178.154.200.135 - - [01/Sep/2020:06:28:09 +0300] "GET /articles/detail325481.htm HTTP/1.0" 200 18844 "-" "Mozilla/5.0 (compatible; YandexBot/3.0; +http://yandex.com/bots)"
213.87.144.52 - - [01/Sep/2020:06:28:45 +0300] "GET /catalog/detail.php?ID=22348 HTTP/1.0" 200 7631 "http://sovdom.com/catalog/list2137.htm" "Mozilla/5.0 (Linux; Android 9; TECNO KC6 Build/PPR1.180610.011; wv) AppleWebKit/537.36 (KHTML, like Gecko) Version/4.0 Chrome/83.0.4103.106 Mobile Safari/537.36 YandexSearch/7.80 YandexSearchBrowser/7.80"
213.87.144.52 - - [01/Sep/2020:06:28:53 +0300] "GET /catalog/list2137.htm HTTP/1.0" 200 16597 "http://sovdom.com/catalog/index2136.htm" "Mozilla/5.0 (Linux; Android 9; TECNO KC6 Build/PPR1.180610.011; wv) AppleWebKit/537.36 (KHTML, like Gecko) Version/4.0 Chrome/83.0.4103.106 Mobile Safari/537.36 YandexSearch/7.80 YandexSearchBrowser/7.80"
213.87.144.52 - - [01/Sep/2020:06:29:37 +0300] "GET /catalog/detail.php?ID=333475 HTTP/1.0" 200 7729 "http://sovdom.com/catalog/list2137.htm" "Mozilla/5.0 (Linux; Android 9; TECNO KC6 Build/PPR1.180610.011; wv) AppleWebKit/537.36 (KHTML, like Gecko) Version/4.0 Chrome/83.0.4103.106 Mobile Safari/537.36 YandexSearch/7.80 YandexSearchBrowser/7.80"
213.87.144.52 - - [01/Sep/2020:06:31:44 +0300] "GET /catalog/list2137.htm HTTP/1.0" 200 16670 "http://sovdom.com/catalog/index2136.htm" "Mozilla/5.0 (Linux; Android 9; TECNO KC6 Build/PPR1.180610.011; wv) AppleWebKit/537.36 (KHTML, like Gecko) Version/4.0 Chrome/83.0.4103.106 Mobile Safari/537.36 YandexSearch/7.80 YandexSearchBrowser/7.80"
84.42.74.143 - - [01/Sep/2020:06:31:46 +0300] "GET /catalog/detail.php?ID=336895 HTTP/1.0" 200 7165 "-" "Mozilla/5.0 (Linux; U; Android 9; zh-CN; MZ-meizu note9 Build/MRA58K) AppleWebKit/537.36 (KHTML, like Gecko) Version/4.0 Chrome/57.0.2987.108 MZBrowser/8.3.110-2020082018 UWS/2.15.0.4 Mobile Safari/537.36"
84.42.74.143 - - [01/Sep/2020:06:31:46 +0300] "GET /catalog/detail.php?ID=337776 HTTP/1.0" 200 7025 "-" "Mozilla/5.0 (Linux; U; Android 9; zh-CN; MZ-meizu note9 Build/MRA58K) AppleWebKit/537.36 (KHTML, like Gecko) Version/4.0 Chrome/57.0.2987.108 MZBrowser/8.3.110-2020082018 UWS/2.15.0.4 Mobile Safari/537.36"
84.42.74.143 - - [01/Sep/2020:06:31:46 +0300] "GET /catalog/list2550.htm?sort=CATALOG_PRICE_1&show=list&Cfilter_P1_MIN=5070&Cfilter_P1_MAX=11950&Cfilter_3077_2111387035=Y&Cfilter_3077_3939496402=Y&Cfilter_3077_3337308609=Y&Cfilter_3077_2071868439=Y&Cfilter_3077_2733906860=Y&Cfilter_3077_2344962509=Y&Cfilter_3077_576772530=Y&Cfilter_3077_392770643=Y&set_filter=%D0%9E%D1%82%D0%BE%D0%B1%D1%80%D0%B0%D1%82%D1%8C HTTP/1.0" 200 16452 "http://sovdom.com/catalog/list2550.htm?sort=CATALOG_PRICE_1&show=list&Cfilter_P1_MIN=3339&Cfilter_P1_MAX=11950&set_filter=%D0%9E%D1%82%D0%BE%D0%B1%D1%80%D0%B0%D1%82%D1%8C" "Mozilla/5.0 (Linux; U; Android 9; zh-CN; MZ-meizu note9 Build/MRA58K) AppleWebKit/537.36 (KHTML, like Gecko) Version/4.0 Chrome/57.0.2987.108 MZBrowser/8.3.110-2020082018 UWS/2.15.0.4 Mobile Safari/537.36"
213.87.144.52 - - [01/Sep/2020:06:31:54 +0300] "GET /catalog/detail.php?ID=22790 HTTP/1.0" 200 7924 "http://sovdom.com/catalog/list2137.htm" "Mozilla/5.0 (Linux; Android 9; TECNO KC6 Build/PPR1.180610.011; wv) AppleWebKit/537.36 (KHTML, like Gecko) Version/4.0 Chrome/83.0.4103.106 Mobile Safari/537.36 YandexSearch/7.80 YandexSearchBrowser/7.80"
178.154.200.135 - - [01/Sep/2020:06:32:19 +0300] "GET /catalog/list2221.htm HTTP/1.0" 200 39946 "-" "Mozilla/5.0 (compatible; YandexBot/3.0; +http://yandex.com/bots)"
5.45.207.76 - - [01/Sep/2020:06:32:23 +0300] "GET / HTTP/1.0" 301 306 "-" "Mozilla/5.0 (compatible; YandexMetrika/2.0; +http://yandex.com/bots yabs01)"
178.154.200.135 - - [01/Sep/2020:06:32:23 +0300] "GET / HTTP/1.0" 200 79611 "-" "Mozilla/5.0 (compatible; YandexMetrika/2.0; +http://yandex.com/bots yabs01)"
213.87.144.52 - - [01/Sep/2020:06:34:19 +0300] "GET /catalog/list2137.htm HTTP/1.0" 200 16731 "http://sovdom.com/catalog/index2136.htm" "Mozilla/5.0 (Linux; Android 9; TECNO KC6 Build/PPR1.180610.011; wv) AppleWebKit/537.36 (KHTML, like Gecko) Version/4.0 Chrome/83.0.4103.106 Mobile Safari/537.36 YandexSearch/7.80 YandexSearchBrowser/7.80"
213.87.144.52 - - [01/Sep/2020:06:34:42 +0300] "GET /catalog/index2136.htm HTTP/1.0" 200 4796 "http://sovdom.com/catalog/index2103.htm" "Mozilla/5.0 (Linux; Android 9; TECNO KC6 Build/PPR1.180610.011; wv) AppleWebKit/537.36 (KHTML, like Gecko) Version/4.0 Chrome/83.0.4103.106 Mobile Safari/537.36 YandexSearch/7.80 YandexSearchBrowser/7.80"
213.87.144.52 - - [01/Sep/2020:06:34:49 +0300] "GET /catalog/list2137.htm HTTP/1.0" 200 16734 "http://sovdom.com/catalog/index2136.htm" "Mozilla/5.0 (Linux; Android 9; TECNO KC6 Build/PPR1.180610.011; wv) AppleWebKit/537.36 (KHTML, like Gecko) Version/4.0 Chrome/83.0.4103.106 Mobile Safari/537.36 YandexSearch/7.80 YandexSearchBrowser/7.80"
176.59.45.85 - - [01/Sep/2020:06:34:51 +0300] "GET /catalog/list2184.htm HTTP/1.0" 200 17863 "http://sovdom.com/catalog/index2178.htm" "Mozilla/5.0 (Linux; U; Android 9; ru-ru; Redmi 8A Build/PKQ1.190319.001) AppleWebKit/537.36 (KHTML, like Gecko) Version/4.0 Chrome/71.0.3578.141 Mobile Safari/537.36 XiaoMi/MiuiBrowser/12.4.3-g"
178.154.200.135 - - [01/Sep/2020:06:35:24 +0300] "GET /catalog/list2030.htm HTTP/1.0" 200 35880 "-" "Mozilla/5.0 (compatible; YandexBot/3.0; +http://yandex.com/bots)"
178.154.200.135 - - [01/Sep/2020:06:35:25 +0300] "GET /catalog/index2036.htm HTTP/1.0" 200 19462 "-" "Mozilla/5.0 (compatible; YandexBot/3.0; +http://yandex.com/bots)"
178.154.200.154 - - [01/Sep/2020:06:35:25 +0300] "GET /catalog/list2080.htm HTTP/1.0" 200 41971 "-" "Mozilla/5.0 (compatible; YandexBot/3.0; +http://yandex.com/bots)"
178.154.200.135 - - [01/Sep/2020:06:35:29 +0300] "GET /bitrix/tools/captcha.php?captcha_sid=0bdceb3f1b420f1b9fdb1f8cbf91537b HTTP/1.0" 200 3959 "-" "Mozilla/5.0 (compatible; YandexImages/3.0; +http://yandex.com/bots)"
178.154.200.154 - - [01/Sep/2020:06:35:30 +0300] "GET /catalog/list2067.htm HTTP/1.0" 200 41258 "-" "Mozilla/5.0 (compatible; YandexBot/3.0; +http://yandex.com/bots)"
178.154.200.135 - - [01/Sep/2020:06:35:31 +0300] "GET /catalog/list2110.htm HTTP/1.0" 200 30694 "-" "Mozilla/5.0 (compatible; YandexBot/3.0; +http://yandex.com/bots)"
178.154.200.154 - - [01/Sep/2020:06:35:32 +0300] "GET /catalog/list2329.htm HTTP/1.0" 200 27304 "-" "Mozilla/5.0 (compatible; YandexBot/3.0; +http://yandex.com/bots)"
178.154.200.135 - - [01/Sep/2020:06:35:32 +0300] "GET /catalog/list2454.htm HTTP/1.0" 200 39285 "-" "Mozilla/5.0 (compatible; YandexBot/3.0; +http://yandex.com/bots)"
178.154.200.154 - - [01/Sep/2020:06:35:33 +0300] "GET /catalog/list2113.htm HTTP/1.0" 200 37151 "-" "Mozilla/5.0 (compatible; YandexBot/3.0; +http://yandex.com/bots)"
178.154.200.135 - - [01/Sep/2020:06:35:34 +0300] "GET /catalog/list2012.htm HTTP/1.0" 200 40973 "-" "Mozilla/5.0 (compatible; YandexBot/3.0; +http://yandex.com/bots)"
178.154.200.154 - - [01/Sep/2020:06:35:35 +0300] "GET /catalog/list2104.htm HTTP/1.0" 200 31984 "-" "Mozilla/5.0 (compatible; YandexBot/3.0; +http://yandex.com/bots)"
178.154.200.135 - - [01/Sep/2020:06:35:37 +0300] "GET /catalog/list2395.htm HTTP/1.0" 200 41774 "-" "Mozilla/5.0 (compatible; YandexBot/3.0; +http://yandex.com/bots)"
178.154.200.154 - - [01/Sep/2020:06:35:38 +0300] "GET /catalog/list2184.htm HTTP/1.0" 200 36173 "-" "Mozilla/5.0 (compatible; YandexBot/3.0; +http://yandex.com/bots)"
178.154.200.135 - - [01/Sep/2020:06:35:39 +0300] "GET /catalog/list2098.htm HTTP/1.0" 200 29147 "-" "Mozilla/5.0 (compatible; YandexBot/3.0; +http://yandex.com/bots)"
178.154.200.154 - - [01/Sep/2020:06:35:41 +0300] "GET /catalog/list2086.htm HTTP/1.0" 200 22457 "-" "Mozilla/5.0 (compatible; YandexBot/3.0; +http://yandex.com/bots)"
178.154.200.135 - - [01/Sep/2020:06:35:41 +0300] "GET /catalog/list2124.htm HTTP/1.0" 200 26417 "-" "Mozilla/5.0 (compatible; YandexBot/3.0; +http://yandex.com/bots)"
178.154.200.154 - - [01/Sep/2020:06:35:42 +0300] "GET /catalog/list2114.htm HTTP/1.0" 200 39680 "-" "Mozilla/5.0 (compatible; YandexBot/3.0; +http://yandex.com/bots)"
178.154.200.135 - - [01/Sep/2020:06:35:43 +0300] "GET /catalog/list2091.htm HTTP/1.0" 200 27378 "-" "Mozilla/5.0 (compatible; YandexBot/3.0; +http://yandex.com/bots)"
178.154.200.154 - - [01/Sep/2020:06:35:44 +0300] "GET /catalog/list2162.htm HTTP/1.0" 200 39845 "-" "Mozilla/5.0 (compatible; YandexBot/3.0; +http://yandex.com/bots)"
178.154.200.135 - - [01/Sep/2020:06:35:45 +0300] "GET /catalog/list2149.htm HTTP/1.0" 200 41553 "-" "Mozilla/5.0 (compatible; YandexBot/3.0; +http://yandex.com/bots)"
178.154.200.154 - - [01/Sep/2020:06:35:46 +0300] "GET /catalog/index2083.htm HTTP/1.0" 200 19707 "-" "Mozilla/5.0 (compatible; YandexBot/3.0; +http://yandex.com/bots)"
178.154.200.135 - - [01/Sep/2020:06:35:47 +0300] "GET /catalog/list2339.htm HTTP/1.0" 200 20329 "-" "Mozilla/5.0 (compatible; YandexBot/3.0; +http://yandex.com/bots)"
178.154.200.154 - - [01/Sep/2020:06:35:47 +0300] "GET /catalog/list2167.htm HTTP/1.0" 200 41910 "-" "Mozilla/5.0 (compatible; YandexBot/3.0; +http://yandex.com/bots)"
178.154.200.135 - - [01/Sep/2020:06:35:49 +0300] "GET /catalog/index2002.htm HTTP/1.0" 200 19507 "-" "Mozilla/5.0 (compatible; YandexBot/3.0; +http://yandex.com/bots)"
178.154.200.154 - - [01/Sep/2020:06:35:50 +0300] "GET /catalog/index2503.htm HTTP/1.0" 200 18944 "-" "Mozilla/5.0 (compatible; YandexBot/3.0; +http://yandex.com/bots)"
178.154.200.135 - - [01/Sep/2020:06:35:50 +0300] "GET /catalog/list2183.htm HTTP/1.0" 200 43100 "-" "Mozilla/5.0 (compatible; YandexBot/3.0; +http://yandex.com/bots)"
178.154.200.135 - - [01/Sep/2020:06:35:52 +0300] "GET /catalog/list2169.htm HTTP/1.0" 200 37362 "-" "Mozilla/5.0 (compatible; YandexBot/3.0; +http://yandex.com/bots)"
178.154.200.135 - - [01/Sep/2020:06:35:54 +0300] "GET /about/shops.htm HTTP/1.0" 200 21821 "-" "Mozilla/5.0 (compatible; YandexBot/3.0; +http://yandex.com/bots)"
178.154.200.154 - - [01/Sep/2020:06:35:54 +0300] "GET /catalog/list2474.htm HTTP/1.0" 200 34203 "-" "Mozilla/5.0 (compatible; YandexBot/3.0; +http://yandex.com/bots)"
178.154.200.135 - - [01/Sep/2020:06:35:55 +0300] "GET /catalog/list2182.htm HTTP/1.0" 200 36892 "-" "Mozilla/5.0 (compatible; YandexBot/3.0; +http://yandex.com/bots)"
178.154.200.154 - - [01/Sep/2020:06:35:56 +0300] "GET /catalog/list2476.htm HTTP/1.0" 200 41731 "-" "Mozilla/5.0 (compatible; YandexBot/3.0; +http://yandex.com/bots)"
178.154.200.135 - - [01/Sep/2020:06:35:57 +0300] "GET /catalog/list2394.htm HTTP/1.0" 200 42911 "-" "Mozilla/5.0 (compatible; YandexBot/3.0; +http://yandex.com/bots)"
178.154.200.154 - - [01/Sep/2020:06:35:59 +0300] "GET /catalog/list2118.htm HTTP/1.0" 200 38760 "-" "Mozilla/5.0 (compatible; YandexBot/3.0; +http://yandex.com/bots)"
178.154.200.135 - - [01/Sep/2020:06:36:00 +0300] "GET /catalog/index2103.htm HTTP/1.0" 200 21678 "-" "Mozilla/5.0 (compatible; YandexBot/3.0; +http://yandex.com/bots)"
178.154.200.135 - - [01/Sep/2020:06:36:06 +0300] "GET /catalog/index2031.htm HTTP/1.0" 200 18805 "-" "Mozilla/5.0 (compatible; YandexBot/3.0; +http://yandex.com/bots)"
178.154.200.135 - - [01/Sep/2020:06:36:07 +0300] "GET /catalog/list2032.htm HTTP/1.0" 200 42223 "-" "Mozilla/5.0 (compatible; YandexBot/3.0; +http://yandex.com/bots)"
178.154.200.154 - - [01/Sep/2020:06:36:08 +0300] "GET /catalog/list2424.htm HTTP/1.0" 200 30312 "-" "Mozilla/5.0 (compatible; YandexBot/3.0; +http://yandex.com/bots)"
178.154.200.135 - - [01/Sep/2020:06:36:09 +0300] "GET /catalog/detail.php?ID=342997 HTTP/1.0" 200 20896 "-" "Mozilla/5.0 (compatible; YandexBot/3.0; +http://yandex.com/bots)"
178.154.200.135 - - [01/Sep/2020:06:36:14 +0300] "GET /bitrix/tools/captcha.php?captcha_sid=09341e6481f4f45101d2410a52be152b HTTP/1.0" 200 3814 "-" "Mozilla/5.0 (compatible; YandexImages/3.0; +http://yandex.com/bots)"
178.154.200.135 - - [01/Sep/2020:06:36:14 +0300] "GET /bitrix/tools/captcha.php?captcha_sid=09be01089fffa2f831b7ab9b0b9ad8e2 HTTP/1.0" 200 4063 "-" "Mozilla/5.0 (compatible; YandexImages/3.0; +http://yandex.com/bots)"
213.87.144.52 - - [01/Sep/2020:06:36:15 +0300] "GET /catalog/detail.php?ID=19409 HTTP/1.0" 200 8333 "http://sovdom.com/catalog/list2137.htm" "Mozilla/5.0 (Linux; Android 9; TECNO KC6 Build/PPR1.180610.011; wv) AppleWebKit/537.36 (KHTML, like Gecko) Version/4.0 Chrome/83.0.4103.106 Mobile Safari/537.36 YandexSearch/7.80 YandexSearchBrowser/7.80"
178.154.200.154 - - [01/Sep/2020:06:36:16 +0300] "GET /catalog/list2280.htm HTTP/1.0" 200 20379 "-" "Mozilla/5.0 (compatible; YandexBot/3.0; +http://yandex.com/bots)"
178.154.200.135 - - [01/Sep/2020:06:36:34 +0300] "GET /catalog/list2327.htm HTTP/1.0" 200 34202 "-" "Mozilla/5.0 (compatible; YandexBot/3.0; +http://yandex.com/bots)"
178.154.200.154 - - [01/Sep/2020:06:36:34 +0300] "GET /catalog/list2299.htm HTTP/1.0" 200 18817 "-" "Mozilla/5.0 (compatible; YandexBot/3.0; +http://yandex.com/bots)"
178.154.200.135 - - [01/Sep/2020:06:36:35 +0300] "GET /catalog/index2063.htm HTTP/1.0" 200 19169 "-" "Mozilla/5.0 (compatible; YandexBot/3.0; +http://yandex.com/bots)"
178.154.200.135 - - [01/Sep/2020:06:36:41 +0300] "GET /bitrix/tools/captcha.php?captcha_sid=0cd3532363c3cccd172bf70014a0a06b HTTP/1.0" 200 3910 "-" "Mozilla/5.0 (compatible; YandexBot/3.0; +http://yandex.com/bots)"
178.154.200.135 - - [01/Sep/2020:06:36:43 +0300] "GET /bitrix/tools/captcha.php?captcha_sid=0b9581f1560d806c394cc9cb7abba709 HTTP/1.0" 200 3958 "-" "Mozilla/5.0 (compatible; YandexImages/3.0; +http://yandex.com/bots)"
178.154.200.154 - - [01/Sep/2020:06:36:44 +0300] "GET /bitrix/tools/captcha.php?captcha_sid=04b020eddb6aa02fb0e4f5e6ca41a914 HTTP/1.0" 200 3851 "-" "Mozilla/5.0 (compatible; YandexBot/3.0; +http://yandex.com/bots)"
178.154.200.135 - - [01/Sep/2020:06:36:45 +0300] "GET /bitrix/tools/captcha.php?captcha_sid=0427b28dc00b7748641410662fad0060 HTTP/1.0" 200 3989 "-" "Mozilla/5.0 (compatible; YandexImages/3.0; +http://yandex.com/bots)"
178.154.200.135 - - [01/Sep/2020:06:36:53 +0300] "GET /bitrix/tools/captcha.php?captcha_sid=024c21779a3eba67213036b7f3fa4510 HTTP/1.0" 200 3931 "-" "Mozilla/5.0 (compatible; YandexImages/3.0; +http://yandex.com/bots)"
178.154.200.135 - - [01/Sep/2020:06:36:53 +0300] "GET /catalog/detail.php?ID=346304 HTTP/1.0" 200 21990 "-" "Mozilla/5.0 (compatible; YandexBot/3.0; +http://yandex.com/bots)"
178.154.200.154 - - [01/Sep/2020:06:36:54 +0300] "GET /catalog/detail.php?ID=346303 HTTP/1.0" 200 21978 "-" "Mozilla/5.0 (compatible; YandexBot/3.0; +http://yandex.com/bots)"
5.45.207.96 - - [01/Sep/2020:06:36:54 +0300] "GET /catalog/detail.php?ID=346302 HTTP/1.0" 200 22093 "-" "Mozilla/5.0 (compatible; YandexBot/3.0; +http://yandex.com/bots)"
178.154.200.135 - - [01/Sep/2020:06:36:55 +0300] "GET /bitrix/tools/captcha.php?captcha_sid=0c7b727cde0d85ef51598a59bd631993 HTTP/1.0" 200 3913 "-" "Mozilla/5.0 (compatible; YandexBot/3.0; +http://yandex.com/bots)"
178.154.200.135 - - [01/Sep/2020:06:36:57 +0300] "GET /bitrix/tools/captcha.php?captcha_sid=0f26b6d8ac4b8aafd6bf2f3234a3e37f HTTP/1.0" 200 3986 "-" "Mozilla/5.0 (compatible; YandexImages/3.0; +http://yandex.com/bots)"
178.154.200.154 - - [01/Sep/2020:06:36:57 +0300] "GET /catalog/detail.php?ID=346301 HTTP/1.0" 200 22122 "-" "Mozilla/5.0 (compatible; YandexBot/3.0; +http://yandex.com/bots)"
178.154.200.135 - - [01/Sep/2020:06:36:59 +0300] "GET /bitrix/tools/captcha.php?captcha_sid=01309e4889e7246ab661c7eb9ab87763 HTTP/1.0" 200 3833 "-" "Mozilla/5.0 (compatible; YandexBot/3.0; +http://yandex.com/bots)"
178.154.200.154 - - [01/Sep/2020:06:37:01 +0300] "GET /bitrix/tools/captcha.php?captcha_sid=0cb08c805b6b62179e99db7bf729f3f2 HTTP/1.0" 200 3906 "-" "Mozilla/5.0 (compatible; YandexImages/3.0; +http://yandex.com/bots)"
178.154.200.135 - - [01/Sep/2020:06:37:03 +0300] "GET /catalog/list2504.htm HTTP/1.0" 200 38993 "-" "Mozilla/5.0 (compatible; YandexBot/3.0; +http://yandex.com/bots)"
178.154.200.135 - - [01/Sep/2020:06:37:06 +0300] "GET /catalog/index2178.htm HTTP/1.0" 200 18985 "-" "Mozilla/5.0 (compatible; YandexBot/3.0; +http://yandex.com/bots)"
213.87.144.52 - - [01/Sep/2020:06:37:06 +0300] "GET /catalog/list2137.htm HTTP/1.0" 200 16781 "http://sovdom.com/catalog/index2136.htm" "Mozilla/5.0 (Linux; Android 9; TECNO KC6 Build/PPR1.180610.011; wv) AppleWebKit/537.36 (KHTML, like Gecko) Version/4.0 Chrome/83.0.4103.106 Mobile Safari/537.36 YandexSearch/7.80 YandexSearchBrowser/7.80"
178.154.200.135 - - [01/Sep/2020:06:37:08 +0300] "GET /bitrix/tools/captcha.php?captcha_sid=02caa73a58a7771d838564f24d492de7 HTTP/1.0" 200 3762 "-" "Mozilla/5.0 (compatible; YandexImages/3.0; +http://yandex.com/bots)"
178.154.200.135 - - [01/Sep/2020:06:37:11 +0300] "GET /catalog/list2507.htm HTTP/1.0" 200 41608 "-" "Mozilla/5.0 (compatible; YandexBot/3.0; +http://yandex.com/bots)"
178.154.200.135 - - [01/Sep/2020:06:37:16 +0300] "GET /catalog/list2427.htm HTTP/1.0" 200 22981 "-" "Mozilla/5.0 (compatible; YandexBot/3.0; +http://yandex.com/bots)"
213.87.144.52 - - [01/Sep/2020:06:37:16 +0300] "GET /catalog/detail.php?ID=22344 HTTP/1.0" 200 8230 "http://sovdom.com/catalog/list2137.htm" "Mozilla/5.0 (Linux; Android 9; TECNO KC6 Build/PPR1.180610.011; wv) AppleWebKit/537.36 (KHTML, like Gecko) Version/4.0 Chrome/83.0.4103.106 Mobile Safari/537.36 YandexSearch/7.80 YandexSearchBrowser/7.80"
178.154.200.135 - - [01/Sep/2020:06:37:28 +0300] "GET /bitrix/tools/captcha.php?captcha_sid=03ac20c46f05807fe53efb4a2997f867 HTTP/1.0" 200 3997 "-" "Mozilla/5.0 (compatible; YandexImages/3.0; +http://yandex.com/bots)"
178.154.200.135 - - [01/Sep/2020:06:37:28 +0300] "GET /catalog/index1999.htm HTTP/1.0" 200 18706 "-" "Mozilla/5.0 (compatible; YandexBot/3.0; +http://yandex.com/bots)"
178.154.200.154 - - [01/Sep/2020:06:37:29 +0300] "GET /bitrix/tools/captcha.php?captcha_sid=01041e86298e1f5db7fa1c0d5db0b86d HTTP/1.0" 200 3995 "-" "Mozilla/5.0 (compatible; YandexImages/3.0; +http://yandex.com/bots)"
178.154.200.135 - - [01/Sep/2020:06:37:32 +0300] "GET /catalog/list2387.htm HTTP/1.0" 200 35962 "-" "Mozilla/5.0 (compatible; YandexBot/3.0; +http://yandex.com/bots)"
178.154.200.135 - - [01/Sep/2020:06:37:37 +0300] "GET /catalog/detail.php?ID=344552 HTTP/1.0" 200 26310 "-" "Mozilla/5.0 (compatible; YandexBot/3.0; +http://yandex.com/bots)"
178.154.200.135 - - [01/Sep/2020:06:37:40 +0300] "GET /bitrix/tools/captcha.php?captcha_sid=0b3b1a2e5f71f91265a327f85db37b7e HTTP/1.0" 200 4092 "-" "Mozilla/5.0 (compatible; YandexBot/3.0; +http://yandex.com/bots)"
178.154.200.135 - - [01/Sep/2020:06:37:46 +0300] "GET /bitrix/tools/captcha.php?captcha_sid=0511cdc489f0232fe410b2ca89ab150a HTTP/1.0" 200 3981 "-" "Mozilla/5.0 (compatible; YandexImages/3.0; +http://yandex.com/bots)"
178.154.200.154 - - [01/Sep/2020:06:37:46 +0300] "GET /catalog/list2064.htm HTTP/1.0" 200 41684 "-" "Mozilla/5.0 (compatible; YandexBot/3.0; +http://yandex.com/bots)"
178.154.200.135 - - [01/Sep/2020:06:37:53 +0300] "GET /bitrix/tools/captcha.php?captcha_sid=0cbe9eaedccbabd331290af19fb6c581 HTTP/1.0" 200 3993 "-" "Mozilla/5.0 (compatible; YandexImages/3.0; +http://yandex.com/bots)"
178.154.200.154 - - [01/Sep/2020:06:37:54 +0300] "GET /bitrix/tools/captcha.php?captcha_sid=02875fb378fcdf9dbb4866b53c808b5f HTTP/1.0" 200 3941 "-" "Mozilla/5.0 (compatible; YandexImages/3.0; +http://yandex.com/bots)"
178.154.200.135 - - [01/Sep/2020:06:37:54 +0300] "GET /bitrix/tools/captcha.php?captcha_sid=0020ad47e8a55dbe697a4c59cf18fff1 HTTP/1.0" 200 4072 "-" "Mozilla/5.0 (compatible; YandexImages/3.0; +http://yandex.com/bots)"
178.154.200.154 - - [01/Sep/2020:06:37:55 +0300] "GET /bitrix/tools/captcha.php?captcha_sid=07666ca7a0a0a417a7d3505922763a33 HTTP/1.0" 200 3991 "-" "Mozilla/5.0 (compatible; YandexImages/3.0; +http://yandex.com/bots)"
5.45.207.96 - - [01/Sep/2020:06:37:55 +0300] "GET /catalog/list2004.htm HTTP/1.0" 200 41416 "-" "Mozilla/5.0 (compatible; YandexBot/3.0; +http://yandex.com/bots)"
178.154.200.154 - - [01/Sep/2020:06:37:57 +0300] "GET /catalog/list2151.htm HTTP/1.0" 200 29999 "-" "Mozilla/5.0 (compatible; YandexBot/3.0; +http://yandex.com/bots)"
178.154.200.135 - - [01/Sep/2020:06:38:00 +0300] "GET /bitrix/tools/captcha.php?captcha_sid=03b5e91c194e35952291ef9eaff1d78a HTTP/1.0" 200 3889 "-" "Mozilla/5.0 (compatible; YandexImages/3.0; +http://yandex.com/bots)"
178.154.200.135 - - [01/Sep/2020:06:38:00 +0300] "GET /catalog/list2187.htm HTTP/1.0" 200 27290 "-" "Mozilla/5.0 (compatible; YandexBot/3.0; +http://yandex.com/bots)"
178.154.200.154 - - [01/Sep/2020:06:38:01 +0300] "GET /catalog/list2034.htm HTTP/1.0" 200 42704 "-" "Mozilla/5.0 (compatible; YandexBot/3.0; +http://yandex.com/bots)"
178.154.200.135 - - [01/Sep/2020:06:38:02 +0300] "GET /bitrix/tools/captcha.php?captcha_sid=05c75c8440ba4a550f75e1d28ef42d98 HTTP/1.0" 200 3986 "-" "Mozilla/5.0 (compatible; YandexImages/3.0; +http://yandex.com/bots)"
178.154.200.154 - - [01/Sep/2020:06:38:02 +0300] "GET /bitrix/tools/captcha.php?captcha_sid=00b02a804eb5c3999326ad7ed4f9b21f HTTP/1.0" 200 3979 "-" "Mozilla/5.0 (compatible; YandexImages/3.0; +http://yandex.com/bots)"
178.154.200.154 - - [01/Sep/2020:06:38:03 +0300] "GET /catalog/list2463.htm HTTP/1.0" 200 33697 "-" "Mozilla/5.0 (compatible; YandexBot/3.0; +http://yandex.com/bots)"
178.154.200.135 - - [01/Sep/2020:06:38:05 +0300] "GET /catalog/list2101.htm HTTP/1.0" 200 41508 "-" "Mozilla/5.0 (compatible; YandexBot/3.0; +http://yandex.com/bots)"
178.154.200.135 - - [01/Sep/2020:06:38:06 +0300] "GET /catalog/list2196.htm HTTP/1.0" 200 32305 "-" "Mozilla/5.0 (compatible; YandexBot/3.0; +http://yandex.com/bots)"
178.154.200.154 - - [01/Sep/2020:06:38:07 +0300] "GET /catalog/list2069.htm HTTP/1.0" 200 32823 "-" "Mozilla/5.0 (compatible; YandexBot/3.0; +http://yandex.com/bots)"
178.154.200.135 - - [01/Sep/2020:06:38:08 +0300] "GET /catalog/list2374.htm HTTP/1.0" 200 40599 "-" "Mozilla/5.0 (compatible; YandexBot/3.0; +http://yandex.com/bots)"
178.154.200.135 - - [01/Sep/2020:06:38:10 +0300] "GET /catalog/index2028.htm HTTP/1.0" 200 18733 "-" "Mozilla/5.0 (compatible; YandexBot/3.0; +http://yandex.com/bots)"
178.154.200.135 - - [01/Sep/2020:06:38:11 +0300] "GET /catalog/list2154.htm HTTP/1.0" 200 34926 "-" "Mozilla/5.0 (compatible; YandexBot/3.0; +http://yandex.com/bots)"
178.154.200.135 - - [01/Sep/2020:06:38:13 +0300] "GET /bitrix/tools/captcha.php?captcha_sid=0db71a362450c6fc28352313c270ffcf HTTP/1.0" 200 3972 "-" "Mozilla/5.0 (compatible; YandexImages/3.0; +http://yandex.com/bots)"
178.154.200.135 - - [01/Sep/2020:06:38:13 +0300] "GET /catalog/index2500.htm HTTP/1.0" 200 19961 "-" "Mozilla/5.0 (compatible; YandexBot/3.0; +http://yandex.com/bots)"
178.154.200.154 - - [01/Sep/2020:06:38:14 +0300] "GET /bitrix/tools/captcha.php?captcha_sid=0e088f92a4e45b9d18c4f951c5cadbee HTTP/1.0" 200 3848 "-" "Mozilla/5.0 (compatible; YandexImages/3.0; +http://yandex.com/bots)"
178.154.200.135 - - [01/Sep/2020:06:38:15 +0300] "GET /bitrix/tools/captcha.php?captcha_sid=0dfe7c81f32b96509e2a9c425c100711 HTTP/1.0" 200 3901 "-" "Mozilla/5.0 (compatible; YandexBot/3.0; +http://yandex.com/bots)"
178.154.200.135 - - [01/Sep/2020:06:38:21 +0300] "GET /bitrix/tools/captcha.php?captcha_sid=0d559c833462452f9de511cb4f8b9b38 HTTP/1.0" 200 3990 "-" "Mozilla/5.0 (compatible; YandexBot/3.0; +http://yandex.com/bots)"
83.220.236.174 - - [01/Sep/2020:06:38:21 +0300] "GET /catalog/ HTTP/1.0" 200 4767 "https://www.google.com/" "Mozilla/5.0 (Linux; Android 10; Redmi Note 7) AppleWebKit/537.36 (KHTML, like Gecko) Chrome/84.0.4147.125 Mobile Safari/537.36"
178.154.200.135 - - [01/Sep/2020:06:38:22 +0300] "GET /bitrix/tools/captcha.php?captcha_sid=0febc6e4f7ed5e12237a3614b18624f7 HTTP/1.0" 200 4045 "-" "Mozilla/5.0 (compatible; YandexImages/3.0; +http://yandex.com/bots)"
178.154.200.154 - - [01/Sep/2020:06:38:23 +0300] "GET /bitrix/tools/captcha.php?captcha_sid=0f400e2193ad99bbe999c6a8cb202514 HTTP/1.0" 200 3887 "-" "Mozilla/5.0 (compatible; YandexImages/3.0; +http://yandex.com/bots)"
83.220.236.174 - - [01/Sep/2020:06:38:35 +0300] "GET /catalog/index2070.htm HTTP/1.0" 200 4422 "http://sovdom.com/catalog/" "Mozilla/5.0 (Linux; Android 10; Redmi Note 7) AppleWebKit/537.36 (KHTML, like Gecko) Chrome/84.0.4147.125 Mobile Safari/537.36"
83.220.236.174 - - [01/Sep/2020:06:38:41 +0300] "GET /catalog/ HTTP/1.0" 200 4767 "https://www.google.com/" "Mozilla/5.0 (Linux; Android 10; Redmi Note 7) AppleWebKit/537.36 (KHTML, like Gecko) Chrome/84.0.4147.125 Mobile Safari/537.36"
83.220.236.174 - - [01/Sep/2020:06:38:44 +0300] "GET /catalog/index2178.htm HTTP/1.0" 200 4406 "http://sovdom.com/catalog/" "Mozilla/5.0 (Linux; Android 10; Redmi Note 7) AppleWebKit/537.36 (KHTML, like Gecko) Chrome/84.0.4147.125 Mobile Safari/537.36"
178.154.200.135 - - [01/Sep/2020:06:38:50 +0300] "GET /bitrix/tools/captcha.php?captcha_sid=030f05e51d7e6202bdd70ceea652a2ae HTTP/1.0" 200 3885 "-" "Mozilla/5.0 (compatible; YandexImages/3.0; +http://yandex.com/bots)"
83.220.236.174 - - [01/Sep/2020:06:38:49 +0300] "GET /catalog/list2184.htm HTTP/1.0" 200 18045 "http://sovdom.com/catalog/index2178.htm" "Mozilla/5.0 (Linux; Android 10; Redmi Note 7) AppleWebKit/537.36 (KHTML, like Gecko) Chrome/84.0.4147.125 Mobile Safari/537.36"
213.87.144.52 - - [01/Sep/2020:06:38:50 +0300] "GET /catalog/list2137.htm HTTP/1.0" 200 16840 "http://sovdom.com/catalog/index2136.htm" "Mozilla/5.0 (Linux; Android 9; TECNO KC6 Build/PPR1.180610.011; wv) AppleWebKit/537.36 (KHTML, like Gecko) Version/4.0 Chrome/83.0.4103.106 Mobile Safari/537.36 YandexSearch/7.80 YandexSearchBrowser/7.80"
178.154.200.135 - - [01/Sep/2020:06:38:56 +0300] "GET /bitrix/tools/captcha.php?captcha_sid=0f8817470ef99d5d1095199e9e236b2c HTTP/1.0" 200 3775 "-" "Mozilla/5.0 (compatible; YandexImages/3.0; +http://yandex.com/bots)"
178.154.200.154 - - [01/Sep/2020:06:38:57 +0300] "GET /bitrix/tools/captcha.php?captcha_sid=0aab2d58b6a31a3d0b8f219b3b88003a HTTP/1.0" 200 3900 "-" "Mozilla/5.0 (compatible; YandexImages/3.0; +http://yandex.com/bots)"
178.154.200.135 - - [01/Sep/2020:06:38:57 +0300] "GET /bitrix/tools/captcha.php?captcha_sid=082f51cf723f5d1a3ba0f5ffdc4fe31b HTTP/1.0" 200 3954 "-" "Mozilla/5.0 (compatible; YandexImages/3.0; +http://yandex.com/bots)"
178.154.200.154 - - [01/Sep/2020:06:38:57 +0300] "GET /catalog/detail.php?ID=16143 HTTP/1.0" 200 26388 "-" "Mozilla/5.0 (compatible; YandexBot/3.0; +http://yandex.com/bots)"
5.45.207.96 - - [01/Sep/2020:06:38:58 +0300] "GET /bitrix/tools/captcha.php?captcha_sid=0751962ad36a35c5c292a5906fb585e4 HTTP/1.0" 200 4022 "-" "Mozilla/5.0 (compatible; YandexImages/3.0; +http://yandex.com/bots)"
178.154.200.135 - - [01/Sep/2020:06:38:58 +0300] "GET /bitrix/tools/captcha.php?captcha_sid=0b0f025375d591a14a64e055ffe8d36d HTTP/1.0" 200 3986 "-" "Mozilla/5.0 (compatible; YandexImages/3.0; +http://yandex.com/bots)"
178.154.200.135 - - [01/Sep/2020:06:38:58 +0300] "GET /catalog/detail.php?ID=324325 HTTP/1.0" 200 26167 "-" "Mozilla/5.0 (compatible; YandexBot/3.0; +http://yandex.com/bots)"
178.154.200.154 - - [01/Sep/2020:06:38:59 +0300] "GET /bitrix/tools/captcha.php?captcha_sid=032e97f9977a5109d6e5a5405881b291 HTTP/1.0" 200 3806 "-" "Mozilla/5.0 (compatible; YandexImages/3.0; +http://yandex.com/bots)"
5.45.207.96 - - [01/Sep/2020:06:38:59 +0300] "GET /bitrix/tools/captcha.php?captcha_sid=0bddd26bd83b676ebef2b644c2fb7019 HTTP/1.0" 200 3943 "-" "Mozilla/5.0 (compatible; YandexBot/3.0; +http://yandex.com/bots)"
178.154.200.135 - - [01/Sep/2020:06:39:18 +0300] "GET /bitrix/tools/captcha.php?captcha_sid=082848880b767f6735fadafaeef87208 HTTP/1.0" 200 3907 "-" "Mozilla/5.0 (compatible; YandexImages/3.0; +http://yandex.com/bots)"
83.220.236.174 - - [01/Sep/2020:06:39:35 +0300] "GET /catalog/index2178.htm HTTP/1.0" 200 4406 "http://sovdom.com/catalog/" "Mozilla/5.0 (Linux; Android 10; Redmi Note 7) AppleWebKit/537.36 (KHTML, like Gecko) Chrome/84.0.4147.125 Mobile Safari/537.36"
83.220.236.174 - - [01/Sep/2020:06:39:38 +0300] "GET /catalog/list2184.htm HTTP/1.0" 200 18047 "http://sovdom.com/catalog/index2178.htm" "Mozilla/5.0 (Linux; Android 10; Redmi Note 7) AppleWebKit/537.36 (KHTML, like Gecko) Chrome/84.0.4147.125 Mobile Safari/537.36"
178.154.200.135 - - [01/Sep/2020:06:39:48 +0300] "GET /bitrix/tools/captcha.php?captcha_sid=09aba2029dd518c905c4e93a5a9bad85 HTTP/1.0" 200 4059 "-" "Mozilla/5.0 (compatible; YandexImages/3.0; +http://yandex.com/bots)"
83.220.236.174 - - [01/Sep/2020:06:39:50 +0300] "GET /catalog/list2184.htm?sort=CATALOG_PRICE_1 HTTP/1.0" 200 18015 "http://sovdom.com/catalog/list2184.htm" "Mozilla/5.0 (Linux; Android 10; Redmi Note 7) AppleWebKit/537.36 (KHTML, like Gecko) Chrome/84.0.4147.125 Mobile Safari/537.36"
178.154.200.135 - - [01/Sep/2020:06:40:04 +0300] "GET /bitrix/tools/captcha.php?captcha_sid=01fdee3625b2bbb2e4c5eb4ae8ac5254 HTTP/1.0" 200 3874 "-" "Mozilla/5.0 (compatible; YandexImages/3.0; +http://yandex.com/bots)"
176.59.50.183 - - [01/Sep/2020:06:39:49 +0300] "GET /catalog/list.php?catalog_q=%D0%A2%D1%80%D0%B8%D0%BC%D0%BC%D0%B5%D1%80 HTTP/1.0" 200 - "http://sovdom.com/" "Mozilla/5.0 (Linux; Android 8.0.0; SM-A530F Build/R16NW) AppleWebKit/537.36 (KHTML, like Gecko) Chrome/68.0.3440.91 Mobile Safari/537.36"
83.220.236.174 - - [01/Sep/2020:06:40:15 +0300] "GET /catalog/detail.php?ID=21405 HTTP/1.0" 200 7725 "http://sovdom.com/catalog/list2184.htm?sort=CATALOG_PRICE_1" "Mozilla/5.0 (Linux; Android 10; Redmi Note 7) AppleWebKit/537.36 (KHTML, like Gecko) Chrome/84.0.4147.125 Mobile Safari/537.36"
178.154.200.135 - - [01/Sep/2020:06:40:20 +0300] "GET /bitrix/tools/captcha.php?captcha_sid=0fe4e00d4f8287a6bf69e6eaa8be38a3 HTTP/1.0" 200 3851 "-" "Mozilla/5.0 (compatible; YandexImages/3.0; +http://yandex.com/bots)"
213.87.144.52 - - [01/Sep/2020:06:40:21 +0300] "GET /catalog/detail.php?ID=22343 HTTP/1.0" 200 8153 "http://sovdom.com/catalog/list2137.htm" "Mozilla/5.0 (Linux; Android 9; TECNO KC6 Build/PPR1.180610.011; wv) AppleWebKit/537.36 (KHTML, like Gecko) Version/4.0 Chrome/83.0.4103.106 Mobile Safari/537.36 YandexSearch/7.80 YandexSearchBrowser/7.80"
83.220.236.174 - - [01/Sep/2020:06:40:27 +0300] "GET /catalog/list2184.htm?sort=CATALOG_PRICE_1 HTTP/1.0" 200 18303 "http://sovdom.com/catalog/list2184.htm" "Mozilla/5.0 (Linux; Android 10; Redmi Note 7) AppleWebKit/537.36 (KHTML, like Gecko) Chrome/84.0.4147.125 Mobile Safari/537.36"
83.220.236.174 - - [01/Sep/2020:06:40:31 +0300] "GET /catalog/detail.php?ID=318264 HTTP/1.0" 200 7902 "http://sovdom.com/catalog/list2184.htm?sort=CATALOG_PRICE_1" "Mozilla/5.0 (Linux; Android 10; Redmi Note 7) AppleWebKit/537.36 (KHTML, like Gecko) Chrome/84.0.4147.125 Mobile Safari/537.36"
178.154.200.135 - - [01/Sep/2020:06:40:44 +0300] "GET /bitrix/tools/captcha.php?captcha_sid=0d82d1bbaef0ec9fa4163434feaa57ae HTTP/1.0" 200 3757 "-" "Mozilla/5.0 (compatible; YandexBot/3.0; +http://yandex.com/bots)"
93.159.230.28 - - [01/Sep/2020:06:40:45 +0300] "GET / HTTP/1.0" 200 79618 "-" "Mozilla/5.0 (Windows NT 10.0; Win64; x64) AppleWebKit/537.36 (KHTML, like Gecko) Chrome/71.0.3578.98 Safari/537.36"
178.154.200.135 - - [01/Sep/2020:06:40:47 +0300] "GET /bitrix/tools/captcha.php?captcha_sid=09a35613d1497e78723bdb968af08a4d HTTP/1.0" 200 3910 "-" "Mozilla/5.0 (compatible; YandexImages/3.0; +http://yandex.com/bots)"
95.163.36.6 - - [01/Sep/2020:06:41:02 +0300] "GET /sitemap_iblock_8.xml HTTP/1.0" 304 - "-" "Mozilla/5.0 (compatible; Linux x86_64; Mail.RU_Bot/Fast/2.0; +http://go.mail.ru/help/robots)"
157.55.39.157 - - [01/Sep/2020:06:41:09 +0300] "GET /articles/?PAGEN_341=8 HTTP/1.0" 200 19738 "-" "Mozilla/5.0 (compatible; bingbot/2.0; +http://www.bing.com/bingbot.htm)"
178.154.200.135 - - [01/Sep/2020:06:41:10 +0300] "GET /bitrix/tools/captcha.php?captcha_sid=0fc4dff5719bac3580994dffe3594bfd HTTP/1.0" 200 4006 "-" "Mozilla/5.0 (compatible; YandexImages/3.0; +http://yandex.com/bots)"
95.163.36.15 - - [01/Sep/2020:06:41:10 +0300] "GET /sitemap_iblock_12.xml HTTP/1.0" 304 - "-" "Mozilla/5.0 (compatible; Linux x86_64; Mail.RU_Bot/Fast/2.0; +http://go.mail.ru/help/robots)"
95.163.255.81 - - [01/Sep/2020:06:41:13 +0300] "GET /robots.txt HTTP/1.0" 200 4301 "-" "Mozilla/5.0 (compatible; Linux x86_64; Mail.RU_Bot/Img/2.0; +http://go.mail.ru/help/robots)"
83.220.236.174 - - [01/Sep/2020:06:41:13 +0300] "POST /catalog/add2basket.php HTTP/1.0" 200 24 "http://sovdom.com/catalog/detail.php?ID=318264" "Mozilla/5.0 (Linux; Android 10; Redmi Note 7) AppleWebKit/537.36 (KHTML, like Gecko) Chrome/84.0.4147.125 Mobile Safari/537.36"
83.220.236.174 - - [01/Sep/2020:06:41:13 +0300] "POST /catalog/basket_small.php HTTP/1.0" 200 75 "http://sovdom.com/catalog/detail.php?ID=318264" "Mozilla/5.0 (Linux; Android 10; Redmi Note 7) AppleWebKit/537.36 (KHTML, like Gecko) Chrome/84.0.4147.125 Mobile Safari/537.36"
